#
# A fatal error has been detected by the Java Runtime Environment:
#
#  EXCEPTION_ACCESS_VIOLATION (0xc0000005) at pc=0x00007ffd1483c569, pid=49900, tid=18252
#
# JRE version: Java(TM) SE Runtime Environment 18.9 (11.0.11+9) (build 11.0.11+9-LTS-194)
# Java VM: Java HotSpot(TM) 64-Bit Server VM 18.9 (11.0.11+9-LTS-194, mixed mode, tiered, compressed oops, g1 gc, windows-amd64)
# Problematic frame:
# V  [jvm.dll+0x23c569]
#
# No core dump will be written. Minidumps are not enabled by default on client versions of Windows
#
# If you would like to submit a bug report, please visit:
#   https://bugreport.java.com/bugreport/crash.jsp
#

---------------  S U M M A R Y ------------

Command Line: -agentlib:jdwp=transport=dt_socket,address=127.0.0.1:53010,suspend=y,server=n -Djava.library.path=versions/1.8.8/1.8.8-natives -javaagent:C:\Users\BIGDAD~1\AppData\Local\Temp\groovyHotSwap7934jars\gragent.jar -javaagent:C:\Users\BIGDAD~1\AppData\Local\Temp\captureAgent10045jars\debugger-agent.jar -Dfile.encoding=UTF-8 Start

Host: AMD Ryzen 7 3700X 8-Core Processor             , 16 cores, 31G,  Windows 10 , 64 bit Build 19041 (10.0.19041.1023)
Time: Tue Aug  3 02:26:04 2021 Eastern Daylight Time elapsed time: 1283.710188 seconds (0d 0h 21m 23s)

---------------  T H R E A D  ---------------

Current thread (0x0000027dcb71c000):  VMThread "VM Thread" [stack: 0x000000ff64700000,0x000000ff64800000] [id=18252]

Stack: [0x000000ff64700000,0x000000ff64800000],  sp=0x000000ff647fedb8,  free space=1019k
Native frames: (J=compiled Java code, j=interpreted, Vv=VM code, C=native code)
V  [jvm.dll+0x23c569]


siginfo: EXCEPTION_ACCESS_VIOLATION (0xc0000005), reading address 0x0000027de7607888


Register to memory mapping:

RIP=0x00007ffd1483c569 jvm.dll
RAX=0x0000000000031720 is an unknown value
RBX=0x000000ff647ff080 points into unknown readable memory: 58 8c e9 14 fd 7f 00 00
RCX=0x0000027de75d6168 is pointing into metadata
RDX=0x00000000000018b8 is an unknown value
RSP=0x000000ff647fedb8 points into unknown readable memory: e3 ba 91 14 fd 7f 00 00
RBP=0x0 is NULL
RSI=0x0000000000000001 is an unknown value
RDI=0x0000027de75d5580 is pointing into metadata
R8 =0x0 is NULL
R9 =0x0000027de75d5580 is pointing into metadata
R10=0x00000008003a6200 is a pointer to class: 
net.melonclient.client.utils.CustomTextRenderer {0x00000008003a6208}
R11=0x000000ff647fee20 points into unknown readable memory: 80 f0 7f 64 ff 00 00 00
R12=0x0000027dcc3c7b70 points into unknown readable memory: 00 00 00 00 bd 01 00 00
R13=0x00000000000005a0 is an unknown value
R14=0x0000027de75d2ca2 is pointing into metadata
R15=0x000000000000020a is an unknown value


Registers:
RAX=0x0000000000031720, RBX=0x000000ff647ff080, RCX=0x0000027de75d6168, RDX=0x00000000000018b8
RSP=0x000000ff647fedb8, RBP=0x0000000000000000, RSI=0x0000000000000001, RDI=0x0000027de75d5580
R8 =0x0000000000000000, R9 =0x0000027de75d5580, R10=0x00000008003a6200, R11=0x000000ff647fee20
R12=0x0000027dcc3c7b70, R13=0x00000000000005a0, R14=0x0000027de75d2ca2, R15=0x000000000000020a
RIP=0x00007ffd1483c569, EFLAGS=0x0000000000010212

Top of Stack: (sp=0x000000ff647fedb8)
0x000000ff647fedb8:   00007ffd1491bae3 000000ff647feec0
0x000000ff647fedc8:   00007ffd1471a31e 000000ff647ff080
0x000000ff647fedd8:   00007ffd1491ebdc 000000004fffffff
0x000000ff647fede8:   00007ffd1491fce7 000000ff647ff080
0x000000ff647fedf8:   00007ffd1491c353 0000ede8976d3b94
0x000000ff647fee08:   0000ede8976d3b84 0000027de75d2ca2
0x000000ff647fee18:   000000ff647feee0 000000ff647ff080
0x000000ff647fee28:   00007ffd1491dbfd 000000ff647ff080
0x000000ff647fee38:   00000000000001da 000000ff647fef10
0x000000ff647fee48:   00007ffd1491f450 00000000000001da
0x000000ff647fee58:   00007ffd1492fe7a 000000ff647feee0
0x000000ff647fee68:   6666666666666667 0000000000000000
0x000000ff647fee78:   0000027de75d2c7c 000000ff647feee0
0x000000ff647fee88:   00007ffd1471a31e 000000000000020a
0x000000ff647fee98:   0000027de75d2ca2 000000ff647fef10
0x000000ff647feea8:   00000000000000cb 00000000000000b4 

Instructions: (pc=0x00007ffd1483c569)
0x00007ffd1483c549:   c2 48 ff c0 48 c1 e0 05 48 8b 04 08 0f b7 c8 41
0x00007ffd1483c559:   0f b7 44 c9 42 c3 48 63 c2 48 ff c0 48 c1 e0 05
0x00007ffd1483c569:   48 8b 04 08 0f b7 d0 48 63 c2 41 0f b7 44 c1 42
0x00007ffd1483c579:   c3 49 8b 41 08 48 63 ca 0f b6 44 01 04 3c 12 74 


Stack slot to memory mapping:
stack at sp + 0 slots: 0x00007ffd1491bae3 jvm.dll
stack at sp + 1 slots: 0x000000ff647feec0 points into unknown readable memory: 10 ef 7f 64 ff 00 00 00
stack at sp + 2 slots: 0x00007ffd1471a31e jvm.dll
stack at sp + 3 slots: 0x000000ff647ff080 points into unknown readable memory: 58 8c e9 14 fd 7f 00 00
stack at sp + 4 slots: 0x00007ffd1491ebdc jvm.dll
stack at sp + 5 slots: 0x000000004fffffff is an unknown value
stack at sp + 6 slots: 0x00007ffd1491fce7 jvm.dll
stack at sp + 7 slots: 0x000000ff647ff080 points into unknown readable memory: 58 8c e9 14 fd 7f 00 00

VM_Operation (0x000000ff652ff6e0): GetOrSetLocal, mode: safepoint, requested by thread 0x0000027dcb9de000


---------------  P R O C E S S  ---------------

Threads class SMR info:
_java_thread_list=0x0000027dcc74f7b0, length=22, elements={
0x0000027d9cf84800, 0x0000027dcb71d000, 0x0000027dcb71e000, 0x0000027dcb798800,
0x0000027dcb79b800, 0x0000027dcb79e000, 0x0000027dcb7a2000, 0x0000027dcb7af800,
0x0000027dcb8a9800, 0x0000027dcb9de000, 0x0000027dcbb2a800, 0x0000027dcbbca800,
0x0000027dcbc28000, 0x0000027dcc6e1800, 0x0000027dcc6de000, 0x0000027dcc997800,
0x0000027dce839000, 0x0000027dd1352000, 0x0000027dda9e0800, 0x0000027dd6812800,
0x0000027dcce94000, 0x0000027ddf26b000
}

Java Threads: ( => current thread )
  0x0000027d9cf84800 JavaThread "Client thread" [_thread_blocked, id=51052, stack(0x000000ff64100000,0x000000ff64200000)]
  0x0000027dcb71d000 JavaThread "Reference Handler" daemon [_thread_blocked, id=43568, stack(0x000000ff64800000,0x000000ff64900000)]
  0x0000027dcb71e000 JavaThread "Finalizer" daemon [_thread_blocked, id=50516, stack(0x000000ff64900000,0x000000ff64a00000)]
  0x0000027dcb798800 JavaThread "Signal Dispatcher" daemon [_thread_blocked, id=21524, stack(0x000000ff64a00000,0x000000ff64b00000)]
  0x0000027dcb79b800 JavaThread "Attach Listener" daemon [_thread_blocked, id=49496, stack(0x000000ff64b00000,0x000000ff64c00000)]
  0x0000027dcb79e000 JavaThread "C2 CompilerThread0" daemon [_thread_blocked, id=44548, stack(0x000000ff64c00000,0x000000ff64d00000)]
  0x0000027dcb7a2000 JavaThread "C1 CompilerThread0" daemon [_thread_blocked, id=43036, stack(0x000000ff64d00000,0x000000ff64e00000)]
  0x0000027dcb7af800 JavaThread "Sweeper thread" daemon [_thread_blocked, id=50444, stack(0x000000ff64e00000,0x000000ff64f00000)]
  0x0000027dcb8a9800 JavaThread "Common-Cleaner" daemon [_thread_blocked, id=49936, stack(0x000000ff64f00000,0x000000ff65000000)]
  0x0000027dcb9de000 JavaThread "JDWP Transport Listener: dt_socket" daemon [_thread_blocked, id=39004, stack(0x000000ff65200000,0x000000ff65300000)] _threads_hazard_ptr=0x0000027dcc74f7b0
  0x0000027dcbb2a800 JavaThread "JDWP Event Helper Thread" daemon [_thread_blocked, id=35524, stack(0x000000ff65300000,0x000000ff65400000)]
  0x0000027dcbbca800 JavaThread "JDWP Command Reader" daemon [_thread_in_native, id=16388, stack(0x000000ff65400000,0x000000ff65500000)]
  0x0000027dcbc28000 JavaThread "Service Thread" daemon [_thread_blocked, id=46056, stack(0x000000ff65600000,0x000000ff65700000)]
  0x0000027dcc6e1800 JavaThread "Snooper Timer" daemon [_thread_blocked, id=46612, stack(0x000000ff65100000,0x000000ff65200000)]
  0x0000027dcc6de000 JavaThread "Snooper Timer" daemon [_thread_blocked, id=20224, stack(0x000000ff66600000,0x000000ff66700000)]
  0x0000027dcc997800 JavaThread "Timer hack thread" daemon [_thread_blocked, id=16992, stack(0x000000ff66c00000,0x000000ff66d00000)]
  0x0000027dce839000 JavaThread "Java2D Disposer" daemon [_thread_blocked, id=48900, stack(0x000000ff66d00000,0x000000ff66e00000)]
  0x0000027dd1352000 JavaThread "Thread-5" [_thread_blocked, id=50848, stack(0x000000ff67200000,0x000000ff67300000)]
  0x0000027dda9e0800 JavaThread "Thread-6" [_thread_blocked, id=45972, stack(0x000000ff65500000,0x000000ff65600000)]
  0x0000027dd6812800 JavaThread "Chunk Batcher 0" daemon [_thread_blocked, id=28704, stack(0x000000ff67700000,0x000000ff67800000)]
  0x0000027dcce94000 JavaThread "Chunk Batcher 1" daemon [_thread_blocked, id=50696, stack(0x000000ff67800000,0x000000ff67900000)]
  0x0000027ddf26b000 JavaThread "AWT-Windows" daemon [_thread_in_native, id=16788, stack(0x000000ff67a00000,0x000000ff67b00000)]

Other Threads:
=>0x0000027dcb71c000 VMThread "VM Thread" [stack: 0x000000ff64700000,0x000000ff64800000] [id=18252]
  0x0000027dcbe1e000 WatcherThread [stack: 0x000000ff65700000,0x000000ff65800000] [id=46548]
  0x0000027d9cf99800 GCTaskThread "GC Thread#0" [stack: 0x000000ff64200000,0x000000ff64300000] [id=48872]
  0x0000027dcc54c000 GCTaskThread "GC Thread#1" [stack: 0x000000ff65a00000,0x000000ff65b00000] [id=47680]
  0x0000027dcc525800 GCTaskThread "GC Thread#2" [stack: 0x000000ff65b00000,0x000000ff65c00000] [id=50936]
  0x0000027dcc721800 GCTaskThread "GC Thread#3" [stack: 0x000000ff65c00000,0x000000ff65d00000] [id=41980]
  0x0000027dcc5a1800 GCTaskThread "GC Thread#4" [stack: 0x000000ff65d00000,0x000000ff65e00000] [id=47028]
  0x0000027dcc5a6000 GCTaskThread "GC Thread#5" [stack: 0x000000ff65e00000,0x000000ff65f00000] [id=39068]
  0x0000027dcc5a7000 GCTaskThread "GC Thread#6" [stack: 0x000000ff65f00000,0x000000ff66000000] [id=47068]
  0x0000027dcc5af800 GCTaskThread "GC Thread#7" [stack: 0x000000ff66000000,0x000000ff66100000] [id=49764]
  0x0000027dcc5b0800 GCTaskThread "GC Thread#8" [stack: 0x000000ff66100000,0x000000ff66200000] [id=37244]
  0x0000027dcc5b1800 GCTaskThread "GC Thread#9" [stack: 0x000000ff66200000,0x000000ff66300000] [id=48040]
  0x0000027dcc5b2800 GCTaskThread "GC Thread#10" [stack: 0x000000ff66300000,0x000000ff66400000] [id=41728]
  0x0000027dcc5b3800 GCTaskThread "GC Thread#11" [stack: 0x000000ff66400000,0x000000ff66500000] [id=38356]
  0x0000027dcc245000 GCTaskThread "GC Thread#12" [stack: 0x000000ff67000000,0x000000ff67100000] [id=17580]
  0x0000027d9d019800 ConcurrentGCThread "G1 Main Marker" [stack: 0x000000ff64300000,0x000000ff64400000] [id=48928]
  0x0000027d9d01c000 ConcurrentGCThread "G1 Conc#0" [stack: 0x000000ff64400000,0x000000ff64500000] [id=31296]
  0x0000027dccd06800 ConcurrentGCThread "G1 Conc#1" [stack: 0x000000ff66a00000,0x000000ff66b00000] [id=47476]
  0x0000027dce58a800 ConcurrentGCThread "G1 Conc#2" [stack: 0x000000ff66b00000,0x000000ff66c00000] [id=29632]
  0x0000027dca1c3800 ConcurrentGCThread "G1 Refine#0" [stack: 0x000000ff64500000,0x000000ff64600000] [id=39272]
  0x0000027dd610e800 ConcurrentGCThread "G1 Refine#1" [stack: 0x000000ff67b00000,0x000000ff67c00000] [id=10788]
  0x0000027dca1c4800 ConcurrentGCThread "G1 Young RemSet Sampling" [stack: 0x000000ff64600000,0x000000ff64700000] [id=45516]

Threads with active compile tasks:

VM state:at safepoint (normal execution)

VM Mutex/Monitor currently owned by a thread:  ([mutex/lock_event])
[0x0000027d9cf83010] Threads_lock - owner thread: 0x0000027dcb71c000

Heap address: 0x0000000600c00000, size: 8180 MB, Compressed Oops mode: Zero based, Oop shift amount: 3
Narrow klass base: 0x0000000800000000, Narrow klass shift: 0
Compressed class space size: 1073741824 Address: 0x0000000800000000

Heap:
 garbage-first heap   total 630784K, used 294994K [0x0000000600c00000, 0x0000000800000000)
  region size 2048K, 106 young (217088K), 1 survivors (2048K)
 Metaspace       used 41210K, capacity 41877K, committed 42160K, reserved 1087488K
  class space    used 4191K, capacity 4490K, committed 4608K, reserved 1048576K
Heap Regions: E=young(eden), S=young(survivor), O=old, HS=humongous(starts), HC=humongous(continues), CS=collection set, F=free, A=archive, TAMS=top-at-mark-start (previous, next)
|   0|0x0000000600c00000, 0x0000000600e00000, 0x0000000600e00000|100%| O|  |TAMS 0x0000000600e00000, 0x0000000600c00000| Untracked 
|   1|0x0000000600e00000, 0x0000000601000000, 0x0000000601000000|100%|HS|  |TAMS 0x0000000601000000, 0x0000000600e00000| Complete 
|   2|0x0000000601000000, 0x0000000601200000, 0x0000000601200000|100%|HC|  |TAMS 0x0000000601200000, 0x0000000601000000| Complete 
|   3|0x0000000601200000, 0x0000000601400000, 0x0000000601400000|100%|HC|  |TAMS 0x0000000601400000, 0x0000000601200000| Complete 
|   4|0x0000000601400000, 0x0000000601600000, 0x0000000601600000|100%|HC|  |TAMS 0x0000000601600000, 0x0000000601400000| Complete 
|   5|0x0000000601600000, 0x0000000601800000, 0x0000000601800000|100%|HC|  |TAMS 0x0000000601800000, 0x0000000601600000| Complete 
|   6|0x0000000601800000, 0x0000000601a00000, 0x0000000601a00000|100%|HC|  |TAMS 0x0000000601a00000, 0x0000000601800000| Complete 
|   7|0x0000000601a00000, 0x0000000601c00000, 0x0000000601c00000|100%|HS|  |TAMS 0x0000000601c00000, 0x0000000601a00000| Complete 
|   8|0x0000000601c00000, 0x0000000601e00000, 0x0000000601e00000|100%|HC|  |TAMS 0x0000000601e00000, 0x0000000601c00000| Complete 
|   9|0x0000000601e00000, 0x0000000602000000, 0x0000000602000000|100%|HC|  |TAMS 0x0000000602000000, 0x0000000601e00000| Complete 
|  10|0x0000000602000000, 0x0000000602200000, 0x0000000602200000|100%| O|  |TAMS 0x0000000602200000, 0x0000000602000000| Untracked 
|  11|0x0000000602200000, 0x0000000602400000, 0x0000000602400000|100%| O|  |TAMS 0x0000000602400000, 0x0000000602200000| Untracked 
|  12|0x0000000602400000, 0x0000000602600000, 0x0000000602600000|100%| O|  |TAMS 0x0000000602600000, 0x0000000602400000| Untracked 
|  13|0x0000000602600000, 0x0000000602800000, 0x0000000602800000|100%| O|  |TAMS 0x0000000602800000, 0x0000000602600000| Untracked 
|  14|0x0000000602800000, 0x0000000602a00000, 0x0000000602a00000|100%| O|  |TAMS 0x0000000602a00000, 0x0000000602800000| Untracked 
|  15|0x0000000602a00000, 0x0000000602c00000, 0x0000000602c00000|100%| O|  |TAMS 0x0000000602c00000, 0x0000000602a00000| Untracked 
|  16|0x0000000602c00000, 0x0000000602e00000, 0x0000000602e00000|100%| O|  |TAMS 0x0000000602e00000, 0x0000000602c00000| Untracked 
|  17|0x0000000602e00000, 0x0000000603000000, 0x0000000603000000|100%| O|  |TAMS 0x0000000602e00000, 0x0000000602e00000| Untracked 
|  18|0x0000000603000000, 0x0000000603200000, 0x0000000603200000|100%| O|  |TAMS 0x0000000603000000, 0x0000000603000000| Untracked 
|  19|0x0000000603200000, 0x00000006033ffff8, 0x0000000603400000| 99%| O|  |TAMS 0x0000000603200000, 0x0000000603200000| Untracked 
|  20|0x0000000603400000, 0x0000000603600000, 0x0000000603600000|100%| O|  |TAMS 0x0000000603400000, 0x0000000603400000| Untracked 
|  21|0x0000000603600000, 0x0000000603800000, 0x0000000603800000|100%| O|  |TAMS 0x0000000603600000, 0x0000000603600000| Untracked 
|  22|0x0000000603800000, 0x0000000603a00000, 0x0000000603a00000|100%| O|  |TAMS 0x0000000603800000, 0x0000000603800000| Untracked 
|  23|0x0000000603a00000, 0x0000000603c00000, 0x0000000603c00000|100%| O|  |TAMS 0x0000000603a00000, 0x0000000603a00000| Untracked 
|  24|0x0000000603c00000, 0x0000000603e00000, 0x0000000603e00000|100%| O|  |TAMS 0x0000000603c00000, 0x0000000603c00000| Untracked 
|  25|0x0000000603e00000, 0x0000000603e0ae00, 0x0000000604000000|  2%| O|  |TAMS 0x0000000603e00000, 0x0000000603e00000| Untracked 
|  26|0x0000000604000000, 0x0000000604000000, 0x0000000604200000|  0%| F|  |TAMS 0x0000000604000000, 0x0000000604000000| Untracked 
|  27|0x0000000604200000, 0x0000000604200000, 0x0000000604400000|  0%| F|  |TAMS 0x0000000604200000, 0x0000000604200000| Untracked 
|  28|0x0000000604400000, 0x0000000604600000, 0x0000000604600000|100%| O|  |TAMS 0x0000000604600000, 0x0000000604400000| Untracked 
|  29|0x0000000604600000, 0x0000000604800000, 0x0000000604800000|100%| O|  |TAMS 0x0000000604800000, 0x0000000604600000| Untracked 
|  30|0x0000000604800000, 0x0000000604a00000, 0x0000000604a00000|100%| O|  |TAMS 0x0000000604a00000, 0x0000000604800000| Untracked 
|  31|0x0000000604a00000, 0x0000000604c00000, 0x0000000604c00000|100%| O|  |TAMS 0x0000000604c00000, 0x0000000604a00000| Untracked 
|  32|0x0000000604c00000, 0x0000000604e00000, 0x0000000604e00000|100%| O|  |TAMS 0x0000000604e00000, 0x0000000604c00000| Untracked 
|  33|0x0000000604e00000, 0x0000000605000000, 0x0000000605000000|100%| O|  |TAMS 0x0000000605000000, 0x0000000604e00000| Untracked 
|  34|0x0000000605000000, 0x0000000605200000, 0x0000000605200000|100%| O|  |TAMS 0x0000000605200000, 0x0000000605000000| Untracked 
|  35|0x0000000605200000, 0x0000000605400000, 0x0000000605400000|100%| O|  |TAMS 0x0000000605400000, 0x0000000605200000| Untracked 
|  36|0x0000000605400000, 0x0000000605600000, 0x0000000605600000|100%| O|  |TAMS 0x0000000605600000, 0x0000000605400000| Untracked 
|  37|0x0000000605600000, 0x0000000605800000, 0x0000000605800000|100%| O|  |TAMS 0x0000000605800000, 0x0000000605600000| Untracked 
|  38|0x0000000605800000, 0x0000000605a00000, 0x0000000605a00000|100%| O|  |TAMS 0x0000000605a00000, 0x0000000605800000| Untracked 
|  39|0x0000000605a00000, 0x0000000605a00000, 0x0000000605c00000|  0%| F|  |TAMS 0x0000000605a00000, 0x0000000605a00000| Untracked 
|  40|0x0000000605c00000, 0x0000000605c00000, 0x0000000605e00000|  0%| F|  |TAMS 0x0000000605c00000, 0x0000000605c00000| Untracked 
|  41|0x0000000605e00000, 0x0000000605e00000, 0x0000000606000000|  0%| F|  |TAMS 0x0000000605e00000, 0x0000000605e00000| Untracked 
|  42|0x0000000606000000, 0x0000000606000000, 0x0000000606200000|  0%| F|  |TAMS 0x0000000606000000, 0x0000000606000000| Untracked 
|  43|0x0000000606200000, 0x0000000606200000, 0x0000000606400000|  0%| F|  |TAMS 0x0000000606200000, 0x0000000606200000| Untracked 
|  44|0x0000000606400000, 0x0000000606400000, 0x0000000606600000|  0%| F|  |TAMS 0x0000000606400000, 0x0000000606400000| Untracked 
|  45|0x0000000606600000, 0x0000000606600000, 0x0000000606800000|  0%| F|  |TAMS 0x0000000606600000, 0x0000000606600000| Untracked 
|  46|0x0000000606800000, 0x0000000606800000, 0x0000000606a00000|  0%| F|  |TAMS 0x0000000606800000, 0x0000000606800000| Untracked 
|  47|0x0000000606a00000, 0x0000000606a00000, 0x0000000606c00000|  0%| F|  |TAMS 0x0000000606a00000, 0x0000000606a00000| Untracked 
|  48|0x0000000606c00000, 0x0000000606c00000, 0x0000000606e00000|  0%| F|  |TAMS 0x0000000606c00000, 0x0000000606c00000| Untracked 
|  49|0x0000000606e00000, 0x0000000606e00000, 0x0000000607000000|  0%| F|  |TAMS 0x0000000606e00000, 0x0000000606e00000| Untracked 
|  50|0x0000000607000000, 0x0000000607000000, 0x0000000607200000|  0%| F|  |TAMS 0x0000000607000000, 0x0000000607000000| Untracked 
|  51|0x0000000607200000, 0x0000000607200000, 0x0000000607400000|  0%| F|  |TAMS 0x0000000607200000, 0x0000000607200000| Untracked 
|  52|0x0000000607400000, 0x0000000607400000, 0x0000000607600000|  0%| F|  |TAMS 0x0000000607400000, 0x0000000607400000| Untracked 
|  53|0x0000000607600000, 0x0000000607600000, 0x0000000607800000|  0%| F|  |TAMS 0x0000000607600000, 0x0000000607600000| Untracked 
|  54|0x0000000607800000, 0x0000000607800000, 0x0000000607a00000|  0%| F|  |TAMS 0x0000000607800000, 0x0000000607800000| Untracked 
|  55|0x0000000607a00000, 0x0000000607a00000, 0x0000000607c00000|  0%| F|  |TAMS 0x0000000607a00000, 0x0000000607a00000| Untracked 
|  56|0x0000000607c00000, 0x0000000607c00000, 0x0000000607e00000|  0%| F|  |TAMS 0x0000000607c00000, 0x0000000607c00000| Untracked 
|  57|0x0000000607e00000, 0x0000000607e00000, 0x0000000608000000|  0%| F|  |TAMS 0x0000000607e00000, 0x0000000607e00000| Untracked 
|  58|0x0000000608000000, 0x0000000608000000, 0x0000000608200000|  0%| F|  |TAMS 0x0000000608000000, 0x0000000608000000| Untracked 
|  59|0x0000000608200000, 0x0000000608200000, 0x0000000608400000|  0%| F|  |TAMS 0x0000000608200000, 0x0000000608200000| Untracked 
|  60|0x0000000608400000, 0x0000000608400000, 0x0000000608600000|  0%| F|  |TAMS 0x0000000608400000, 0x0000000608400000| Untracked 
|  61|0x0000000608600000, 0x0000000608600000, 0x0000000608800000|  0%| F|  |TAMS 0x0000000608600000, 0x0000000608600000| Untracked 
|  62|0x0000000608800000, 0x0000000608800000, 0x0000000608a00000|  0%| F|  |TAMS 0x0000000608800000, 0x0000000608800000| Untracked 
|  63|0x0000000608a00000, 0x0000000608a00000, 0x0000000608c00000|  0%| F|  |TAMS 0x0000000608a00000, 0x0000000608a00000| Untracked 
|  64|0x0000000608c00000, 0x0000000608c00000, 0x0000000608e00000|  0%| F|  |TAMS 0x0000000608c00000, 0x0000000608c00000| Untracked 
|  65|0x0000000608e00000, 0x0000000608e00000, 0x0000000609000000|  0%| F|  |TAMS 0x0000000608e00000, 0x0000000608e00000| Untracked 
|  66|0x0000000609000000, 0x0000000609000000, 0x0000000609200000|  0%| F|  |TAMS 0x0000000609000000, 0x0000000609000000| Untracked 
|  67|0x0000000609200000, 0x0000000609200000, 0x0000000609400000|  0%| F|  |TAMS 0x0000000609200000, 0x0000000609200000| Untracked 
|  68|0x0000000609400000, 0x0000000609400000, 0x0000000609600000|  0%| F|  |TAMS 0x0000000609400000, 0x0000000609400000| Untracked 
|  69|0x0000000609600000, 0x0000000609600000, 0x0000000609800000|  0%| F|  |TAMS 0x0000000609600000, 0x0000000609600000| Untracked 
|  70|0x0000000609800000, 0x0000000609800000, 0x0000000609a00000|  0%| F|  |TAMS 0x0000000609800000, 0x0000000609800000| Untracked 
|  71|0x0000000609a00000, 0x0000000609a00000, 0x0000000609c00000|  0%| F|  |TAMS 0x0000000609a00000, 0x0000000609a00000| Untracked 
|  72|0x0000000609c00000, 0x0000000609c00000, 0x0000000609e00000|  0%| F|  |TAMS 0x0000000609c00000, 0x0000000609c00000| Untracked 
|  73|0x0000000609e00000, 0x0000000609e00000, 0x000000060a000000|  0%| F|  |TAMS 0x0000000609e00000, 0x0000000609e00000| Untracked 
|  74|0x000000060a000000, 0x000000060a000000, 0x000000060a200000|  0%| F|  |TAMS 0x000000060a000000, 0x000000060a000000| Untracked 
|  75|0x000000060a200000, 0x000000060a200000, 0x000000060a400000|  0%| F|  |TAMS 0x000000060a200000, 0x000000060a200000| Untracked 
|  76|0x000000060a400000, 0x000000060a400000, 0x000000060a600000|  0%| F|  |TAMS 0x000000060a400000, 0x000000060a400000| Untracked 
|  77|0x000000060a600000, 0x000000060a600000, 0x000000060a800000|  0%| F|  |TAMS 0x000000060a600000, 0x000000060a600000| Untracked 
|  78|0x000000060a800000, 0x000000060a800000, 0x000000060aa00000|  0%| F|  |TAMS 0x000000060a800000, 0x000000060a800000| Untracked 
|  79|0x000000060aa00000, 0x000000060aa00000, 0x000000060ac00000|  0%| F|  |TAMS 0x000000060aa00000, 0x000000060aa00000| Untracked 
|  80|0x000000060ac00000, 0x000000060ac00000, 0x000000060ae00000|  0%| F|  |TAMS 0x000000060ac00000, 0x000000060ac00000| Untracked 
|  81|0x000000060ae00000, 0x000000060ae00000, 0x000000060b000000|  0%| F|  |TAMS 0x000000060ae00000, 0x000000060ae00000| Untracked 
|  82|0x000000060b000000, 0x000000060b000000, 0x000000060b200000|  0%| F|  |TAMS 0x000000060b000000, 0x000000060b000000| Untracked 
|  83|0x000000060b200000, 0x000000060b200000, 0x000000060b400000|  0%| F|  |TAMS 0x000000060b200000, 0x000000060b200000| Untracked 
|  84|0x000000060b400000, 0x000000060b400000, 0x000000060b600000|  0%| F|  |TAMS 0x000000060b400000, 0x000000060b400000| Untracked 
|  85|0x000000060b600000, 0x000000060b600000, 0x000000060b800000|  0%| F|  |TAMS 0x000000060b600000, 0x000000060b600000| Untracked 
|  86|0x000000060b800000, 0x000000060b800000, 0x000000060ba00000|  0%| F|  |TAMS 0x000000060b800000, 0x000000060b800000| Untracked 
|  87|0x000000060ba00000, 0x000000060ba00000, 0x000000060bc00000|  0%| F|  |TAMS 0x000000060ba00000, 0x000000060ba00000| Untracked 
|  88|0x000000060bc00000, 0x000000060bc00000, 0x000000060be00000|  0%| F|  |TAMS 0x000000060bc00000, 0x000000060bc00000| Untracked 
|  89|0x000000060be00000, 0x000000060be00000, 0x000000060c000000|  0%| F|  |TAMS 0x000000060be00000, 0x000000060be00000| Untracked 
|  90|0x000000060c000000, 0x000000060c000000, 0x000000060c200000|  0%| F|  |TAMS 0x000000060c000000, 0x000000060c000000| Untracked 
|  91|0x000000060c200000, 0x000000060c200000, 0x000000060c400000|  0%| F|  |TAMS 0x000000060c200000, 0x000000060c200000| Untracked 
|  92|0x000000060c400000, 0x000000060c400000, 0x000000060c600000|  0%| F|  |TAMS 0x000000060c400000, 0x000000060c400000| Untracked 
|  93|0x000000060c600000, 0x000000060c600000, 0x000000060c800000|  0%| F|  |TAMS 0x000000060c600000, 0x000000060c600000| Untracked 
|  94|0x000000060c800000, 0x000000060c800000, 0x000000060ca00000|  0%| F|  |TAMS 0x000000060c800000, 0x000000060c800000| Untracked 
|  95|0x000000060ca00000, 0x000000060ca00000, 0x000000060cc00000|  0%| F|  |TAMS 0x000000060ca00000, 0x000000060ca00000| Untracked 
|  96|0x000000060cc00000, 0x000000060cc00000, 0x000000060ce00000|  0%| F|  |TAMS 0x000000060cc00000, 0x000000060cc00000| Untracked 
|  97|0x000000060ce00000, 0x000000060ce00000, 0x000000060d000000|  0%| F|  |TAMS 0x000000060ce00000, 0x000000060ce00000| Untracked 
|  98|0x000000060d000000, 0x000000060d000000, 0x000000060d200000|  0%| F|  |TAMS 0x000000060d000000, 0x000000060d000000| Untracked 
|  99|0x000000060d200000, 0x000000060d200000, 0x000000060d400000|  0%| F|  |TAMS 0x000000060d200000, 0x000000060d200000| Untracked 
| 100|0x000000060d400000, 0x000000060d400000, 0x000000060d600000|  0%| F|  |TAMS 0x000000060d400000, 0x000000060d400000| Untracked 
| 101|0x000000060d600000, 0x000000060d600000, 0x000000060d800000|  0%| F|  |TAMS 0x000000060d600000, 0x000000060d600000| Untracked 
| 102|0x000000060d800000, 0x000000060d800000, 0x000000060da00000|  0%| F|  |TAMS 0x000000060d800000, 0x000000060d800000| Untracked 
| 103|0x000000060da00000, 0x000000060da00000, 0x000000060dc00000|  0%| F|  |TAMS 0x000000060da00000, 0x000000060da00000| Untracked 
| 104|0x000000060dc00000, 0x000000060dc00000, 0x000000060de00000|  0%| F|  |TAMS 0x000000060dc00000, 0x000000060dc00000| Untracked 
| 105|0x000000060de00000, 0x000000060de00000, 0x000000060e000000|  0%| F|  |TAMS 0x000000060de00000, 0x000000060de00000| Untracked 
| 106|0x000000060e000000, 0x000000060e000000, 0x000000060e200000|  0%| F|  |TAMS 0x000000060e000000, 0x000000060e000000| Untracked 
| 107|0x000000060e200000, 0x000000060e200000, 0x000000060e400000|  0%| F|  |TAMS 0x000000060e200000, 0x000000060e200000| Untracked 
| 108|0x000000060e400000, 0x000000060e400000, 0x000000060e600000|  0%| F|  |TAMS 0x000000060e400000, 0x000000060e400000| Untracked 
| 109|0x000000060e600000, 0x000000060e600000, 0x000000060e800000|  0%| F|  |TAMS 0x000000060e600000, 0x000000060e600000| Untracked 
| 110|0x000000060e800000, 0x000000060e800000, 0x000000060ea00000|  0%| F|  |TAMS 0x000000060e800000, 0x000000060e800000| Untracked 
| 111|0x000000060ea00000, 0x000000060ec00000, 0x000000060ec00000|100%| O|  |TAMS 0x000000060ec00000, 0x000000060ea00000| Untracked 
| 112|0x000000060ec00000, 0x000000060ee00000, 0x000000060ee00000|100%| O|  |TAMS 0x000000060ee00000, 0x000000060ec00000| Untracked 
| 113|0x000000060ee00000, 0x000000060f000000, 0x000000060f000000|100%| O|  |TAMS 0x000000060f000000, 0x000000060ee00000| Untracked 
| 114|0x000000060f000000, 0x000000060f200000, 0x000000060f200000|100%| O|  |TAMS 0x000000060f046a00, 0x000000060f000000| Untracked 
| 115|0x000000060f200000, 0x000000060f200000, 0x000000060f400000|  0%| F|  |TAMS 0x000000060f200000, 0x000000060f200000| Untracked 
| 116|0x000000060f400000, 0x000000060f400000, 0x000000060f600000|  0%| F|  |TAMS 0x000000060f400000, 0x000000060f400000| Untracked 
| 117|0x000000060f600000, 0x000000060f600000, 0x000000060f800000|  0%| F|  |TAMS 0x000000060f600000, 0x000000060f600000| Untracked 
| 118|0x000000060f800000, 0x000000060f800000, 0x000000060fa00000|  0%| F|  |TAMS 0x000000060f800000, 0x000000060f800000| Untracked 
| 119|0x000000060fa00000, 0x000000060fa00000, 0x000000060fc00000|  0%| F|  |TAMS 0x000000060fa00000, 0x000000060fa00000| Untracked 
| 120|0x000000060fc00000, 0x000000060fc00000, 0x000000060fe00000|  0%| F|  |TAMS 0x000000060fc00000, 0x000000060fc00000| Untracked 
| 121|0x000000060fe00000, 0x000000060fe00000, 0x0000000610000000|  0%| F|  |TAMS 0x000000060fe00000, 0x000000060fe00000| Untracked 
| 122|0x0000000610000000, 0x0000000610000000, 0x0000000610200000|  0%| F|  |TAMS 0x0000000610000000, 0x0000000610000000| Untracked 
| 123|0x0000000610200000, 0x0000000610209b78, 0x0000000610400000|  1%| S|CS|TAMS 0x0000000610200000, 0x0000000610200000| Complete 
| 124|0x0000000610400000, 0x0000000610400000, 0x0000000610600000|  0%| F|  |TAMS 0x0000000610400000, 0x0000000610400000| Untracked 
| 125|0x0000000610600000, 0x0000000610600000, 0x0000000610800000|  0%| F|  |TAMS 0x0000000610600000, 0x0000000610600000| Untracked 
| 126|0x0000000610800000, 0x0000000610800000, 0x0000000610a00000|  0%| F|  |TAMS 0x0000000610800000, 0x0000000610800000| Untracked 
| 127|0x0000000610a00000, 0x0000000610a00000, 0x0000000610c00000|  0%| F|  |TAMS 0x0000000610a00000, 0x0000000610a00000| Untracked 
| 128|0x0000000610c00000, 0x0000000610c00000, 0x0000000610e00000|  0%| F|  |TAMS 0x0000000610c00000, 0x0000000610c00000| Untracked 
| 129|0x0000000610e00000, 0x0000000610e00000, 0x0000000611000000|  0%| F|  |TAMS 0x0000000610e00000, 0x0000000610e00000| Untracked 
| 130|0x0000000611000000, 0x0000000611000000, 0x0000000611200000|  0%| F|  |TAMS 0x0000000611000000, 0x0000000611000000| Untracked 
| 131|0x0000000611200000, 0x0000000611200000, 0x0000000611400000|  0%| F|  |TAMS 0x0000000611200000, 0x0000000611200000| Untracked 
| 132|0x0000000611400000, 0x0000000611400000, 0x0000000611600000|  0%| F|  |TAMS 0x0000000611400000, 0x0000000611400000| Untracked 
| 133|0x0000000611600000, 0x0000000611600000, 0x0000000611800000|  0%| F|  |TAMS 0x0000000611600000, 0x0000000611600000| Untracked 
| 134|0x0000000611800000, 0x0000000611800000, 0x0000000611a00000|  0%| F|  |TAMS 0x0000000611800000, 0x0000000611800000| Untracked 
| 135|0x0000000611a00000, 0x0000000611a00000, 0x0000000611c00000|  0%| F|  |TAMS 0x0000000611a00000, 0x0000000611a00000| Untracked 
| 136|0x0000000611c00000, 0x0000000611c00000, 0x0000000611e00000|  0%| F|  |TAMS 0x0000000611c00000, 0x0000000611c00000| Untracked 
| 137|0x0000000611e00000, 0x0000000611e00000, 0x0000000612000000|  0%| F|  |TAMS 0x0000000611e00000, 0x0000000611e00000| Untracked 
| 138|0x0000000612000000, 0x0000000612000000, 0x0000000612200000|  0%| F|  |TAMS 0x0000000612000000, 0x0000000612000000| Untracked 
| 139|0x0000000612200000, 0x0000000612200000, 0x0000000612400000|  0%| F|  |TAMS 0x0000000612200000, 0x0000000612200000| Untracked 
| 140|0x0000000612400000, 0x0000000612400000, 0x0000000612600000|  0%| F|  |TAMS 0x0000000612400000, 0x0000000612400000| Untracked 
| 141|0x0000000612600000, 0x0000000612600000, 0x0000000612800000|  0%| F|  |TAMS 0x0000000612600000, 0x0000000612600000| Untracked 
| 142|0x0000000612800000, 0x0000000612800000, 0x0000000612a00000|  0%| F|  |TAMS 0x0000000612800000, 0x0000000612800000| Untracked 
| 143|0x0000000612a00000, 0x0000000612a00000, 0x0000000612c00000|  0%| F|  |TAMS 0x0000000612a00000, 0x0000000612a00000| Untracked 
| 144|0x0000000612c00000, 0x0000000612c00000, 0x0000000612e00000|  0%| F|  |TAMS 0x0000000612c00000, 0x0000000612c00000| Untracked 
| 145|0x0000000612e00000, 0x0000000612e00000, 0x0000000613000000|  0%| F|  |TAMS 0x0000000612e00000, 0x0000000612e00000| Untracked 
| 146|0x0000000613000000, 0x0000000613000000, 0x0000000613200000|  0%| F|  |TAMS 0x0000000613000000, 0x0000000613000000| Untracked 
| 147|0x0000000613200000, 0x0000000613200000, 0x0000000613400000|  0%| F|  |TAMS 0x0000000613200000, 0x0000000613200000| Untracked 
| 148|0x0000000613400000, 0x0000000613400000, 0x0000000613600000|  0%| F|  |TAMS 0x0000000613400000, 0x0000000613400000| Untracked 
| 149|0x0000000613600000, 0x0000000613600000, 0x0000000613800000|  0%| F|  |TAMS 0x0000000613600000, 0x0000000613600000| Untracked 
| 150|0x0000000613800000, 0x0000000613800000, 0x0000000613a00000|  0%| F|  |TAMS 0x0000000613800000, 0x0000000613800000| Untracked 
| 151|0x0000000613a00000, 0x0000000613a00000, 0x0000000613c00000|  0%| F|  |TAMS 0x0000000613a00000, 0x0000000613a00000| Untracked 
| 152|0x0000000613c00000, 0x0000000613c00000, 0x0000000613e00000|  0%| F|  |TAMS 0x0000000613c00000, 0x0000000613c00000| Untracked 
| 153|0x0000000613e00000, 0x0000000613e00000, 0x0000000614000000|  0%| F|  |TAMS 0x0000000613e00000, 0x0000000613e00000| Untracked 
| 154|0x0000000614000000, 0x0000000614000000, 0x0000000614200000|  0%| F|  |TAMS 0x0000000614000000, 0x0000000614000000| Untracked 
| 155|0x0000000614200000, 0x0000000614200000, 0x0000000614400000|  0%| F|  |TAMS 0x0000000614200000, 0x0000000614200000| Untracked 
| 156|0x0000000614400000, 0x0000000614400000, 0x0000000614600000|  0%| F|  |TAMS 0x0000000614400000, 0x0000000614400000| Untracked 
| 157|0x0000000614600000, 0x0000000614600000, 0x0000000614800000|  0%| F|  |TAMS 0x0000000614600000, 0x0000000614600000| Untracked 
| 158|0x0000000614800000, 0x0000000614800000, 0x0000000614a00000|  0%| F|  |TAMS 0x0000000614800000, 0x0000000614800000| Untracked 
| 159|0x0000000614a00000, 0x0000000614a00000, 0x0000000614c00000|  0%| F|  |TAMS 0x0000000614a00000, 0x0000000614a00000| Untracked 
| 160|0x0000000614c00000, 0x0000000614c00000, 0x0000000614e00000|  0%| F|  |TAMS 0x0000000614c00000, 0x0000000614c00000| Untracked 
| 161|0x0000000614e00000, 0x0000000614e00000, 0x0000000615000000|  0%| F|  |TAMS 0x0000000614e00000, 0x0000000614e00000| Untracked 
| 162|0x0000000615000000, 0x0000000615000000, 0x0000000615200000|  0%| F|  |TAMS 0x0000000615000000, 0x0000000615000000| Untracked 
| 163|0x0000000615200000, 0x0000000615200000, 0x0000000615400000|  0%| F|  |TAMS 0x0000000615200000, 0x0000000615200000| Untracked 
| 164|0x0000000615400000, 0x0000000615400000, 0x0000000615600000|  0%| F|  |TAMS 0x0000000615400000, 0x0000000615400000| Untracked 
| 165|0x0000000615600000, 0x0000000615600000, 0x0000000615800000|  0%| F|  |TAMS 0x0000000615600000, 0x0000000615600000| Untracked 
| 166|0x0000000615800000, 0x0000000615800000, 0x0000000615a00000|  0%| F|  |TAMS 0x0000000615800000, 0x0000000615800000| Untracked 
| 167|0x0000000615a00000, 0x0000000615a00000, 0x0000000615c00000|  0%| F|  |TAMS 0x0000000615a00000, 0x0000000615a00000| Untracked 
| 168|0x0000000615c00000, 0x0000000615c00000, 0x0000000615e00000|  0%| F|  |TAMS 0x0000000615c00000, 0x0000000615c00000| Untracked 
| 169|0x0000000615e00000, 0x0000000615e00000, 0x0000000616000000|  0%| F|  |TAMS 0x0000000615e00000, 0x0000000615e00000| Untracked 
| 170|0x0000000616000000, 0x0000000616000000, 0x0000000616200000|  0%| F|  |TAMS 0x0000000616000000, 0x0000000616000000| Untracked 
| 171|0x0000000616200000, 0x0000000616200000, 0x0000000616400000|  0%| F|  |TAMS 0x0000000616200000, 0x0000000616200000| Untracked 
| 172|0x0000000616400000, 0x0000000616400000, 0x0000000616600000|  0%| F|  |TAMS 0x0000000616400000, 0x0000000616400000| Untracked 
| 173|0x0000000616600000, 0x0000000616600000, 0x0000000616800000|  0%| F|  |TAMS 0x0000000616600000, 0x0000000616600000| Untracked 
| 174|0x0000000616800000, 0x0000000616800000, 0x0000000616a00000|  0%| F|  |TAMS 0x0000000616800000, 0x0000000616800000| Untracked 
| 175|0x0000000616a00000, 0x0000000616a00000, 0x0000000616c00000|  0%| F|  |TAMS 0x0000000616a00000, 0x0000000616a00000| Untracked 
| 176|0x0000000616c00000, 0x0000000616c00000, 0x0000000616e00000|  0%| F|  |TAMS 0x0000000616c00000, 0x0000000616c00000| Untracked 
| 177|0x0000000616e00000, 0x0000000616e00000, 0x0000000617000000|  0%| F|  |TAMS 0x0000000616e00000, 0x0000000616e00000| Untracked 
| 178|0x0000000617000000, 0x0000000617000000, 0x0000000617200000|  0%| F|  |TAMS 0x0000000617000000, 0x0000000617000000| Untracked 
| 179|0x0000000617200000, 0x0000000617200000, 0x0000000617400000|  0%| F|  |TAMS 0x0000000617200000, 0x0000000617200000| Untracked 
| 180|0x0000000617400000, 0x0000000617400000, 0x0000000617600000|  0%| F|  |TAMS 0x0000000617400000, 0x0000000617400000| Untracked 
| 181|0x0000000617600000, 0x0000000617600000, 0x0000000617800000|  0%| F|  |TAMS 0x0000000617600000, 0x0000000617600000| Untracked 
| 182|0x0000000617800000, 0x0000000617800000, 0x0000000617a00000|  0%| F|  |TAMS 0x0000000617800000, 0x0000000617800000| Untracked 
| 183|0x0000000617a00000, 0x0000000617a00000, 0x0000000617c00000|  0%| F|  |TAMS 0x0000000617a00000, 0x0000000617a00000| Untracked 
| 184|0x0000000617c00000, 0x0000000617c00000, 0x0000000617e00000|  0%| F|  |TAMS 0x0000000617c00000, 0x0000000617c00000| Untracked 
| 185|0x0000000617e00000, 0x0000000617e00000, 0x0000000618000000|  0%| F|  |TAMS 0x0000000617e00000, 0x0000000617e00000| Untracked 
| 186|0x0000000618000000, 0x0000000618000000, 0x0000000618200000|  0%| F|  |TAMS 0x0000000618000000, 0x0000000618000000| Untracked 
| 187|0x0000000618200000, 0x0000000618200000, 0x0000000618400000|  0%| F|  |TAMS 0x0000000618200000, 0x0000000618200000| Untracked 
| 188|0x0000000618400000, 0x0000000618400000, 0x0000000618600000|  0%| F|  |TAMS 0x0000000618400000, 0x0000000618400000| Untracked 
| 189|0x0000000618600000, 0x0000000618600000, 0x0000000618800000|  0%| F|  |TAMS 0x0000000618600000, 0x0000000618600000| Untracked 
| 190|0x0000000618800000, 0x0000000618800000, 0x0000000618a00000|  0%| F|  |TAMS 0x0000000618800000, 0x0000000618800000| Untracked 
| 191|0x0000000618a00000, 0x0000000618a00000, 0x0000000618c00000|  0%| F|  |TAMS 0x0000000618a00000, 0x0000000618a00000| Untracked 
| 192|0x0000000618c00000, 0x0000000618c00000, 0x0000000618e00000|  0%| F|  |TAMS 0x0000000618c00000, 0x0000000618c00000| Untracked 
| 193|0x0000000618e00000, 0x0000000618e00000, 0x0000000619000000|  0%| F|  |TAMS 0x0000000618e00000, 0x0000000618e00000| Untracked 
| 194|0x0000000619000000, 0x0000000619000000, 0x0000000619200000|  0%| F|  |TAMS 0x0000000619000000, 0x0000000619000000| Untracked 
| 195|0x0000000619200000, 0x0000000619200000, 0x0000000619400000|  0%| F|  |TAMS 0x0000000619200000, 0x0000000619200000| Untracked 
| 196|0x0000000619400000, 0x0000000619400000, 0x0000000619600000|  0%| F|  |TAMS 0x0000000619400000, 0x0000000619400000| Untracked 
| 197|0x0000000619600000, 0x0000000619600000, 0x0000000619800000|  0%| F|  |TAMS 0x0000000619600000, 0x0000000619600000| Untracked 
| 198|0x0000000619800000, 0x0000000619800000, 0x0000000619a00000|  0%| F|  |TAMS 0x0000000619800000, 0x0000000619800000| Untracked 
| 199|0x0000000619a00000, 0x0000000619a00000, 0x0000000619c00000|  0%| F|  |TAMS 0x0000000619a00000, 0x0000000619a00000| Untracked 
| 200|0x0000000619c00000, 0x0000000619c00000, 0x0000000619e00000|  0%| F|  |TAMS 0x0000000619c00000, 0x0000000619c00000| Untracked 
| 201|0x0000000619e00000, 0x0000000619e00000, 0x000000061a000000|  0%| F|  |TAMS 0x0000000619e00000, 0x0000000619e00000| Untracked 
| 202|0x000000061a000000, 0x000000061a000000, 0x000000061a200000|  0%| F|  |TAMS 0x000000061a000000, 0x000000061a000000| Untracked 
| 203|0x000000061a200000, 0x000000061a300800, 0x000000061a400000| 50%| E|  |TAMS 0x000000061a200000, 0x000000061a200000| Complete 
| 204|0x000000061a400000, 0x000000061a600000, 0x000000061a600000|100%| E|CS|TAMS 0x000000061a400000, 0x000000061a400000| Complete 
| 205|0x000000061a600000, 0x000000061a800000, 0x000000061a800000|100%| E|CS|TAMS 0x000000061a600000, 0x000000061a600000| Complete 
| 206|0x000000061a800000, 0x000000061aa00000, 0x000000061aa00000|100%| E|CS|TAMS 0x000000061a800000, 0x000000061a800000| Complete 
| 207|0x000000061aa00000, 0x000000061ac00000, 0x000000061ac00000|100%| E|CS|TAMS 0x000000061aa00000, 0x000000061aa00000| Complete 
| 208|0x000000061ac00000, 0x000000061ae00000, 0x000000061ae00000|100%| E|CS|TAMS 0x000000061ac00000, 0x000000061ac00000| Complete 
| 209|0x000000061ae00000, 0x000000061b000000, 0x000000061b000000|100%| E|CS|TAMS 0x000000061ae00000, 0x000000061ae00000| Complete 
| 210|0x000000061b000000, 0x000000061b200000, 0x000000061b200000|100%| E|CS|TAMS 0x000000061b000000, 0x000000061b000000| Complete 
| 211|0x000000061b200000, 0x000000061b400000, 0x000000061b400000|100%| E|CS|TAMS 0x000000061b200000, 0x000000061b200000| Complete 
| 212|0x000000061b400000, 0x000000061b600000, 0x000000061b600000|100%| E|CS|TAMS 0x000000061b400000, 0x000000061b400000| Complete 
| 213|0x000000061b600000, 0x000000061b800000, 0x000000061b800000|100%| E|CS|TAMS 0x000000061b600000, 0x000000061b600000| Complete 
| 214|0x000000061b800000, 0x000000061ba00000, 0x000000061ba00000|100%| E|CS|TAMS 0x000000061b800000, 0x000000061b800000| Complete 
| 215|0x000000061ba00000, 0x000000061bc00000, 0x000000061bc00000|100%| E|CS|TAMS 0x000000061ba00000, 0x000000061ba00000| Complete 
| 216|0x000000061bc00000, 0x000000061be00000, 0x000000061be00000|100%| E|CS|TAMS 0x000000061bc00000, 0x000000061bc00000| Complete 
| 217|0x000000061be00000, 0x000000061c000000, 0x000000061c000000|100%| E|CS|TAMS 0x000000061be00000, 0x000000061be00000| Complete 
| 218|0x000000061c000000, 0x000000061c200000, 0x000000061c200000|100%| E|CS|TAMS 0x000000061c000000, 0x000000061c000000| Complete 
| 219|0x000000061c200000, 0x000000061c400000, 0x000000061c400000|100%| E|CS|TAMS 0x000000061c200000, 0x000000061c200000| Complete 
| 220|0x000000061c400000, 0x000000061c600000, 0x000000061c600000|100%| E|CS|TAMS 0x000000061c400000, 0x000000061c400000| Complete 
| 221|0x000000061c600000, 0x000000061c800000, 0x000000061c800000|100%| E|CS|TAMS 0x000000061c600000, 0x000000061c600000| Complete 
| 222|0x000000061c800000, 0x000000061ca00000, 0x000000061ca00000|100%| E|CS|TAMS 0x000000061c800000, 0x000000061c800000| Complete 
| 223|0x000000061ca00000, 0x000000061cc00000, 0x000000061cc00000|100%| E|CS|TAMS 0x000000061ca00000, 0x000000061ca00000| Complete 
| 224|0x000000061cc00000, 0x000000061ce00000, 0x000000061ce00000|100%| E|CS|TAMS 0x000000061cc00000, 0x000000061cc00000| Complete 
| 225|0x000000061ce00000, 0x000000061d000000, 0x000000061d000000|100%| E|CS|TAMS 0x000000061ce00000, 0x000000061ce00000| Complete 
| 226|0x000000061d000000, 0x000000061d200000, 0x000000061d200000|100%| E|CS|TAMS 0x000000061d000000, 0x000000061d000000| Complete 
| 227|0x000000061d200000, 0x000000061d400000, 0x000000061d400000|100%| E|CS|TAMS 0x000000061d200000, 0x000000061d200000| Complete 
| 228|0x000000061d400000, 0x000000061d600000, 0x000000061d600000|100%| E|CS|TAMS 0x000000061d400000, 0x000000061d400000| Complete 
| 229|0x000000061d600000, 0x000000061d800000, 0x000000061d800000|100%| E|CS|TAMS 0x000000061d600000, 0x000000061d600000| Complete 
| 230|0x000000061d800000, 0x000000061da00000, 0x000000061da00000|100%| E|CS|TAMS 0x000000061d800000, 0x000000061d800000| Complete 
| 231|0x000000061da00000, 0x000000061dc00000, 0x000000061dc00000|100%| E|CS|TAMS 0x000000061da00000, 0x000000061da00000| Complete 
| 232|0x000000061dc00000, 0x000000061de00000, 0x000000061de00000|100%| E|CS|TAMS 0x000000061dc00000, 0x000000061dc00000| Complete 
| 233|0x000000061de00000, 0x000000061e000000, 0x000000061e000000|100%| E|CS|TAMS 0x000000061de00000, 0x000000061de00000| Complete 
| 234|0x000000061e000000, 0x000000061e200000, 0x000000061e200000|100%| E|CS|TAMS 0x000000061e000000, 0x000000061e000000| Complete 
| 235|0x000000061e200000, 0x000000061e400000, 0x000000061e400000|100%| E|CS|TAMS 0x000000061e200000, 0x000000061e200000| Complete 
| 236|0x000000061e400000, 0x000000061e600000, 0x000000061e600000|100%| E|CS|TAMS 0x000000061e400000, 0x000000061e400000| Complete 
| 237|0x000000061e600000, 0x000000061e800000, 0x000000061e800000|100%| E|CS|TAMS 0x000000061e600000, 0x000000061e600000| Complete 
| 238|0x000000061e800000, 0x000000061ea00000, 0x000000061ea00000|100%| E|CS|TAMS 0x000000061e800000, 0x000000061e800000| Complete 
| 239|0x000000061ea00000, 0x000000061ec00000, 0x000000061ec00000|100%| E|CS|TAMS 0x000000061ea00000, 0x000000061ea00000| Complete 
| 240|0x000000061ec00000, 0x000000061ee00000, 0x000000061ee00000|100%| E|CS|TAMS 0x000000061ec00000, 0x000000061ec00000| Complete 
| 241|0x000000061ee00000, 0x000000061f000000, 0x000000061f000000|100%| E|CS|TAMS 0x000000061ee00000, 0x000000061ee00000| Complete 
| 242|0x000000061f000000, 0x000000061f200000, 0x000000061f200000|100%| E|CS|TAMS 0x000000061f000000, 0x000000061f000000| Complete 
| 243|0x000000061f200000, 0x000000061f400000, 0x000000061f400000|100%| E|CS|TAMS 0x000000061f200000, 0x000000061f200000| Complete 
| 244|0x000000061f400000, 0x000000061f600000, 0x000000061f600000|100%| E|CS|TAMS 0x000000061f400000, 0x000000061f400000| Complete 
| 245|0x000000061f600000, 0x000000061f800000, 0x000000061f800000|100%| E|CS|TAMS 0x000000061f600000, 0x000000061f600000| Complete 
| 246|0x000000061f800000, 0x000000061fa00000, 0x000000061fa00000|100%| E|CS|TAMS 0x000000061f800000, 0x000000061f800000| Complete 
| 247|0x000000061fa00000, 0x000000061fc00000, 0x000000061fc00000|100%| E|CS|TAMS 0x000000061fa00000, 0x000000061fa00000| Complete 
| 248|0x000000061fc00000, 0x000000061fe00000, 0x000000061fe00000|100%| E|CS|TAMS 0x000000061fc00000, 0x000000061fc00000| Complete 
| 249|0x000000061fe00000, 0x0000000620000000, 0x0000000620000000|100%| E|CS|TAMS 0x000000061fe00000, 0x000000061fe00000| Complete 
| 250|0x0000000620000000, 0x0000000620200000, 0x0000000620200000|100%| E|CS|TAMS 0x0000000620000000, 0x0000000620000000| Complete 
| 251|0x0000000620200000, 0x0000000620400000, 0x0000000620400000|100%| E|CS|TAMS 0x0000000620200000, 0x0000000620200000| Complete 
| 252|0x0000000620400000, 0x0000000620600000, 0x0000000620600000|100%| E|CS|TAMS 0x0000000620400000, 0x0000000620400000| Complete 
| 253|0x0000000620600000, 0x0000000620800000, 0x0000000620800000|100%| E|CS|TAMS 0x0000000620600000, 0x0000000620600000| Complete 
| 254|0x0000000620800000, 0x0000000620a00000, 0x0000000620a00000|100%| E|CS|TAMS 0x0000000620800000, 0x0000000620800000| Complete 
| 255|0x0000000620a00000, 0x0000000620c00000, 0x0000000620c00000|100%| E|CS|TAMS 0x0000000620a00000, 0x0000000620a00000| Complete 
| 256|0x0000000620c00000, 0x0000000620e00000, 0x0000000620e00000|100%| E|CS|TAMS 0x0000000620c00000, 0x0000000620c00000| Complete 
| 257|0x0000000620e00000, 0x0000000621000000, 0x0000000621000000|100%| E|CS|TAMS 0x0000000620e00000, 0x0000000620e00000| Complete 
| 258|0x0000000621000000, 0x0000000621200000, 0x0000000621200000|100%| E|CS|TAMS 0x0000000621000000, 0x0000000621000000| Complete 
| 259|0x0000000621200000, 0x0000000621400000, 0x0000000621400000|100%| E|CS|TAMS 0x0000000621200000, 0x0000000621200000| Complete 
| 260|0x0000000621400000, 0x0000000621600000, 0x0000000621600000|100%| E|CS|TAMS 0x0000000621400000, 0x0000000621400000| Complete 
| 261|0x0000000621600000, 0x0000000621800000, 0x0000000621800000|100%| E|CS|TAMS 0x0000000621600000, 0x0000000621600000| Complete 
| 262|0x0000000621800000, 0x0000000621a00000, 0x0000000621a00000|100%| E|CS|TAMS 0x0000000621800000, 0x0000000621800000| Complete 
| 263|0x0000000621a00000, 0x0000000621c00000, 0x0000000621c00000|100%| E|CS|TAMS 0x0000000621a00000, 0x0000000621a00000| Complete 
| 264|0x0000000621c00000, 0x0000000621e00000, 0x0000000621e00000|100%| E|CS|TAMS 0x0000000621c00000, 0x0000000621c00000| Complete 
| 265|0x0000000621e00000, 0x0000000622000000, 0x0000000622000000|100%| E|CS|TAMS 0x0000000621e00000, 0x0000000621e00000| Complete 
| 266|0x0000000622000000, 0x0000000622200000, 0x0000000622200000|100%| E|CS|TAMS 0x0000000622000000, 0x0000000622000000| Complete 
| 267|0x0000000622200000, 0x0000000622400000, 0x0000000622400000|100%| E|CS|TAMS 0x0000000622200000, 0x0000000622200000| Complete 
| 268|0x0000000622400000, 0x0000000622600000, 0x0000000622600000|100%| E|CS|TAMS 0x0000000622400000, 0x0000000622400000| Complete 
| 269|0x0000000622600000, 0x0000000622800000, 0x0000000622800000|100%| E|CS|TAMS 0x0000000622600000, 0x0000000622600000| Complete 
| 270|0x0000000622800000, 0x0000000622a00000, 0x0000000622a00000|100%| E|CS|TAMS 0x0000000622800000, 0x0000000622800000| Complete 
| 271|0x0000000622a00000, 0x0000000622c00000, 0x0000000622c00000|100%| E|CS|TAMS 0x0000000622a00000, 0x0000000622a00000| Complete 
| 272|0x0000000622c00000, 0x0000000622e00000, 0x0000000622e00000|100%| E|CS|TAMS 0x0000000622c00000, 0x0000000622c00000| Complete 
| 273|0x0000000622e00000, 0x0000000623000000, 0x0000000623000000|100%| E|CS|TAMS 0x0000000622e00000, 0x0000000622e00000| Complete 
| 274|0x0000000623000000, 0x0000000623200000, 0x0000000623200000|100%| E|CS|TAMS 0x0000000623000000, 0x0000000623000000| Complete 
| 275|0x0000000623200000, 0x0000000623400000, 0x0000000623400000|100%| E|CS|TAMS 0x0000000623200000, 0x0000000623200000| Complete 
| 276|0x0000000623400000, 0x0000000623600000, 0x0000000623600000|100%| E|CS|TAMS 0x0000000623400000, 0x0000000623400000| Complete 
| 277|0x0000000623600000, 0x0000000623800000, 0x0000000623800000|100%| E|CS|TAMS 0x0000000623600000, 0x0000000623600000| Complete 
| 278|0x0000000623800000, 0x0000000623a00000, 0x0000000623a00000|100%| E|CS|TAMS 0x0000000623800000, 0x0000000623800000| Complete 
| 279|0x0000000623a00000, 0x0000000623c00000, 0x0000000623c00000|100%| E|CS|TAMS 0x0000000623a00000, 0x0000000623a00000| Complete 
| 280|0x0000000623c00000, 0x0000000623e00000, 0x0000000623e00000|100%| E|CS|TAMS 0x0000000623c00000, 0x0000000623c00000| Complete 
| 281|0x0000000623e00000, 0x0000000624000000, 0x0000000624000000|100%| E|CS|TAMS 0x0000000623e00000, 0x0000000623e00000| Complete 
| 282|0x0000000624000000, 0x0000000624200000, 0x0000000624200000|100%| E|CS|TAMS 0x0000000624000000, 0x0000000624000000| Complete 
| 283|0x0000000624200000, 0x0000000624400000, 0x0000000624400000|100%| E|CS|TAMS 0x0000000624200000, 0x0000000624200000| Complete 
| 284|0x0000000624400000, 0x0000000624600000, 0x0000000624600000|100%| E|CS|TAMS 0x0000000624400000, 0x0000000624400000| Complete 
| 285|0x0000000624600000, 0x0000000624800000, 0x0000000624800000|100%| E|CS|TAMS 0x0000000624600000, 0x0000000624600000| Complete 
| 286|0x0000000624800000, 0x0000000624a00000, 0x0000000624a00000|100%| E|CS|TAMS 0x0000000624800000, 0x0000000624800000| Complete 
| 287|0x0000000624a00000, 0x0000000624c00000, 0x0000000624c00000|100%| E|CS|TAMS 0x0000000624a00000, 0x0000000624a00000| Complete 
| 288|0x0000000624c00000, 0x0000000624e00000, 0x0000000624e00000|100%| E|CS|TAMS 0x0000000624c00000, 0x0000000624c00000| Complete 
| 289|0x0000000624e00000, 0x0000000625000000, 0x0000000625000000|100%| E|CS|TAMS 0x0000000624e00000, 0x0000000624e00000| Complete 
| 290|0x0000000625000000, 0x0000000625200000, 0x0000000625200000|100%| E|CS|TAMS 0x0000000625000000, 0x0000000625000000| Complete 
| 291|0x0000000625200000, 0x0000000625400000, 0x0000000625400000|100%| E|CS|TAMS 0x0000000625200000, 0x0000000625200000| Complete 
| 292|0x0000000625400000, 0x0000000625600000, 0x0000000625600000|100%| E|CS|TAMS 0x0000000625400000, 0x0000000625400000| Complete 
| 293|0x0000000625600000, 0x0000000625800000, 0x0000000625800000|100%| E|CS|TAMS 0x0000000625600000, 0x0000000625600000| Complete 
| 294|0x0000000625800000, 0x0000000625a00000, 0x0000000625a00000|100%| E|CS|TAMS 0x0000000625800000, 0x0000000625800000| Complete 
| 295|0x0000000625a00000, 0x0000000625c00000, 0x0000000625c00000|100%| E|CS|TAMS 0x0000000625a00000, 0x0000000625a00000| Complete 
| 296|0x0000000625c00000, 0x0000000625e00000, 0x0000000625e00000|100%| E|CS|TAMS 0x0000000625c00000, 0x0000000625c00000| Complete 
| 297|0x0000000625e00000, 0x0000000626000000, 0x0000000626000000|100%| E|CS|TAMS 0x0000000625e00000, 0x0000000625e00000| Complete 
| 298|0x0000000626000000, 0x0000000626200000, 0x0000000626200000|100%| E|CS|TAMS 0x0000000626000000, 0x0000000626000000| Complete 
| 299|0x0000000626200000, 0x0000000626400000, 0x0000000626400000|100%| E|CS|TAMS 0x0000000626200000, 0x0000000626200000| Complete 
| 300|0x0000000626400000, 0x0000000626600000, 0x0000000626600000|100%| E|CS|TAMS 0x0000000626400000, 0x0000000626400000| Complete 
| 301|0x0000000626600000, 0x0000000626800000, 0x0000000626800000|100%| E|CS|TAMS 0x0000000626600000, 0x0000000626600000| Complete 
| 302|0x0000000626800000, 0x0000000626a00000, 0x0000000626a00000|100%| E|CS|TAMS 0x0000000626800000, 0x0000000626800000| Complete 
| 303|0x0000000626a00000, 0x0000000626c00000, 0x0000000626c00000|100%| E|CS|TAMS 0x0000000626a00000, 0x0000000626a00000| Complete 
| 304|0x0000000626c00000, 0x0000000626e00000, 0x0000000626e00000|100%| E|CS|TAMS 0x0000000626c00000, 0x0000000626c00000| Complete 
| 305|0x0000000626e00000, 0x0000000627000000, 0x0000000627000000|100%| E|CS|TAMS 0x0000000626e00000, 0x0000000626e00000| Complete 
| 306|0x0000000627000000, 0x0000000627200000, 0x0000000627200000|100%| E|CS|TAMS 0x0000000627000000, 0x0000000627000000| Complete 
| 307|0x0000000627200000, 0x0000000627400000, 0x0000000627400000|100%| E|CS|TAMS 0x0000000627200000, 0x0000000627200000| Complete 

Card table byte_map: [0x0000027db5cd0000,0x0000027db6cd0000] _byte_map_base: 0x0000027db2cca000

Marking Bits (Prev, Next): (CMBitMap*) 0x0000027d9d008b70, (CMBitMap*) 0x0000027d9d008b38
 Prev Bits: [0x0000027dbfca0000, 0x0000027dc7c70000)
 Next Bits: [0x0000027db7cd0000, 0x0000027dbfca0000)

Polling page: 0x0000027d9af50000

Metaspace:

Usage:
  Non-class:     36.51 MB capacity,    36.15 MB (>99%) used,   277.77 KB ( <1%) free+waste,    90.50 KB ( <1%) overhead. 
      Class:      4.38 MB capacity,     4.09 MB ( 93%) used,   259.52 KB (  6%) free+waste,    38.75 KB ( <1%) overhead. 
       Both:     40.90 MB capacity,    40.24 MB ( 98%) used,   537.28 KB (  1%) free+waste,   129.25 KB ( <1%) overhead. 

Virtual space:
  Non-class space:       38.00 MB reserved,      36.67 MB ( 97%) committed 
      Class space:        1.00 GB reserved,       4.50 MB ( <1%) committed 
             Both:        1.04 GB reserved,      41.17 MB (  4%) committed 

Chunk freelists:
   Non-Class:  4.63 KB
       Class:  2.75 KB
        Both:  7.38 KB

CodeHeap 'non-profiled nmethods': size=119168Kb used=8041Kb max_used=8041Kb free=111126Kb
 bounds [0x0000027dacfd0000, 0x0000027dad7c0000, 0x0000027db4430000]
CodeHeap 'profiled nmethods': size=119168Kb used=12680Kb max_used=13951Kb free=106487Kb
 bounds [0x0000027da5b70000, 0x0000027da6a80000, 0x0000027dacfd0000]
CodeHeap 'non-nmethods': size=7424Kb used=1498Kb max_used=3243Kb free=5925Kb
 bounds [0x0000027da5430000, 0x0000027da5800000, 0x0000027da5b70000]
 total_blobs=6458 nmethods=5575 adapters=801
 compilation: enabled
              stopped_count=0, restarted_count=0
 full_count=0

Compilation events (10 events):
Event: 1222.437 Thread 0x0000027dcb79e000 6790       4       net.melonclient.client.utils.CustomTextRenderer::drawInternal (573 bytes)
Event: 1222.460 Thread 0x0000027dcb79e000 nmethod 6790 0x0000027dad7a8810 code [0x0000027dad7a8ae0, 0x0000027dad7aaac0]
Event: 1222.512 Thread 0x0000027dcb79e000 6791       4       net.melonclient.client.utils.CustomTextRenderer::drawInternal (573 bytes)
Event: 1222.570 Thread 0x0000027dcb79e000 nmethod 6791 0x0000027dad7abf90 code [0x0000027dad7ac3c0, 0x0000027dad7b16c0]
Event: 1225.132 Thread 0x0000027dcb79e000 6792       4       net.melonclient.client.utils.CustomTextRenderer::draw (20 bytes)
Event: 1225.133 Thread 0x0000027dcb79e000 nmethod 6792 0x0000027dad401810 code [0x0000027dad4019a0, 0x0000027dad401a68]
Event: 1232.338 Thread 0x0000027dcb79e000 6793       4       java.util.GregorianCalendar::computeFields (1571 bytes)
Event: 1232.360 Thread 0x0000027dcb79e000 nmethod 6793 0x0000027dad7b4690 code [0x0000027dad7b48a0, 0x0000027dad7b6788]
Event: 1246.464 Thread 0x0000027dcb79e000 6794       4       net.minecraft.client.Minecraft::checkGLError (92 bytes)
Event: 1246.478 Thread 0x0000027dcb79e000 nmethod 6794 0x0000027dad517110 code [0x0000027dad5173c0, 0x0000027dad518980]

GC Heap History (10 events):
Event: 1188.825 GC heap before
{Heap before GC invocations=97 (full 0):
 garbage-first heap   total 630784K, used 456685K [0x0000000600c00000, 0x0000000800000000)
  region size 2048K, 184 young (376832K), 1 survivors (2048K)
 Metaspace       used 40881K, capacity 41589K, committed 41776K, reserved 1087488K
  class space    used 4173K, capacity 4458K, committed 4480K, reserved 1048576K
}
Event: 1188.825 GC heap after
{Heap after GC invocations=98 (full 0):
 garbage-first heap   total 630784K, used 81931K [0x0000000600c00000, 0x0000000800000000)
  region size 2048K, 1 young (2048K), 1 survivors (2048K)
 Metaspace       used 40881K, capacity 41589K, committed 41776K, reserved 1087488K
  class space    used 4173K, capacity 4458K, committed 4480K, reserved 1048576K
}
Event: 1203.979 GC heap before
{Heap before GC invocations=98 (full 0):
 garbage-first heap   total 630784K, used 456715K [0x0000000600c00000, 0x0000000800000000)
  region size 2048K, 184 young (376832K), 1 survivors (2048K)
 Metaspace       used 40881K, capacity 41589K, committed 41776K, reserved 1087488K
  class space    used 4173K, capacity 4458K, committed 4480K, reserved 1048576K
}
Event: 1203.980 GC heap after
{Heap after GC invocations=99 (full 0):
 garbage-first heap   total 630784K, used 81948K [0x0000000600c00000, 0x0000000800000000)
  region size 2048K, 1 young (2048K), 1 survivors (2048K)
 Metaspace       used 40881K, capacity 41589K, committed 41776K, reserved 1087488K
  class space    used 4173K, capacity 4458K, committed 4480K, reserved 1048576K
}
Event: 1222.706 GC heap before
{Heap before GC invocations=99 (full 0):
 garbage-first heap   total 630784K, used 456732K [0x0000000600c00000, 0x0000000800000000)
  region size 2048K, 184 young (376832K), 1 survivors (2048K)
 Metaspace       used 41210K, capacity 41877K, committed 42160K, reserved 1087488K
  class space    used 4191K, capacity 4490K, committed 4608K, reserved 1048576K
}
Event: 1222.707 GC heap after
{Heap after GC invocations=100 (full 0):
 garbage-first heap   total 630784K, used 81967K [0x0000000600c00000, 0x0000000800000000)
  region size 2048K, 1 young (2048K), 1 survivors (2048K)
 Metaspace       used 41210K, capacity 41877K, committed 42160K, reserved 1087488K
  class space    used 4191K, capacity 4490K, committed 4608K, reserved 1048576K
}
Event: 1238.806 GC heap before
{Heap before GC invocations=100 (full 0):
 garbage-first heap   total 630784K, used 456751K [0x0000000600c00000, 0x0000000800000000)
  region size 2048K, 184 young (376832K), 1 survivors (2048K)
 Metaspace       used 41210K, capacity 41877K, committed 42160K, reserved 1087488K
  class space    used 4191K, capacity 4490K, committed 4608K, reserved 1048576K
}
Event: 1238.806 GC heap after
{Heap after GC invocations=101 (full 0):
 garbage-first heap   total 630784K, used 81983K [0x0000000600c00000, 0x0000000800000000)
  region size 2048K, 1 young (2048K), 1 survivors (2048K)
 Metaspace       used 41210K, capacity 41877K, committed 42160K, reserved 1087488K
  class space    used 4191K, capacity 4490K, committed 4608K, reserved 1048576K
}
Event: 1253.682 GC heap before
{Heap before GC invocations=101 (full 0):
 garbage-first heap   total 630784K, used 456767K [0x0000000600c00000, 0x0000000800000000)
  region size 2048K, 184 young (376832K), 1 survivors (2048K)
 Metaspace       used 41210K, capacity 41877K, committed 42160K, reserved 1087488K
  class space    used 4191K, capacity 4490K, committed 4608K, reserved 1048576K
}
Event: 1253.682 GC heap after
{Heap after GC invocations=102 (full 0):
 garbage-first heap   total 630784K, used 82002K [0x0000000600c00000, 0x0000000800000000)
  region size 2048K, 1 young (2048K), 1 survivors (2048K)
 Metaspace       used 41210K, capacity 41877K, committed 42160K, reserved 1087488K
  class space    used 4191K, capacity 4490K, committed 4608K, reserved 1048576K
}

Deoptimization events (10 events):
Event: 1204.534 Thread 0x0000027d9cf84800 Uncommon trap: reason=unstable_if action=reinterpret pc=0x0000027dad570e88 method=net.minecraft.client.Minecraft.checkGLError(Ljava/lang/String;)V @ 12 c2
Event: 1204.541 Thread 0x0000027d9cf84800 Uncommon trap: reason=unstable_if action=reinterpret pc=0x0000027dad5bf6e8 method=sun.util.calendar.CalendarDate.setMonth(I)Lsun/util/calendar/CalendarDate; @ 5 c2
Event: 1206.343 Thread 0x0000027d9cf84800 Uncommon trap: reason=profile_predicate action=maybe_recompile pc=0x0000027dad4ff90c method=net.melonclient.client.utils.CustomTextRenderer.drawInternal(Ljava/lang/String;FFIZ)V @ 104 c2
Event: 1206.343 Thread 0x0000027d9cf84800 Uncommon trap: reason=profile_predicate action=maybe_recompile pc=0x0000027dad4ff90c method=net.melonclient.client.utils.CustomTextRenderer.drawInternal(Ljava/lang/String;FFIZ)V @ 104 c2
Event: 1206.344 Thread 0x0000027d9cf84800 Uncommon trap: reason=profile_predicate action=maybe_recompile pc=0x0000027dad4ff90c method=net.melonclient.client.utils.CustomTextRenderer.drawInternal(Ljava/lang/String;FFIZ)V @ 104 c2
Event: 1206.344 Thread 0x0000027d9cf84800 Uncommon trap: reason=profile_predicate action=maybe_recompile pc=0x0000027dad4ff90c method=net.melonclient.client.utils.CustomTextRenderer.drawInternal(Ljava/lang/String;FFIZ)V @ 104 c2
Event: 1222.464 Thread 0x0000027d9cf84800 Uncommon trap: reason=profile_predicate action=maybe_recompile pc=0x0000027dad7a968c method=net.melonclient.client.utils.CustomTextRenderer.drawInternal(Ljava/lang/String;FFIZ)V @ 104 c2
Event: 1222.465 Thread 0x0000027d9cf84800 Uncommon trap: reason=profile_predicate action=maybe_recompile pc=0x0000027dad7a968c method=net.melonclient.client.utils.CustomTextRenderer.drawInternal(Ljava/lang/String;FFIZ)V @ 104 c2
Event: 1222.465 Thread 0x0000027d9cf84800 Uncommon trap: reason=profile_predicate action=maybe_recompile pc=0x0000027dad7a968c method=net.melonclient.client.utils.CustomTextRenderer.drawInternal(Ljava/lang/String;FFIZ)V @ 104 c2
Event: 1222.465 Thread 0x0000027d9cf84800 Uncommon trap: reason=profile_predicate action=maybe_recompile pc=0x0000027dad7a968c method=net.melonclient.client.utils.CustomTextRenderer.drawInternal(Ljava/lang/String;FFIZ)V @ 104 c2

Classes redefined (10 events):
Event: 1204.492 Thread 0x0000027dcb71c000 redefined class name=net.melonclient.client.utils.CharacterDataMerger, count=31
Event: 1204.510 Thread 0x0000027dcb71c000 redefined class name=net.melonclient.client.utils.CharacterDataMerger$Companion, count=31
Event: 1221.213 Thread 0x0000027dcb71c000 redefined class name=net.melonclient.client.utils.FontData, count=32
Event: 1221.233 Thread 0x0000027dcb71c000 redefined class name=net.melonclient.client.utils.CustomFontManager, count=32
Event: 1221.253 Thread 0x0000027dcb71c000 redefined class name=net.melonclient.client.utils.TextRenderer, count=32
Event: 1221.273 Thread 0x0000027dcb71c000 redefined class name=net.melonclient.client.utils.CustomTextRenderer, count=32
Event: 1221.292 Thread 0x0000027dcb71c000 redefined class name=net.melonclient.client.utils.CharacterInfoMapper, count=32
Event: 1221.310 Thread 0x0000027dcb71c000 redefined class name=net.melonclient.client.utils.CharacterDataGenerator, count=32
Event: 1221.329 Thread 0x0000027dcb71c000 redefined class name=net.melonclient.client.utils.CharacterDataMerger, count=32
Event: 1221.348 Thread 0x0000027dcb71c000 redefined class name=net.melonclient.client.utils.CharacterDataMerger$Companion, count=32

Internal exceptions (10 events):
Event: 33.182 Thread 0x0000027d9cf84800 Exception <a 'java/lang/NoSuchMethodError'{0x0000000623f15190}: java.lang.invoke.DirectMethodHandle$Holder.invokeSpecial(Ljava/lang/Object;Ljava/lang/Object;IIILjava/lang/Object;ILjava/lang/Object;Ljava/lang/Object;)Ljava/lang/Object;> (0x0000000623f15190
Event: 33.182 Thread 0x0000027d9cf84800 Exception <a 'java/lang/NoSuchMethodError'{0x0000000623f18840}: java.lang.invoke.DelegatingMethodHandle$Holder.reinvoke_L(Ljava/lang/Object;IIILjava/lang/Object;ILjava/lang/Object;Ljava/lang/Object;)Ljava/lang/Object;> (0x0000000623f18840) thrown at [./op
Event: 33.184 Thread 0x0000027d9cf84800 Exception <a 'java/lang/NoSuchMethodError'{0x0000000623f5a7e8}: java.lang.invoke.DirectMethodHandle$Holder.invokeStatic(Ljava/lang/Object;Ljava/lang/Object;Ljava/lang/Object;Ljava/lang/Object;Ljava/lang/Object;Ljava/lang/Object;Ljava/lang/Object;Ljava/lan
Event: 33.189 Thread 0x0000027d9cf84800 Exception <a 'java/lang/NoSuchMethodError'{0x0000000623ff2ea8}: java.lang.invoke.DirectMethodHandle$Holder.invokeSpecial(Ljava/lang/Object;Ljava/lang/Object;IIILjava/lang/Object;Ljava/lang/Object;Ljava/lang/Object;Ljava/lang/Object;)Ljava/lang/Object;> (0
Event: 33.190 Thread 0x0000027d9cf84800 Exception <a 'java/lang/NoSuchMethodError'{0x0000000623ff6658}: java.lang.invoke.DelegatingMethodHandle$Holder.reinvoke_L(Ljava/lang/Object;IIILjava/lang/Object;Ljava/lang/Object;Ljava/lang/Object;Ljava/lang/Object;)Ljava/lang/Object;> (0x0000000623ff6658
Event: 33.195 Thread 0x0000027d9cf84800 Exception <a 'java/lang/NoSuchMethodError'{0x0000000623cc7030}: java.lang.invoke.DelegatingMethodHandle$Holder.reinvoke_L(Ljava/lang/Object;Ljava/lang/Object;IIIIIIII)Ljava/lang/Object;> (0x0000000623cc7030) thrown at [./open/src/hotspot/share/interpreter
Event: 33.197 Thread 0x0000027d9cf84800 Exception <a 'java/lang/NoSuchMethodError'{0x0000000623d20da8}: java.lang.invoke.DirectMethodHandle$Holder.invokeSpecial(Ljava/lang/Object;Ljava/lang/Object;IIIIIIIII)Ljava/lang/Object;> (0x0000000623d20da8) thrown at [./open/src/hotspot/share/interpreter
Event: 33.197 Thread 0x0000027d9cf84800 Exception <a 'java/lang/NoSuchMethodError'{0x0000000623d24320}: java.lang.invoke.DelegatingMethodHandle$Holder.reinvoke_L(Ljava/lang/Object;IIIIIIIII)Ljava/lang/Object;> (0x0000000623d24320) thrown at [./open/src/hotspot/share/interpreter/linkResolver.cpp
Event: 33.198 Thread 0x0000027d9cf84800 Exception <a 'java/lang/NoSuchMethodError'{0x0000000623d2cd00}: java.lang.invoke.DirectMethodHandle$Holder.invokeStatic(Ljava/lang/Object;Ljava/lang/Object;Ljava/lang/Object;Ljava/lang/Object;Ljava/lang/Object;I)Ljava/lang/Object;> (0x0000000623d2cd00) th
Event: 910.008 Thread 0x0000027dcc6e1800 Exception <a 'java/net/ConnectException'{0x0000000626400048}: Connection refused: connect> (0x0000000626400048) thrown at [./open/src/hotspot/share/prims/jni.cpp, line 632]

Events (10 events):
Event: 1283.699 Executing VM operation: GetFrameCount done
Event: 1283.699 Executing VM operation: GetStackTrace
Event: 1283.699 Executing VM operation: GetStackTrace done
Event: 1283.702 Executing VM operation: GetFrameCount
Event: 1283.702 Executing VM operation: GetFrameCount done
Event: 1283.702 Executing VM operation: GetStackTrace
Event: 1283.702 Executing VM operation: GetStackTrace done
Event: 1283.703 Executing VM operation: GetFrameLocation
Event: 1283.703 Executing VM operation: GetFrameLocation done
Event: 1283.703 Executing VM operation: GetOrSetLocal


Dynamic libraries:
0x00007ff753af0000 - 0x00007ff753aff000 	C:\Program Files\Java\jdk-11.0.11\bin\java.exe
0x00007ffd79670000 - 0x00007ffd79865000 	C:\Windows\SYSTEM32\ntdll.dll
0x00007ffd77ea0000 - 0x00007ffd77f5d000 	C:\Windows\System32\KERNEL32.DLL
0x00007ffd77300000 - 0x00007ffd775c9000 	C:\Windows\System32\KERNELBASE.dll
0x00007ffd76f20000 - 0x00007ffd77020000 	C:\Windows\System32\ucrtbase.dll
0x00007ffd745b0000 - 0x00007ffd745c8000 	C:\Program Files\Java\jdk-11.0.11\bin\jli.dll
0x00007ffd728d0000 - 0x00007ffd728e5000 	C:\Program Files\Java\jdk-11.0.11\bin\VCRUNTIME140.dll
0x00007ffd78ee0000 - 0x00007ffd78f8c000 	C:\Windows\System32\ADVAPI32.dll
0x00007ffd78f90000 - 0x00007ffd7902e000 	C:\Windows\System32\msvcrt.dll
0x00007ffd78030000 - 0x00007ffd780cb000 	C:\Windows\System32\sechost.dll
0x00007ffd78570000 - 0x00007ffd7869a000 	C:\Windows\System32\RPCRT4.dll
0x00007ffd79360000 - 0x00007ffd79500000 	C:\Windows\System32\USER32.dll
0x00007ffd525a0000 - 0x00007ffd5283a000 	C:\Windows\WinSxS\amd64_microsoft.windows.common-controls_6595b64144ccf1df_6.0.19041.1110_none_60b5254171f9507e\COMCTL32.dll
0x00007ffd76de0000 - 0x00007ffd76e02000 	C:\Windows\System32\win32u.dll
0x00007ffd78540000 - 0x00007ffd7856a000 	C:\Windows\System32\GDI32.dll
0x00007ffd775d0000 - 0x00007ffd776db000 	C:\Windows\System32\gdi32full.dll
0x00007ffd77180000 - 0x00007ffd7721d000 	C:\Windows\System32\msvcp_win.dll
0x00007ffd6e510000 - 0x00007ffd6e51a000 	C:\Windows\SYSTEM32\VERSION.dll
0x00007ffd784f0000 - 0x00007ffd78520000 	C:\Windows\System32\IMM32.DLL
0x00007ffd544f0000 - 0x00007ffd5458b000 	C:\Program Files\Java\jdk-11.0.11\bin\msvcp140.dll
0x00007ffd14600000 - 0x00007ffd150fe000 	C:\Program Files\Java\jdk-11.0.11\bin\server\jvm.dll
0x00007ffd78db0000 - 0x00007ffd78db8000 	C:\Windows\System32\PSAPI.DLL
0x00007ffd664c0000 - 0x00007ffd664c9000 	C:\Windows\SYSTEM32\WSOCK32.dll
0x00007ffd6c640000 - 0x00007ffd6c667000 	C:\Windows\SYSTEM32\WINMM.dll
0x00007ffd78c60000 - 0x00007ffd78ccb000 	C:\Windows\System32\WS2_32.dll
0x00007ffd74d00000 - 0x00007ffd74d12000 	C:\Windows\SYSTEM32\kernel.appcore.dll
0x00007ffd745a0000 - 0x00007ffd745b0000 	C:\Program Files\Java\jdk-11.0.11\bin\verify.dll
0x00007ffd6f960000 - 0x00007ffd6fb44000 	C:\Windows\SYSTEM32\DBGHELP.DLL
0x00007ffd5ccc0000 - 0x00007ffd5ccec000 	C:\Windows\SYSTEM32\dbgcore.DLL
0x00007ffd77220000 - 0x00007ffd772a3000 	C:\Windows\System32\bcryptPrimitives.dll
0x00007ffd72210000 - 0x00007ffd72238000 	C:\Program Files\Java\jdk-11.0.11\bin\java.dll
0x00007ffd74570000 - 0x00007ffd7457a000 	C:\Program Files\Java\jdk-11.0.11\bin\jimage.dll
0x00007ffd673a0000 - 0x00007ffd673d8000 	C:\Program Files\Java\jdk-11.0.11\bin\jdwp.dll
0x00007ffd67320000 - 0x00007ffd6732e000 	C:\Program Files\Java\jdk-11.0.11\bin\instrument.dll
0x00007ffd72290000 - 0x00007ffd722a6000 	C:\Program Files\Java\jdk-11.0.11\bin\zip.dll
0x00007ffd776e0000 - 0x00007ffd77e1f000 	C:\Windows\System32\SHELL32.dll
0x00007ffd74f00000 - 0x00007ffd75691000 	C:\Windows\SYSTEM32\windows.storage.dll
0x00007ffd78130000 - 0x00007ffd78485000 	C:\Windows\System32\combase.dll
0x00007ffd76820000 - 0x00007ffd7684c000 	C:\Windows\SYSTEM32\Wldp.dll
0x00007ffd78ba0000 - 0x00007ffd78c4e000 	C:\Windows\System32\SHCORE.dll
0x00007ffd79300000 - 0x00007ffd79355000 	C:\Windows\System32\shlwapi.dll
0x00007ffd76cf0000 - 0x00007ffd76d0f000 	C:\Windows\SYSTEM32\profapi.dll
0x00007ffd67310000 - 0x00007ffd6731a000 	C:\Program Files\Java\jdk-11.0.11\bin\dt_socket.dll
0x00007ffd76530000 - 0x00007ffd7659a000 	C:\Windows\system32\mswsock.dll
0x00007ffd70550000 - 0x00007ffd70569000 	C:\Program Files\Java\jdk-11.0.11\bin\net.dll
0x00007ffd70a10000 - 0x00007ffd70b1a000 	C:\Windows\SYSTEM32\WINHTTP.dll
0x00007ffd70530000 - 0x00007ffd70542000 	C:\Program Files\Java\jdk-11.0.11\bin\nio.dll
0x00007ffd729a0000 - 0x00007ffd729a9000 	C:\Program Files\Java\jdk-11.0.11\bin\management.dll
0x00007ffd70520000 - 0x00007ffd7052b000 	C:\Program Files\Java\jdk-11.0.11\bin\management_ext.dll
0x00007ffd55a30000 - 0x00007ffd55a47000 	C:\Windows\system32\napinsp.dll
0x00007ffd55a10000 - 0x00007ffd55a2b000 	C:\Windows\system32\pnrpnsp.dll
0x00007ffd559f0000 - 0x00007ffd55a05000 	C:\Windows\system32\wshbth.dll
0x00007ffd72740000 - 0x00007ffd7275d000 	C:\Windows\system32\NLAapi.dll
0x00007ffd761f0000 - 0x00007ffd7622b000 	C:\Windows\SYSTEM32\IPHLPAPI.DLL
0x00007ffd76240000 - 0x00007ffd7630c000 	C:\Windows\SYSTEM32\DNSAPI.dll
0x00007ffd78dc0000 - 0x00007ffd78dc8000 	C:\Windows\System32\NSI.dll
0x00007ffd559d0000 - 0x00007ffd559e2000 	C:\Windows\System32\winrnr.dll
0x00000000521f0000 - 0x0000000052216000 	C:\Program Files\Bonjour\mdnsNSP.dll
0x00007ffd67ef0000 - 0x00007ffd67efa000 	C:\Windows\System32\rasadhlp.dll
0x00007ffd67850000 - 0x00007ffd678cf000 	C:\Windows\System32\fwpuclnt.dll
0x00007ffd76db0000 - 0x00007ffd76dd7000 	C:\Windows\System32\bcrypt.dll
0x0000000180000000 - 0x0000000180053000 	C:\Users\big daddy aj\Desktop\Melon (anthonyj edition)\.minecraft\versions\1.8.8\1.8.8-natives\lwjgl64.dll
0x00007ffd3cc10000 - 0x00007ffd3cd35000 	C:\Windows\SYSTEM32\OPENGL32.dll
0x00007ffd3cbe0000 - 0x00007ffd3cc0c000 	C:\Windows\SYSTEM32\GLU32.dll
0x00007ffd76760000 - 0x00007ffd76778000 	C:\Windows\SYSTEM32\CRYPTSP.dll
0x00007ffd75e40000 - 0x00007ffd75e74000 	C:\Windows\system32\rsaenh.dll
0x00007ffd76c70000 - 0x00007ffd76c9e000 	C:\Windows\SYSTEM32\USERENV.dll
0x00007ffd76780000 - 0x00007ffd7678c000 	C:\Windows\SYSTEM32\CRYPTBASE.dll
0x00007ffd6ed70000 - 0x00007ffd6ed87000 	C:\Windows\SYSTEM32\dhcpcsvc6.DLL
0x00007ffd6ed50000 - 0x00007ffd6ed6d000 	C:\Windows\SYSTEM32\dhcpcsvc.DLL
0x00007ffd3d0b0000 - 0x00007ffd3d24a000 	C:\Program Files\Java\jdk-11.0.11\bin\awt.dll
0x00007ffd77f60000 - 0x00007ffd7802d000 	C:\Windows\System32\OLEAUT32.dll
0x00007ffd74680000 - 0x00007ffd74710000 	C:\Windows\SYSTEM32\apphelp.dll
0x00007ffd6e9f0000 - 0x00007ffd6ea9e000 	C:\Windows\SYSTEM32\mscms.dll
0x00007ffd6e9d0000 - 0x00007ffd6e9e1000 	C:\Windows\SYSTEM32\ColorAdapterClient.dll
0x00007ffd74840000 - 0x00007ffd748de000 	C:\Windows\system32\uxtheme.dll
0x00007ffd791e0000 - 0x00007ffd792f5000 	C:\Windows\System32\MSCTF.dll
0x00007ffd69fc0000 - 0x00007ffd6a0b9000 	C:\Windows\SYSTEM32\textinputframework.dll
0x00007ffd73ff0000 - 0x00007ffd7434e000 	C:\Windows\System32\CoreUIComponents.dll
0x00007ffd74350000 - 0x00007ffd74442000 	C:\Windows\System32\CoreMessaging.dll
0x00007ffd75ae0000 - 0x00007ffd75b13000 	C:\Windows\SYSTEM32\ntmarta.dll
0x00007ffd73360000 - 0x00007ffd734b4000 	C:\Windows\SYSTEM32\wintypes.dll
0x00007ffd79500000 - 0x00007ffd7962a000 	C:\Windows\System32\ole32.dll
0x00007ffd78e30000 - 0x00007ffd78ed9000 	C:\Windows\System32\clbcatq.dll
0x00007ffd3c380000 - 0x00007ffd3c3aa000 	C:\Windows\System32\DriverStore\FileRepository\u0365275.inf_amd64_136741f59e43f995\B364966\atig6pxx.dll
0x00007ffd39590000 - 0x00007ffd3c379000 	C:\Windows\System32\DriverStore\FileRepository\u0365275.inf_amd64_136741f59e43f995\B364966\atio6axx.dll
0x00007ffd786a0000 - 0x00007ffd78b09000 	C:\Windows\System32\SETUPAPI.dll
0x00007ffd772b0000 - 0x00007ffd772fe000 	C:\Windows\System32\cfgmgr32.dll
0x00007ffd48b00000 - 0x00007ffd48b24000 	C:\Windows\SYSTEM32\dxva2.dll
0x00007ffd74a10000 - 0x00007ffd74a3f000 	C:\Windows\SYSTEM32\dwmapi.dll
0x00007ffd39550000 - 0x00007ffd3958c000 	C:\Windows\System32\DriverStore\FileRepository\u0365275.inf_amd64_136741f59e43f995\B364966\atig6txx.dll
0x00007ffd3ca20000 - 0x00007ffd3cbd8000 	C:\Windows\SYSTEM32\atiadlxx.dll
0x00007ffd4ce90000 - 0x00007ffd4cee4000 	C:\Windows\SYSTEM32\pdh.dll
0x00007ffd729d0000 - 0x00007ffd72ac6000 	C:\Windows\SYSTEM32\PROPSYS.dll
0x00007ffd76b60000 - 0x00007ffd76b8c000 	C:\Windows\SYSTEM32\DEVOBJ.dll
0x00007ffd76ec0000 - 0x00007ffd76f20000 	C:\Windows\System32\WINTRUST.dll
0x00007ffd77020000 - 0x00007ffd7717f000 	C:\Windows\System32\CRYPT32.dll
0x00007ffd769a0000 - 0x00007ffd769b2000 	C:\Windows\SYSTEM32\MSASN1.dll
0x00007ffd72360000 - 0x00007ffd7239b000 	C:\Windows\SYSTEM32\dxcore.dll
0x00007ffd60470000 - 0x00007ffd604b3000 	C:\Windows\SYSTEM32\icm32.dll
0x0000027dce0d0000 - 0x0000027dce108000 	C:\Users\big daddy aj\AppData\Local\Temp\jna\jna12627201931662745586.dll
0x0000000070a40000 - 0x0000000070adc000 	C:\Users\big daddy aj\Desktop\Melon (anthonyj edition)\.minecraft\versions\1.8.8\1.8.8-natives\avutil-ttv-51.dll
0x0000000065980000 - 0x00000000659d6000 	C:\Users\big daddy aj\Desktop\Melon (anthonyj edition)\.minecraft\versions\1.8.8\1.8.8-natives\swresample-ttv-0.dll
0x000000006eb80000 - 0x000000006ec50000 	C:\Users\big daddy aj\Desktop\Melon (anthonyj edition)\.minecraft\versions\1.8.8\1.8.8-natives\libmp3lame-ttv.dll
0x00007ffd13250000 - 0x00007ffd145f4000 	C:\Users\big daddy aj\Desktop\Melon (anthonyj edition)\.minecraft\versions\1.8.8\1.8.8-natives\libmfxsw64.dll
0x00007ffd216d0000 - 0x00007ffd2183d000 	C:\Users\big daddy aj\Desktop\Melon (anthonyj edition)\.minecraft\versions\1.8.8\1.8.8-natives\twitchsdk.dll
0x00007ffd62a90000 - 0x00007ffd62f6d000 	C:\Windows\SYSTEM32\WININET.dll
0x0000027dcfa30000 - 0x0000027dcfa94000 	C:\Users\big daddy aj\Desktop\Melon (anthonyj edition)\.minecraft\versions\1.8.8\1.8.8-natives\OpenAL64.dll
0x00007ffd375c0000 - 0x00007ffd3765c000 	C:\Windows\SYSTEM32\dsound.dll
0x00007ffd765a0000 - 0x00007ffd765eb000 	C:\Windows\SYSTEM32\powrprof.dll
0x00007ffd63410000 - 0x00007ffd63436000 	C:\Windows\SYSTEM32\winmmbase.dll
0x00007ffd76510000 - 0x00007ffd76522000 	C:\Windows\SYSTEM32\UMPDC.dll
0x00007ffd6c320000 - 0x00007ffd6c3a5000 	C:\Windows\System32\MMDevApi.dll
0x00007ffd5e4b0000 - 0x00007ffd5e631000 	C:\Windows\SYSTEM32\AUDIOSES.DLL
0x00007ffd74920000 - 0x00007ffd74934000 	C:\Windows\SYSTEM32\resourcepolicyclient.dll
0x00007ffd21640000 - 0x00007ffd216c5000 	C:\Program Files\Java\jdk-11.0.11\bin\freetype.dll
0x00007ffd21540000 - 0x00007ffd21632000 	C:\Program Files\Java\jdk-11.0.11\bin\harfbuzz.dll
0x00007ffd67020000 - 0x00007ffd67032000 	C:\Program Files\Java\jdk-11.0.11\bin\fontmanager.dll
0x00007ffd3cd40000 - 0x00007ffd3cf0e000 	C:\Windows\system32\d3d9.dll
0x00007ffd6c670000 - 0x00007ffd6c84b000 	C:\Windows\System32\DriverStore\FileRepository\u0365275.inf_amd64_136741f59e43f995\B364966\aticfx64.dll
0x00007ffd2ac70000 - 0x00007ffd2cad9000 	C:\Windows\System32\DriverStore\FileRepository\u0365275.inf_amd64_136741f59e43f995\B364966\amdxn64.dll
0x00007ffd756e0000 - 0x00007ffd757d4000 	C:\Windows\SYSTEM32\dxgi.dll
0x00007ffd69dd0000 - 0x00007ffd69e00000 	C:\Windows\SYSTEM32\amdihk64.dll

dbghelp: loaded successfully - version: 4.0.5 - missing functions: none
symbol engine: initialized successfully - sym options: 0x614 - pdb path: .;C:\Program Files\Java\jdk-11.0.11\bin;C:\Windows\SYSTEM32;C:\Windows\WinSxS\amd64_microsoft.windows.common-controls_6595b64144ccf1df_6.0.19041.1110_none_60b5254171f9507e;C:\Program Files\Java\jdk-11.0.11\bin\server;C:\Program Files\Bonjour;C:\Users\big daddy aj\Desktop\Melon (anthonyj edition)\.minecraft\versions\1.8.8\1.8.8-natives;C:\Windows\System32\DriverStore\FileRepository\u0365275.inf_amd64_136741f59e43f995\B364966;C:\Users\big daddy aj\AppData\Local\Temp\jna

VM Arguments:
jvm_args: -agentlib:jdwp=transport=dt_socket,address=127.0.0.1:53010,suspend=y,server=n -Djava.library.path=versions/1.8.8/1.8.8-natives -javaagent:C:\Users\BIGDAD~1\AppData\Local\Temp\groovyHotSwap7934jars\gragent.jar -javaagent:C:\Users\BIGDAD~1\AppData\Local\Temp\captureAgent10045jars\debugger-agent.jar -Dfile.encoding=UTF-8 
java_command: Start
java_class_path (initial): C:\Users\big daddy aj\Desktop\Melon (anthonyj edition)\out\production\classes;C:\Users\big daddy aj\Desktop\Melon (anthonyj edition)\out\production\resources;C:\Users\big daddy aj\.gradle\caches\modules-2\files-2.1\oshi-project\oshi-core\1.1\9ddf7b048a8d701be231c0f4f95fd986198fd2d8\oshi-core-1.1.jar;C:\Users\big daddy aj\.gradle\caches\modules-2\files-2.1\net.java.dev.jna\jna\3.4.0\803ff252fedbd395baffd43b37341dc4a150a554\jna-3.4.0.jar;C:\Users\big daddy aj\.gradle\caches\modules-2\files-2.1\net.java.dev.jna\platform\3.4.0\e3f70017be8100d3d6923f50b3d2ee17714e9c13\platform-3.4.0.jar;C:\Users\big daddy aj\.gradle\caches\modules-2\files-2.1\com.ibm.icu\icu4j\62.1\7a4d00d5ec5febd252a6182e8b6e87a0a9821f81\icu4j-62.1.jar;C:\Users\big daddy aj\.gradle\caches\modules-2\files-2.1\net.sf.jopt-simple\jopt-simple\4.9\ee9e9eaa0a35360dcfeac129ff4923215fd65904\jopt-simple-4.9.jar;C:\Users\big daddy aj\.gradle\caches\modules-2\files-2.1\com.paulscode\codecjorbis\20101023\c73b5636faf089d9f00e8732a829577de25237ee\codecjorbis-20101023.jar;C:\Users\big daddy aj\.gradle\caches\modules-2\files-2.1\com.paulscode\codecwav\20101023\12f031cfe88fef5c1dd36c563c0a3a69bd7261da\codecwav-20101023.jar;C:\Users\big daddy aj\.gradle\caches\modules-2\files-2.1\com.paulscode\libraryjavasound\20101123\5c5e304366f75f9eaa2e8cca546a1fb6109348b3\libraryjavasound-20101123.jar;C:\Users\big daddy aj\.gradle\caches\modules-2\files-2.1\com.paulscode\librarylwjglopenal\20100824\73e80d0794c39665aec3f62eee88ca91676674ef\librarylwjglopenal-20100824.jar;C:\Users\big daddy aj\.gradle\caches\modules-2\files-2.1\com.paulscode\soundsystem\20120107\419c05fe9be71f792b2d76cfc9b67f1ed0fec7f6\soundsystem-20120107.jar;C:\Users\big daddy aj\.gradle\caches\modules-2\files-2.1\io.netty\netty-all\4.0.23.Final\294104aaf1781d6a56a07d561e792c5d0c95f45\netty-all-4.0.23.Final.jar;C:\Users\big daddy aj\.gradle\caches\modules-2\files-2.1\com.mojang\authlib\1.5.21\aefba0d5b53fbcb70860bc8046ab95d5854c07a5\authl
Launcher Type: SUN_STANDARD

[Global flags]
     intx CICompilerCount                          = 12                                        {product} {ergonomic}
     uint ConcGCThreads                            = 3                                         {product} {ergonomic}
     uint G1ConcRefinementThreads                  = 13                                        {product} {ergonomic}
   size_t G1HeapRegionSize                         = 2097152                                   {product} {ergonomic}
    uintx GCDrainStackTargetSize                   = 64                                        {product} {ergonomic}
   size_t InitialHeapSize                          = 536870912                                 {product} {ergonomic}
   size_t MarkStackSize                            = 4194304                                   {product} {ergonomic}
   size_t MaxHeapSize                              = 8577351680                                {product} {ergonomic}
   size_t MaxNewSize                               = 5146411008                                {product} {ergonomic}
   size_t MinHeapDeltaBytes                        = 2097152                                   {product} {ergonomic}
    uintx NonNMethodCodeHeapSize                   = 7594288                                {pd product} {ergonomic}
    uintx NonProfiledCodeHeapSize                  = 122031976                              {pd product} {ergonomic}
    uintx ProfiledCodeHeapSize                     = 122031976                              {pd product} {ergonomic}
    uintx ReservedCodeCacheSize                    = 251658240                              {pd product} {ergonomic}
     bool SegmentedCodeCache                       = true                                      {product} {ergonomic}
     bool UseCompressedClassPointers               = true                                 {lp64_product} {ergonomic}
     bool UseCompressedOops                        = true                                 {lp64_product} {ergonomic}
     bool UseG1GC                                  = true                                      {product} {ergonomic}
     bool UseLargePagesIndividualAllocation        = false                                  {pd product} {ergonomic}

Logging:
Log output configuration:
 #0: stdout all=warning uptime,level,tags
 #1: stderr all=off uptime,level,tags

Environment Variables:
PATH=C:\Program Files (x86)\NVIDIA Corporation\PhysX\Common;C:\Program Files\Common Files\Oracle\Java\javapath;C:\Program Files (x86)\Common Files\Intel\Shared Libraries\redist\intel64\compiler;C:\Program Files (x86)\Razer Chroma SDK\bin;C:\Program Files\Razer Chroma SDK\bin;C:\Program Files (x86)\Razer\ChromaBroadcast\bin;C:\Program Files\Razer\ChromaBroadcast\bin;C:\Python39\Scripts\;C:\Python39\;C:\Program Files (x86)\Common Files\Oracle\Java\javapath;C:\Windows\system32;C:\Windows;C:\Windows\System32\Wbem;C:\Windows\System32\WindowsPowerShell\v1.0\;C:\Windows\System32\OpenSSH\;C:\Program Files\dotnet\;C:\Program Files (x86)\Gpg4win\..\GnuPG\bin;C:\Program Files\nodejs\;C:\ProgramData\chocolatey\bin;C:\Program Files (x86)\Windows Kits\10\Windows Performance Toolkit\;C:\Program Files\Git\cmd;C:\Program Files\luarocks;C:\Program Files\PuTTY\;C:\Windows\system32\config\systemprofile\AppData\Local\Microsoft\WindowsApps;C:\Go\bin;C:\Program Files (x86)\Brackets\command;C:\Users\big daddy aj\AppData\Local\Microsoft\WindowsApps;C:\Users\big daddy aj\.dotnet\tools;C:\Users\big daddy aj\AppData\Roaming\npm;C:\Program Files\JetBrains\IntelliJ IDEA Community Edition 2020.2.4\bin;C:\Users\big daddy aj\AppData\Local\Programs\Microsoft VS Code\bin;C:\Users\big daddy aj\go\bin;C:\Users\big daddy aj\AppData\Local\GitHubDesktop\bin;C:\Users\big daddy aj\AppData\Local\Microsoft\WindowsApps;C:\Users\big daddy aj\.dotnet\tools;C:\Users\big daddy aj\AppData\Roaming\npm;C:\Program Files\JetBrains\IntelliJ IDEA Community Edition 2020.2.4\bin;;C:\Users\big daddy aj\AppData\Local\Programs\Microsoft VS Code\bin;C:\Users\big daddy aj\go\bin;C:\Users\big daddy aj\AppData\Local\GitHubDesktop\bin;C:\Users\big daddy aj\spicetify-cli
USERNAME=big daddy aj
OS=Windows_NT
PROCESSOR_IDENTIFIER=AMD64 Family 23 Model 113 Stepping 0, AuthenticAMD



---------------  S Y S T E M  ---------------

OS: Windows 10 , 64 bit Build 19041 (10.0.19041.1023)

CPU:total 16 (initial active 16) (16 cores per cpu, 2 threads per core) family 23 model 113 stepping 0 microcode 0x0, cmov, cx8, fxsr, mmx, sse, sse2, sse3, ssse3, sse4.1, sse4.2, popcnt, avx, avx2, aes, clmul, mmxext, 3dnowpref, lzcnt, sse4a, ht, tsc, tscinvbit, tscinv, bmi1, bmi2, adx,

Memory: 4k page, system-wide physical 32718M (10833M free)
TotalPageFile size 39995M (AvailPageFile size 4836M)
current process WorkingSet (physical memory assigned to process): 954M, peak: 956M
current process commit charge ("private bytes"): 1092M, peak: 2157M

vm_info: Java HotSpot(TM) 64-Bit Server VM (11.0.11+9-LTS-194) for windows-amd64 JRE (11.0.11+9-LTS-194), built on Mar 18 2021 18:46:53 by "mach5one" with MS VC++ 15.9 (VS2017)

END.
