#
# A fatal error has been detected by the Java Runtime Environment:
#
#  Internal Error (./open/src/hotspot/share/oops/generateOopMap.cpp:2164), pid=4348, tid=1480
#  fatal error: Illegal class file encountered. Try running with -Xverify:all in method drawInternal
#
# JRE version: Java(TM) SE Runtime Environment 18.9 (11.0.11+9) (build 11.0.11+9-LTS-194)
# Java VM: Java HotSpot(TM) 64-Bit Server VM 18.9 (11.0.11+9-LTS-194, mixed mode, tiered, compressed oops, g1 gc, windows-amd64)
# No core dump will be written. Minidumps are not enabled by default on client versions of Windows
#
# If you would like to submit a bug report, please visit:
#   https://bugreport.java.com/bugreport/crash.jsp
#

---------------  S U M M A R Y ------------

Command Line: -agentlib:jdwp=transport=dt_socket,address=127.0.0.1:61625,suspend=y,server=n -Djava.library.path=versions/1.8.8/1.8.8-natives -javaagent:C:\Users\BIGDAD~1\AppData\Local\Temp\groovyHotSwap11813jars\gragent.jar -javaagent:C:\Users\BIGDAD~1\AppData\Local\Temp\captureAgent10245jars\debugger-agent.jar -Dfile.encoding=UTF-8 Start

Host: AMD Ryzen 7 3700X 8-Core Processor             , 16 cores, 31G,  Windows 10 , 64 bit Build 19041 (10.0.19041.1023)
Time: Mon Aug  2 19:23:15 2021 Eastern Daylight Time elapsed time: 681.589803 seconds (0d 0h 11m 21s)

---------------  T H R E A D  ---------------

Current thread (0x00000158e656d000):  VMThread "VM Thread" [stack: 0x00000046eb800000,0x00000046eb900000] [id=1480]

Stack: [0x00000046eb800000,0x00000046eb900000]
[error occurred during error reporting (printing stack bounds), id 0xc0000005, EXCEPTION_ACCESS_VIOLATION (0xc0000005) at pc=0x00000158c0290f2d]

Native frames: (J=compiled Java code, j=interpreted, Vv=VM code, C=native code)
V  [jvm.dll+0x616f2a]
V  [jvm.dll+0x74de7f]
V  [jvm.dll+0x74f505]
V  [jvm.dll+0x74fae5]
V  [jvm.dll+0x74fa9b]
V  [jvm.dll+0x616763]
V  [jvm.dll+0x616b28]
C  [ntdll.dll+0xa217f]
C  [ntdll.dll+0x51454]
C  [ntdll.dll+0xa0cae]
C  0x00000158c0290f2d

VM_Operation (0x00000046ec4ff2b0): GetOrSetLocal, mode: safepoint, requested by thread 0x00000158e6972000


---------------  P R O C E S S  ---------------

Threads class SMR info:
_java_thread_list=0x00000158fd2316f0, length=22, elements={
0x00000158b7dec000, 0x00000158e656e000, 0x00000158e656f800, 0x00000158e65ea800,
0x00000158e65eb800, 0x00000158e65ed800, 0x00000158e65f0000, 0x00000158e65f1000,
0x00000158e6769000, 0x00000158e6972000, 0x00000158e6a66800, 0x00000158e6a68800,
0x00000158e6b62000, 0x00000158e678e800, 0x00000158e76d6800, 0x00000158ec600800,
0x00000158e7b7f000, 0x00000158f1e9b000, 0x00000158f1f98000, 0x00000158fb752800,
0x00000158f3d5a800, 0x00000158fbaf8000
}

Java Threads: ( => current thread )
  0x00000158b7dec000 JavaThread "Client thread" [_thread_blocked, id=48636, stack(0x00000046eb200000,0x00000046eb300000)]
  0x00000158e656e000 JavaThread "Reference Handler" daemon [_thread_blocked, id=38440, stack(0x00000046eb900000,0x00000046eba00000)]
  0x00000158e656f800 JavaThread "Finalizer" daemon [_thread_blocked, id=22580, stack(0x00000046eba00000,0x00000046ebb00000)]
  0x00000158e65ea800 JavaThread "Signal Dispatcher" daemon [_thread_blocked, id=49832, stack(0x00000046ebb00000,0x00000046ebc00000)]
  0x00000158e65eb800 JavaThread "Attach Listener" daemon [_thread_blocked, id=47544, stack(0x00000046ebc00000,0x00000046ebd00000)]
  0x00000158e65ed800 JavaThread "C2 CompilerThread0" daemon [_thread_blocked, id=49116, stack(0x00000046ebd00000,0x00000046ebe00000)]
  0x00000158e65f0000 JavaThread "C1 CompilerThread0" daemon [_thread_blocked, id=20592, stack(0x00000046ebe00000,0x00000046ebf00000)]
  0x00000158e65f1000 JavaThread "Sweeper thread" daemon [_thread_blocked, id=49632, stack(0x00000046ebf00000,0x00000046ec000000)]
  0x00000158e6769000 JavaThread "Common-Cleaner" daemon [_thread_blocked, id=44980, stack(0x00000046ec000000,0x00000046ec100000)]
  0x00000158e6972000 JavaThread "JDWP Transport Listener: dt_socket" daemon [_thread_blocked, id=42556, stack(0x00000046ec400000,0x00000046ec500000)] _threads_hazard_ptr=0x00000158fd2316f0
  0x00000158e6a66800 JavaThread "JDWP Event Helper Thread" daemon [_thread_blocked, id=49916, stack(0x00000046ec500000,0x00000046ec600000)]
  0x00000158e6a68800 JavaThread "JDWP Command Reader" daemon [_thread_in_native, id=41472, stack(0x00000046ec600000,0x00000046ec700000)]
  0x00000158e6b62000 JavaThread "Service Thread" daemon [_thread_blocked, id=47624, stack(0x00000046ec700000,0x00000046ec800000)]
  0x00000158e678e800 JavaThread "Snooper Timer" daemon [_thread_blocked, id=50056, stack(0x00000046ec300000,0x00000046ec400000)]
  0x00000158e76d6800 JavaThread "Snooper Timer" daemon [_thread_blocked, id=18560, stack(0x00000046ed800000,0x00000046ed900000)]
  0x00000158ec600800 JavaThread "Timer hack thread" daemon [_thread_blocked, id=47844, stack(0x00000046edd00000,0x00000046ede00000)]
  0x00000158e7b7f000 JavaThread "Java2D Disposer" daemon [_thread_blocked, id=33608, stack(0x00000046ede00000,0x00000046edf00000)]
  0x00000158f1e9b000 JavaThread "Thread-5" [_thread_blocked, id=49396, stack(0x00000046ee200000,0x00000046ee300000)]
  0x00000158f1f98000 JavaThread "Thread-6" [_thread_blocked, id=47520, stack(0x00000046ee300000,0x00000046ee400000)]
  0x00000158fb752800 JavaThread "Chunk Batcher 0" daemon [_thread_blocked, id=39828, stack(0x00000046ee800000,0x00000046ee900000)]
  0x00000158f3d5a800 JavaThread "Chunk Batcher 1" daemon [_thread_blocked, id=45204, stack(0x00000046ee900000,0x00000046eea00000)]
  0x00000158fbaf8000 JavaThread "AWT-Windows" daemon [_thread_in_native, id=45568, stack(0x00000046eec00000,0x00000046eed00000)]

Other Threads:
=>0x00000158e656d000 VMThread "VM Thread" [stack: 0x00000046eb800000,0x00000046eb900000] [id=1480]
  0x00000158e6b63000 WatcherThread [stack: 0x00000046ec800000,0x00000046ec900000] [id=35980]
  0x00000158b7e01800 GCTaskThread "GC Thread#0" [stack: 0x00000046eb300000,0x00000046eb400000] [id=33048]
  0x00000158e7368800 GCTaskThread "GC Thread#1" [stack: 0x00000046eca00000,0x00000046ecb00000] [id=44152]
  0x00000158e7328000 GCTaskThread "GC Thread#2" [stack: 0x00000046ecb00000,0x00000046ecc00000] [id=13128]
  0x00000158e7329000 GCTaskThread "GC Thread#3" [stack: 0x00000046ecc00000,0x00000046ecd00000] [id=37252]
  0x00000158e7329800 GCTaskThread "GC Thread#4" [stack: 0x00000046ecd00000,0x00000046ece00000] [id=24692]
  0x00000158e732b000 GCTaskThread "GC Thread#5" [stack: 0x00000046ece00000,0x00000046ecf00000] [id=49232]
  0x00000158e7332000 GCTaskThread "GC Thread#6" [stack: 0x00000046ecf00000,0x00000046ed000000] [id=47068]
  0x00000158e7333000 GCTaskThread "GC Thread#7" [stack: 0x00000046ed000000,0x00000046ed100000] [id=46532]
  0x00000158e7334000 GCTaskThread "GC Thread#8" [stack: 0x00000046ed100000,0x00000046ed200000] [id=49796]
  0x00000158e7335800 GCTaskThread "GC Thread#9" [stack: 0x00000046ed200000,0x00000046ed300000] [id=47980]
  0x00000158e7336000 GCTaskThread "GC Thread#10" [stack: 0x00000046ed300000,0x00000046ed400000] [id=39920]
  0x00000158e7337800 GCTaskThread "GC Thread#11" [stack: 0x00000046ed400000,0x00000046ed500000] [id=42476]
  0x00000158e79f6000 GCTaskThread "GC Thread#12" [stack: 0x00000046ee600000,0x00000046ee700000] [id=38980]
  0x00000158b7e7c800 ConcurrentGCThread "G1 Main Marker" [stack: 0x00000046eb400000,0x00000046eb500000] [id=27632]
  0x00000158b7e7d800 ConcurrentGCThread "G1 Conc#0" [stack: 0x00000046eb500000,0x00000046eb600000] [id=46924]
  0x00000158e79f3000 ConcurrentGCThread "G1 Conc#1" [stack: 0x00000046edb00000,0x00000046edc00000] [id=10872]
  0x00000158e79f6800 ConcurrentGCThread "G1 Conc#2" [stack: 0x00000046edc00000,0x00000046edd00000] [id=21904]
  0x00000158e5bcf000 ConcurrentGCThread "G1 Refine#0" [stack: 0x00000046eb600000,0x00000046eb700000] [id=50012]
  0x00000158f9e0d000 ConcurrentGCThread "G1 Refine#1" [stack: 0x00000046eea00000,0x00000046eeb00000] [id=39516]
  0x00000158e5bd2000 ConcurrentGCThread "G1 Young RemSet Sampling" [stack: 0x00000046eb700000,0x00000046eb800000] [id=46904]

Threads with active compile tasks:

VM state:at safepoint (normal execution)

VM Mutex/Monitor currently owned by a thread:  ([mutex/lock_event])
[0x00000158b7de7b10] Threads_lock - owner thread: 0x00000158e656d000

Heap address: 0x0000000600c00000, size: 8180 MB, Compressed Oops mode: Zero based, Oop shift amount: 3
Narrow klass base: 0x0000000800000000, Narrow klass shift: 0
Compressed class space size: 1073741824 Address: 0x0000000800000000

Heap:
 garbage-first heap   total 630784K, used 415373K [0x0000000600c00000, 0x0000000800000000)
  region size 2048K, 167 young (342016K), 2 survivors (4096K)
 Metaspace       used 39159K, capacity 39690K, committed 39984K, reserved 1085440K
  class space    used 4016K, capacity 4178K, committed 4224K, reserved 1048576K
Heap Regions: E=young(eden), S=young(survivor), O=old, HS=humongous(starts), HC=humongous(continues), CS=collection set, F=free, A=archive, TAMS=top-at-mark-start (previous, next)
|   0|0x0000000600c00000, 0x0000000600e00000, 0x0000000600e00000|100%| O|  |TAMS 0x0000000600e00000, 0x0000000600c00000| Untracked 
|   1|0x0000000600e00000, 0x0000000601000000, 0x0000000601000000|100%|HS|  |TAMS 0x0000000601000000, 0x0000000600e00000| Complete 
|   2|0x0000000601000000, 0x0000000601200000, 0x0000000601200000|100%|HC|  |TAMS 0x0000000601200000, 0x0000000601000000| Complete 
|   3|0x0000000601200000, 0x0000000601400000, 0x0000000601400000|100%|HC|  |TAMS 0x0000000601400000, 0x0000000601200000| Complete 
|   4|0x0000000601400000, 0x0000000601600000, 0x0000000601600000|100%|HC|  |TAMS 0x0000000601600000, 0x0000000601400000| Complete 
|   5|0x0000000601600000, 0x0000000601800000, 0x0000000601800000|100%|HC|  |TAMS 0x0000000601800000, 0x0000000601600000| Complete 
|   6|0x0000000601800000, 0x0000000601a00000, 0x0000000601a00000|100%|HC|  |TAMS 0x0000000601a00000, 0x0000000601800000| Complete 
|   7|0x0000000601a00000, 0x0000000601c00000, 0x0000000601c00000|100%|HS|  |TAMS 0x0000000601c00000, 0x0000000601a00000| Complete 
|   8|0x0000000601c00000, 0x0000000601e00000, 0x0000000601e00000|100%|HC|  |TAMS 0x0000000601e00000, 0x0000000601c00000| Complete 
|   9|0x0000000601e00000, 0x0000000602000000, 0x0000000602000000|100%|HC|  |TAMS 0x0000000602000000, 0x0000000601e00000| Complete 
|  10|0x0000000602000000, 0x0000000602200000, 0x0000000602200000|100%| O|  |TAMS 0x0000000602200000, 0x0000000602000000| Untracked 
|  11|0x0000000602200000, 0x0000000602400000, 0x0000000602400000|100%| O|  |TAMS 0x0000000602400000, 0x0000000602200000| Untracked 
|  12|0x0000000602400000, 0x0000000602600000, 0x0000000602600000|100%| O|  |TAMS 0x0000000602600000, 0x0000000602400000| Untracked 
|  13|0x0000000602600000, 0x0000000602800000, 0x0000000602800000|100%| O|  |TAMS 0x0000000602800000, 0x0000000602600000| Untracked 
|  14|0x0000000602800000, 0x0000000602a00000, 0x0000000602a00000|100%| O|  |TAMS 0x0000000602a00000, 0x0000000602800000| Untracked 
|  15|0x0000000602a00000, 0x0000000602c00000, 0x0000000602c00000|100%| O|  |TAMS 0x0000000602c00000, 0x0000000602a00000| Untracked 
|  16|0x0000000602c00000, 0x0000000602e00000, 0x0000000602e00000|100%| O|  |TAMS 0x0000000602e00000, 0x0000000602c00000| Untracked 
|  17|0x0000000602e00000, 0x0000000603000000, 0x0000000603000000|100%| O|  |TAMS 0x0000000603000000, 0x0000000602e00000| Untracked 
|  18|0x0000000603000000, 0x0000000603200000, 0x0000000603200000|100%| O|  |TAMS 0x0000000603200000, 0x0000000603000000| Untracked 
|  19|0x0000000603200000, 0x0000000603400000, 0x0000000603400000|100%| O|  |TAMS 0x0000000603400000, 0x0000000603200000| Untracked 
|  20|0x0000000603400000, 0x0000000603600000, 0x0000000603600000|100%| O|  |TAMS 0x0000000603600000, 0x0000000603400000| Untracked 
|  21|0x0000000603600000, 0x0000000603800000, 0x0000000603800000|100%| O|  |TAMS 0x0000000603800000, 0x0000000603600000| Untracked 
|  22|0x0000000603800000, 0x0000000603a00000, 0x0000000603a00000|100%| O|  |TAMS 0x0000000603a00000, 0x0000000603800000| Untracked 
|  23|0x0000000603a00000, 0x0000000603c00000, 0x0000000603c00000|100%| O|  |TAMS 0x0000000603c00000, 0x0000000603a00000| Untracked 
|  24|0x0000000603c00000, 0x0000000603e00000, 0x0000000603e00000|100%| O|  |TAMS 0x0000000603e00000, 0x0000000603c00000| Untracked 
|  25|0x0000000603e00000, 0x0000000604000000, 0x0000000604000000|100%| O|  |TAMS 0x0000000604000000, 0x0000000603e00000| Untracked 
|  26|0x0000000604000000, 0x0000000604003400, 0x0000000604200000|  0%| O|  |TAMS 0x0000000604003400, 0x0000000604000000| Untracked 
|  27|0x0000000604200000, 0x0000000604200000, 0x0000000604400000|  0%| F|  |TAMS 0x0000000604200000, 0x0000000604200000| Untracked 
|  28|0x0000000604400000, 0x0000000604600000, 0x0000000604600000|100%| O|  |TAMS 0x0000000604600000, 0x0000000604400000| Untracked 
|  29|0x0000000604600000, 0x0000000604800000, 0x0000000604800000|100%| O|  |TAMS 0x0000000604800000, 0x0000000604600000| Untracked 
|  30|0x0000000604800000, 0x0000000604a00000, 0x0000000604a00000|100%| O|  |TAMS 0x0000000604a00000, 0x0000000604800000| Untracked 
|  31|0x0000000604a00000, 0x0000000604c00000, 0x0000000604c00000|100%| O|  |TAMS 0x0000000604c00000, 0x0000000604a00000| Untracked 
|  32|0x0000000604c00000, 0x0000000604e00000, 0x0000000604e00000|100%| O|  |TAMS 0x0000000604e00000, 0x0000000604c00000| Untracked 
|  33|0x0000000604e00000, 0x0000000605000000, 0x0000000605000000|100%| O|  |TAMS 0x0000000605000000, 0x0000000604e00000| Untracked 
|  34|0x0000000605000000, 0x0000000605200000, 0x0000000605200000|100%| O|  |TAMS 0x0000000605200000, 0x0000000605000000| Untracked 
|  35|0x0000000605200000, 0x0000000605400000, 0x0000000605400000|100%| O|  |TAMS 0x0000000605400000, 0x0000000605200000| Untracked 
|  36|0x0000000605400000, 0x0000000605600000, 0x0000000605600000|100%| O|  |TAMS 0x0000000605600000, 0x0000000605400000| Untracked 
|  37|0x0000000605600000, 0x0000000605800000, 0x0000000605800000|100%| O|  |TAMS 0x0000000605800000, 0x0000000605600000| Untracked 
|  38|0x0000000605800000, 0x0000000605a00000, 0x0000000605a00000|100%| O|  |TAMS 0x0000000605a00000, 0x0000000605800000| Untracked 
|  39|0x0000000605a00000, 0x0000000605a00000, 0x0000000605c00000|  0%| F|  |TAMS 0x0000000605a00000, 0x0000000605a00000| Untracked 
|  40|0x0000000605c00000, 0x0000000605c00000, 0x0000000605e00000|  0%| F|  |TAMS 0x0000000605c00000, 0x0000000605c00000| Untracked 
|  41|0x0000000605e00000, 0x0000000605e00000, 0x0000000606000000|  0%| F|  |TAMS 0x0000000605e00000, 0x0000000605e00000| Untracked 
|  42|0x0000000606000000, 0x0000000606000000, 0x0000000606200000|  0%| F|  |TAMS 0x0000000606000000, 0x0000000606000000| Untracked 
|  43|0x0000000606200000, 0x0000000606200000, 0x0000000606400000|  0%| F|  |TAMS 0x0000000606200000, 0x0000000606200000| Untracked 
|  44|0x0000000606400000, 0x0000000606400000, 0x0000000606600000|  0%| F|  |TAMS 0x0000000606400000, 0x0000000606400000| Untracked 
|  45|0x0000000606600000, 0x0000000606600000, 0x0000000606800000|  0%| F|  |TAMS 0x0000000606600000, 0x0000000606600000| Untracked 
|  46|0x0000000606800000, 0x0000000606800000, 0x0000000606a00000|  0%| F|  |TAMS 0x0000000606800000, 0x0000000606800000| Untracked 
|  47|0x0000000606a00000, 0x0000000606a00000, 0x0000000606c00000|  0%| F|  |TAMS 0x0000000606a00000, 0x0000000606a00000| Untracked 
|  48|0x0000000606c00000, 0x0000000606c00000, 0x0000000606e00000|  0%| F|  |TAMS 0x0000000606c00000, 0x0000000606c00000| Untracked 
|  49|0x0000000606e00000, 0x0000000606e00000, 0x0000000607000000|  0%| F|  |TAMS 0x0000000606e00000, 0x0000000606e00000| Untracked 
|  50|0x0000000607000000, 0x0000000607000000, 0x0000000607200000|  0%| F|  |TAMS 0x0000000607000000, 0x0000000607000000| Untracked 
|  51|0x0000000607200000, 0x0000000607200000, 0x0000000607400000|  0%| F|  |TAMS 0x0000000607200000, 0x0000000607200000| Untracked 
|  52|0x0000000607400000, 0x0000000607400000, 0x0000000607600000|  0%| F|  |TAMS 0x0000000607400000, 0x0000000607400000| Untracked 
|  53|0x0000000607600000, 0x0000000607600000, 0x0000000607800000|  0%| F|  |TAMS 0x0000000607600000, 0x0000000607600000| Untracked 
|  54|0x0000000607800000, 0x0000000607800000, 0x0000000607a00000|  0%| F|  |TAMS 0x0000000607800000, 0x0000000607800000| Untracked 
|  55|0x0000000607a00000, 0x0000000607a00000, 0x0000000607c00000|  0%| F|  |TAMS 0x0000000607a00000, 0x0000000607a00000| Untracked 
|  56|0x0000000607c00000, 0x0000000607c00000, 0x0000000607e00000|  0%| F|  |TAMS 0x0000000607c00000, 0x0000000607c00000| Untracked 
|  57|0x0000000607e00000, 0x0000000607e00000, 0x0000000608000000|  0%| F|  |TAMS 0x0000000607e00000, 0x0000000607e00000| Untracked 
|  58|0x0000000608000000, 0x0000000608000000, 0x0000000608200000|  0%| F|  |TAMS 0x0000000608000000, 0x0000000608000000| Untracked 
|  59|0x0000000608200000, 0x0000000608200000, 0x0000000608400000|  0%| F|  |TAMS 0x0000000608200000, 0x0000000608200000| Untracked 
|  60|0x0000000608400000, 0x0000000608400000, 0x0000000608600000|  0%| F|  |TAMS 0x0000000608400000, 0x0000000608400000| Untracked 
|  61|0x0000000608600000, 0x0000000608600000, 0x0000000608800000|  0%| F|  |TAMS 0x0000000608600000, 0x0000000608600000| Untracked 
|  62|0x0000000608800000, 0x0000000608800000, 0x0000000608a00000|  0%| F|  |TAMS 0x0000000608800000, 0x0000000608800000| Untracked 
|  63|0x0000000608a00000, 0x0000000608a00000, 0x0000000608c00000|  0%| F|  |TAMS 0x0000000608a00000, 0x0000000608a00000| Untracked 
|  64|0x0000000608c00000, 0x0000000608c00000, 0x0000000608e00000|  0%| F|  |TAMS 0x0000000608c00000, 0x0000000608c00000| Untracked 
|  65|0x0000000608e00000, 0x0000000608e00000, 0x0000000609000000|  0%| F|  |TAMS 0x0000000608e00000, 0x0000000608e00000| Untracked 
|  66|0x0000000609000000, 0x0000000609000000, 0x0000000609200000|  0%| F|  |TAMS 0x0000000609000000, 0x0000000609000000| Untracked 
|  67|0x0000000609200000, 0x0000000609200000, 0x0000000609400000|  0%| F|  |TAMS 0x0000000609200000, 0x0000000609200000| Untracked 
|  68|0x0000000609400000, 0x0000000609400000, 0x0000000609600000|  0%| F|  |TAMS 0x0000000609400000, 0x0000000609400000| Untracked 
|  69|0x0000000609600000, 0x0000000609600000, 0x0000000609800000|  0%| F|  |TAMS 0x0000000609600000, 0x0000000609600000| Untracked 
|  70|0x0000000609800000, 0x0000000609800000, 0x0000000609a00000|  0%| F|  |TAMS 0x0000000609800000, 0x0000000609800000| Untracked 
|  71|0x0000000609a00000, 0x0000000609a00000, 0x0000000609c00000|  0%| F|  |TAMS 0x0000000609a00000, 0x0000000609a00000| Untracked 
|  72|0x0000000609c00000, 0x0000000609c00000, 0x0000000609e00000|  0%| F|  |TAMS 0x0000000609c00000, 0x0000000609c00000| Untracked 
|  73|0x0000000609e00000, 0x0000000609e00000, 0x000000060a000000|  0%| F|  |TAMS 0x0000000609e00000, 0x0000000609e00000| Untracked 
|  74|0x000000060a000000, 0x000000060a000000, 0x000000060a200000|  0%| F|  |TAMS 0x000000060a000000, 0x000000060a000000| Untracked 
|  75|0x000000060a200000, 0x000000060a200000, 0x000000060a400000|  0%| F|  |TAMS 0x000000060a200000, 0x000000060a200000| Untracked 
|  76|0x000000060a400000, 0x000000060a400000, 0x000000060a600000|  0%| F|  |TAMS 0x000000060a400000, 0x000000060a400000| Untracked 
|  77|0x000000060a600000, 0x000000060a600000, 0x000000060a800000|  0%| F|  |TAMS 0x000000060a600000, 0x000000060a600000| Untracked 
|  78|0x000000060a800000, 0x000000060a800000, 0x000000060aa00000|  0%| F|  |TAMS 0x000000060a800000, 0x000000060a800000| Untracked 
|  79|0x000000060aa00000, 0x000000060aa00000, 0x000000060ac00000|  0%| F|  |TAMS 0x000000060aa00000, 0x000000060aa00000| Untracked 
|  80|0x000000060ac00000, 0x000000060ac00000, 0x000000060ae00000|  0%| F|  |TAMS 0x000000060ac00000, 0x000000060ac00000| Untracked 
|  81|0x000000060ae00000, 0x000000060ae00000, 0x000000060b000000|  0%| F|  |TAMS 0x000000060ae00000, 0x000000060ae00000| Untracked 
|  82|0x000000060b000000, 0x000000060b000000, 0x000000060b200000|  0%| F|  |TAMS 0x000000060b000000, 0x000000060b000000| Untracked 
|  83|0x000000060b200000, 0x000000060b200000, 0x000000060b400000|  0%| F|  |TAMS 0x000000060b200000, 0x000000060b200000| Untracked 
|  84|0x000000060b400000, 0x000000060b400000, 0x000000060b600000|  0%| F|  |TAMS 0x000000060b400000, 0x000000060b400000| Untracked 
|  85|0x000000060b600000, 0x000000060b600000, 0x000000060b800000|  0%| F|  |TAMS 0x000000060b600000, 0x000000060b600000| Untracked 
|  86|0x000000060b800000, 0x000000060b800000, 0x000000060ba00000|  0%| F|  |TAMS 0x000000060b800000, 0x000000060b800000| Untracked 
|  87|0x000000060ba00000, 0x000000060ba00000, 0x000000060bc00000|  0%| F|  |TAMS 0x000000060ba00000, 0x000000060ba00000| Untracked 
|  88|0x000000060bc00000, 0x000000060bc00000, 0x000000060be00000|  0%| F|  |TAMS 0x000000060bc00000, 0x000000060bc00000| Untracked 
|  89|0x000000060be00000, 0x000000060be00000, 0x000000060c000000|  0%| F|  |TAMS 0x000000060be00000, 0x000000060be00000| Untracked 
|  90|0x000000060c000000, 0x000000060c000000, 0x000000060c200000|  0%| F|  |TAMS 0x000000060c000000, 0x000000060c000000| Untracked 
|  91|0x000000060c200000, 0x000000060c200000, 0x000000060c400000|  0%| F|  |TAMS 0x000000060c200000, 0x000000060c200000| Untracked 
|  92|0x000000060c400000, 0x000000060c400000, 0x000000060c600000|  0%| F|  |TAMS 0x000000060c400000, 0x000000060c400000| Untracked 
|  93|0x000000060c600000, 0x000000060c600000, 0x000000060c800000|  0%| F|  |TAMS 0x000000060c600000, 0x000000060c600000| Untracked 
|  94|0x000000060c800000, 0x000000060c800000, 0x000000060ca00000|  0%| F|  |TAMS 0x000000060c800000, 0x000000060c800000| Untracked 
|  95|0x000000060ca00000, 0x000000060ca00000, 0x000000060cc00000|  0%| F|  |TAMS 0x000000060ca00000, 0x000000060ca00000| Untracked 
|  96|0x000000060cc00000, 0x000000060cc00000, 0x000000060ce00000|  0%| F|  |TAMS 0x000000060cc00000, 0x000000060cc00000| Untracked 
|  97|0x000000060ce00000, 0x000000060ce00000, 0x000000060d000000|  0%| F|  |TAMS 0x000000060ce00000, 0x000000060ce00000| Untracked 
|  98|0x000000060d000000, 0x000000060d000000, 0x000000060d200000|  0%| F|  |TAMS 0x000000060d000000, 0x000000060d000000| Untracked 
|  99|0x000000060d200000, 0x000000060d200000, 0x000000060d400000|  0%| F|  |TAMS 0x000000060d200000, 0x000000060d200000| Untracked 
| 100|0x000000060d400000, 0x000000060d400000, 0x000000060d600000|  0%| F|  |TAMS 0x000000060d400000, 0x000000060d400000| Untracked 
| 101|0x000000060d600000, 0x000000060d600000, 0x000000060d800000|  0%| F|  |TAMS 0x000000060d600000, 0x000000060d600000| Untracked 
| 102|0x000000060d800000, 0x000000060d800000, 0x000000060da00000|  0%| F|  |TAMS 0x000000060d800000, 0x000000060d800000| Untracked 
| 103|0x000000060da00000, 0x000000060da00000, 0x000000060dc00000|  0%| F|  |TAMS 0x000000060da00000, 0x000000060da00000| Untracked 
| 104|0x000000060dc00000, 0x000000060dc00000, 0x000000060de00000|  0%| F|  |TAMS 0x000000060dc00000, 0x000000060dc00000| Untracked 
| 105|0x000000060de00000, 0x000000060de00000, 0x000000060e000000|  0%| F|  |TAMS 0x000000060de00000, 0x000000060de00000| Untracked 
| 106|0x000000060e000000, 0x000000060e000000, 0x000000060e200000|  0%| F|  |TAMS 0x000000060e000000, 0x000000060e000000| Untracked 
| 107|0x000000060e200000, 0x000000060e200000, 0x000000060e400000|  0%| F|  |TAMS 0x000000060e200000, 0x000000060e200000| Untracked 
| 108|0x000000060e400000, 0x000000060e400000, 0x000000060e600000|  0%| F|  |TAMS 0x000000060e400000, 0x000000060e400000| Untracked 
| 109|0x000000060e600000, 0x000000060e600000, 0x000000060e800000|  0%| F|  |TAMS 0x000000060e600000, 0x000000060e600000| Untracked 
| 110|0x000000060e800000, 0x000000060e800000, 0x000000060ea00000|  0%| F|  |TAMS 0x000000060e800000, 0x000000060e800000| Untracked 
| 111|0x000000060ea00000, 0x000000060ea00000, 0x000000060ec00000|  0%| F|  |TAMS 0x000000060ea00000, 0x000000060ea00000| Untracked 
| 112|0x000000060ec00000, 0x000000060ec00000, 0x000000060ee00000|  0%| F|  |TAMS 0x000000060ec00000, 0x000000060ec00000| Untracked 
| 113|0x000000060ee00000, 0x000000060ee00000, 0x000000060f000000|  0%| F|  |TAMS 0x000000060ee00000, 0x000000060ee00000| Untracked 
| 114|0x000000060f000000, 0x000000060f000000, 0x000000060f200000|  0%| F|  |TAMS 0x000000060f000000, 0x000000060f000000| Untracked 
| 115|0x000000060f200000, 0x000000060f200000, 0x000000060f400000|  0%| F|  |TAMS 0x000000060f200000, 0x000000060f200000| Untracked 
| 116|0x000000060f400000, 0x000000060f400000, 0x000000060f600000|  0%| F|  |TAMS 0x000000060f400000, 0x000000060f400000| Untracked 
| 117|0x000000060f600000, 0x000000060f600000, 0x000000060f800000|  0%| F|  |TAMS 0x000000060f600000, 0x000000060f600000| Untracked 
| 118|0x000000060f800000, 0x000000060f800000, 0x000000060fa00000|  0%| F|  |TAMS 0x000000060f800000, 0x000000060f800000| Untracked 
| 119|0x000000060fa00000, 0x000000060fa00000, 0x000000060fc00000|  0%| F|  |TAMS 0x000000060fa00000, 0x000000060fa00000| Untracked 
| 120|0x000000060fc00000, 0x000000060fc00000, 0x000000060fe00000|  0%| F|  |TAMS 0x000000060fc00000, 0x000000060fc00000| Untracked 
| 121|0x000000060fe00000, 0x000000060fe00000, 0x0000000610000000|  0%| F|  |TAMS 0x000000060fe00000, 0x000000060fe00000| Untracked 
| 122|0x0000000610000000, 0x0000000610000000, 0x0000000610200000|  0%| F|  |TAMS 0x0000000610000000, 0x0000000610000000| Untracked 
| 123|0x0000000610200000, 0x0000000610200000, 0x0000000610400000|  0%| F|  |TAMS 0x0000000610200000, 0x0000000610200000| Untracked 
| 124|0x0000000610400000, 0x0000000610400000, 0x0000000610600000|  0%| F|  |TAMS 0x0000000610400000, 0x0000000610400000| Untracked 
| 125|0x0000000610600000, 0x0000000610600000, 0x0000000610800000|  0%| F|  |TAMS 0x0000000610600000, 0x0000000610600000| Untracked 
| 126|0x0000000610800000, 0x0000000610800000, 0x0000000610a00000|  0%| F|  |TAMS 0x0000000610800000, 0x0000000610800000| Untracked 
| 127|0x0000000610a00000, 0x0000000610a00000, 0x0000000610c00000|  0%| F|  |TAMS 0x0000000610a00000, 0x0000000610a00000| Untracked 
| 128|0x0000000610c00000, 0x0000000610c00000, 0x0000000610e00000|  0%| F|  |TAMS 0x0000000610c00000, 0x0000000610c00000| Untracked 
| 129|0x0000000610e00000, 0x0000000610e00000, 0x0000000611000000|  0%| F|  |TAMS 0x0000000610e00000, 0x0000000610e00000| Untracked 
| 130|0x0000000611000000, 0x0000000611000000, 0x0000000611200000|  0%| F|  |TAMS 0x0000000611000000, 0x0000000611000000| Untracked 
| 131|0x0000000611200000, 0x0000000611200000, 0x0000000611400000|  0%| F|  |TAMS 0x0000000611200000, 0x0000000611200000| Untracked 
| 132|0x0000000611400000, 0x0000000611400000, 0x0000000611600000|  0%| F|  |TAMS 0x0000000611400000, 0x0000000611400000| Untracked 
| 133|0x0000000611600000, 0x0000000611600000, 0x0000000611800000|  0%| F|  |TAMS 0x0000000611600000, 0x0000000611600000| Untracked 
| 134|0x0000000611800000, 0x0000000611800000, 0x0000000611a00000|  0%| F|  |TAMS 0x0000000611800000, 0x0000000611800000| Untracked 
| 135|0x0000000611a00000, 0x0000000611a00000, 0x0000000611c00000|  0%| F|  |TAMS 0x0000000611a00000, 0x0000000611a00000| Untracked 
| 136|0x0000000611c00000, 0x0000000611c00000, 0x0000000611e00000|  0%| F|  |TAMS 0x0000000611c00000, 0x0000000611c00000| Untracked 
| 137|0x0000000611e00000, 0x0000000611e00000, 0x0000000612000000|  0%| F|  |TAMS 0x0000000611e00000, 0x0000000611e00000| Untracked 
| 138|0x0000000612000000, 0x0000000612000000, 0x0000000612200000|  0%| F|  |TAMS 0x0000000612000000, 0x0000000612000000| Untracked 
| 139|0x0000000612200000, 0x0000000612200000, 0x0000000612400000|  0%| F|  |TAMS 0x0000000612200000, 0x0000000612200000| Untracked 
| 140|0x0000000612400000, 0x0000000612400000, 0x0000000612600000|  0%| F|  |TAMS 0x0000000612400000, 0x0000000612400000| Untracked 
| 141|0x0000000612600000, 0x0000000612800000, 0x0000000612800000|100%| E|  |TAMS 0x0000000612600000, 0x0000000612600000| Complete 
| 142|0x0000000612800000, 0x0000000612a00000, 0x0000000612a00000|100%| E|CS|TAMS 0x0000000612800000, 0x0000000612800000| Complete 
| 143|0x0000000612a00000, 0x0000000612c00000, 0x0000000612c00000|100%| E|CS|TAMS 0x0000000612a00000, 0x0000000612a00000| Complete 
| 144|0x0000000612c00000, 0x0000000612e00000, 0x0000000612e00000|100%| E|CS|TAMS 0x0000000612c00000, 0x0000000612c00000| Complete 
| 145|0x0000000612e00000, 0x0000000613000000, 0x0000000613000000|100%| E|CS|TAMS 0x0000000612e00000, 0x0000000612e00000| Complete 
| 146|0x0000000613000000, 0x00000006131a0138, 0x0000000613200000| 81%| S|CS|TAMS 0x0000000613000000, 0x0000000613000000| Complete 
| 147|0x0000000613200000, 0x0000000613400000, 0x0000000613400000|100%| S|CS|TAMS 0x0000000613200000, 0x0000000613200000| Complete 
| 148|0x0000000613400000, 0x0000000613600000, 0x0000000613600000|100%| E|CS|TAMS 0x0000000613400000, 0x0000000613400000| Complete 
| 149|0x0000000613600000, 0x0000000613800000, 0x0000000613800000|100%| E|CS|TAMS 0x0000000613600000, 0x0000000613600000| Complete 
| 150|0x0000000613800000, 0x0000000613a00000, 0x0000000613a00000|100%| E|CS|TAMS 0x0000000613800000, 0x0000000613800000| Complete 
| 151|0x0000000613a00000, 0x0000000613c00000, 0x0000000613c00000|100%| E|CS|TAMS 0x0000000613a00000, 0x0000000613a00000| Complete 
| 152|0x0000000613c00000, 0x0000000613e00000, 0x0000000613e00000|100%| E|CS|TAMS 0x0000000613c00000, 0x0000000613c00000| Complete 
| 153|0x0000000613e00000, 0x0000000614000000, 0x0000000614000000|100%| E|CS|TAMS 0x0000000613e00000, 0x0000000613e00000| Complete 
| 154|0x0000000614000000, 0x0000000614200000, 0x0000000614200000|100%| E|CS|TAMS 0x0000000614000000, 0x0000000614000000| Complete 
| 155|0x0000000614200000, 0x0000000614400000, 0x0000000614400000|100%| E|CS|TAMS 0x0000000614200000, 0x0000000614200000| Complete 
| 156|0x0000000614400000, 0x0000000614600000, 0x0000000614600000|100%| E|CS|TAMS 0x0000000614400000, 0x0000000614400000| Complete 
| 157|0x0000000614600000, 0x0000000614800000, 0x0000000614800000|100%| E|CS|TAMS 0x0000000614600000, 0x0000000614600000| Complete 
| 158|0x0000000614800000, 0x0000000614a00000, 0x0000000614a00000|100%| E|CS|TAMS 0x0000000614800000, 0x0000000614800000| Complete 
| 159|0x0000000614a00000, 0x0000000614c00000, 0x0000000614c00000|100%| E|CS|TAMS 0x0000000614a00000, 0x0000000614a00000| Complete 
| 160|0x0000000614c00000, 0x0000000614e00000, 0x0000000614e00000|100%| E|CS|TAMS 0x0000000614c00000, 0x0000000614c00000| Complete 
| 161|0x0000000614e00000, 0x0000000615000000, 0x0000000615000000|100%| E|CS|TAMS 0x0000000614e00000, 0x0000000614e00000| Complete 
| 162|0x0000000615000000, 0x0000000615200000, 0x0000000615200000|100%| E|CS|TAMS 0x0000000615000000, 0x0000000615000000| Complete 
| 163|0x0000000615200000, 0x0000000615400000, 0x0000000615400000|100%| E|CS|TAMS 0x0000000615200000, 0x0000000615200000| Complete 
| 164|0x0000000615400000, 0x0000000615600000, 0x0000000615600000|100%| E|CS|TAMS 0x0000000615400000, 0x0000000615400000| Complete 
| 165|0x0000000615600000, 0x0000000615800000, 0x0000000615800000|100%| E|CS|TAMS 0x0000000615600000, 0x0000000615600000| Complete 
| 166|0x0000000615800000, 0x0000000615a00000, 0x0000000615a00000|100%| E|CS|TAMS 0x0000000615800000, 0x0000000615800000| Complete 
| 167|0x0000000615a00000, 0x0000000615c00000, 0x0000000615c00000|100%| E|CS|TAMS 0x0000000615a00000, 0x0000000615a00000| Complete 
| 168|0x0000000615c00000, 0x0000000615e00000, 0x0000000615e00000|100%| E|CS|TAMS 0x0000000615c00000, 0x0000000615c00000| Complete 
| 169|0x0000000615e00000, 0x0000000616000000, 0x0000000616000000|100%| E|CS|TAMS 0x0000000615e00000, 0x0000000615e00000| Complete 
| 170|0x0000000616000000, 0x0000000616200000, 0x0000000616200000|100%| E|CS|TAMS 0x0000000616000000, 0x0000000616000000| Complete 
| 171|0x0000000616200000, 0x0000000616400000, 0x0000000616400000|100%| E|CS|TAMS 0x0000000616200000, 0x0000000616200000| Complete 
| 172|0x0000000616400000, 0x0000000616600000, 0x0000000616600000|100%| E|CS|TAMS 0x0000000616400000, 0x0000000616400000| Complete 
| 173|0x0000000616600000, 0x0000000616800000, 0x0000000616800000|100%| E|CS|TAMS 0x0000000616600000, 0x0000000616600000| Complete 
| 174|0x0000000616800000, 0x0000000616a00000, 0x0000000616a00000|100%| E|CS|TAMS 0x0000000616800000, 0x0000000616800000| Complete 
| 175|0x0000000616a00000, 0x0000000616c00000, 0x0000000616c00000|100%| E|CS|TAMS 0x0000000616a00000, 0x0000000616a00000| Complete 
| 176|0x0000000616c00000, 0x0000000616e00000, 0x0000000616e00000|100%| E|CS|TAMS 0x0000000616c00000, 0x0000000616c00000| Complete 
| 177|0x0000000616e00000, 0x0000000617000000, 0x0000000617000000|100%| E|CS|TAMS 0x0000000616e00000, 0x0000000616e00000| Complete 
| 178|0x0000000617000000, 0x0000000617200000, 0x0000000617200000|100%| E|CS|TAMS 0x0000000617000000, 0x0000000617000000| Complete 
| 179|0x0000000617200000, 0x0000000617400000, 0x0000000617400000|100%| E|CS|TAMS 0x0000000617200000, 0x0000000617200000| Complete 
| 180|0x0000000617400000, 0x0000000617600000, 0x0000000617600000|100%| E|CS|TAMS 0x0000000617400000, 0x0000000617400000| Complete 
| 181|0x0000000617600000, 0x0000000617800000, 0x0000000617800000|100%| E|CS|TAMS 0x0000000617600000, 0x0000000617600000| Complete 
| 182|0x0000000617800000, 0x0000000617a00000, 0x0000000617a00000|100%| E|CS|TAMS 0x0000000617800000, 0x0000000617800000| Complete 
| 183|0x0000000617a00000, 0x0000000617c00000, 0x0000000617c00000|100%| E|CS|TAMS 0x0000000617a00000, 0x0000000617a00000| Complete 
| 184|0x0000000617c00000, 0x0000000617e00000, 0x0000000617e00000|100%| E|CS|TAMS 0x0000000617c00000, 0x0000000617c00000| Complete 
| 185|0x0000000617e00000, 0x0000000618000000, 0x0000000618000000|100%| E|CS|TAMS 0x0000000617e00000, 0x0000000617e00000| Complete 
| 186|0x0000000618000000, 0x0000000618200000, 0x0000000618200000|100%| E|CS|TAMS 0x0000000618000000, 0x0000000618000000| Complete 
| 187|0x0000000618200000, 0x0000000618400000, 0x0000000618400000|100%| E|CS|TAMS 0x0000000618200000, 0x0000000618200000| Complete 
| 188|0x0000000618400000, 0x0000000618600000, 0x0000000618600000|100%| E|CS|TAMS 0x0000000618400000, 0x0000000618400000| Complete 
| 189|0x0000000618600000, 0x0000000618800000, 0x0000000618800000|100%| E|CS|TAMS 0x0000000618600000, 0x0000000618600000| Complete 
| 190|0x0000000618800000, 0x0000000618a00000, 0x0000000618a00000|100%| E|CS|TAMS 0x0000000618800000, 0x0000000618800000| Complete 
| 191|0x0000000618a00000, 0x0000000618c00000, 0x0000000618c00000|100%| E|CS|TAMS 0x0000000618a00000, 0x0000000618a00000| Complete 
| 192|0x0000000618c00000, 0x0000000618e00000, 0x0000000618e00000|100%| E|CS|TAMS 0x0000000618c00000, 0x0000000618c00000| Complete 
| 193|0x0000000618e00000, 0x0000000619000000, 0x0000000619000000|100%| E|CS|TAMS 0x0000000618e00000, 0x0000000618e00000| Complete 
| 194|0x0000000619000000, 0x0000000619200000, 0x0000000619200000|100%| E|CS|TAMS 0x0000000619000000, 0x0000000619000000| Complete 
| 195|0x0000000619200000, 0x0000000619400000, 0x0000000619400000|100%| E|CS|TAMS 0x0000000619200000, 0x0000000619200000| Complete 
| 196|0x0000000619400000, 0x0000000619600000, 0x0000000619600000|100%| E|CS|TAMS 0x0000000619400000, 0x0000000619400000| Complete 
| 197|0x0000000619600000, 0x0000000619800000, 0x0000000619800000|100%| E|CS|TAMS 0x0000000619600000, 0x0000000619600000| Complete 
| 198|0x0000000619800000, 0x0000000619a00000, 0x0000000619a00000|100%| E|CS|TAMS 0x0000000619800000, 0x0000000619800000| Complete 
| 199|0x0000000619a00000, 0x0000000619c00000, 0x0000000619c00000|100%| E|CS|TAMS 0x0000000619a00000, 0x0000000619a00000| Complete 
| 200|0x0000000619c00000, 0x0000000619e00000, 0x0000000619e00000|100%| E|CS|TAMS 0x0000000619c00000, 0x0000000619c00000| Complete 
| 201|0x0000000619e00000, 0x000000061a000000, 0x000000061a000000|100%| E|CS|TAMS 0x0000000619e00000, 0x0000000619e00000| Complete 
| 202|0x000000061a000000, 0x000000061a200000, 0x000000061a200000|100%| E|CS|TAMS 0x000000061a000000, 0x000000061a000000| Complete 
| 203|0x000000061a200000, 0x000000061a400000, 0x000000061a400000|100%| E|CS|TAMS 0x000000061a200000, 0x000000061a200000| Complete 
| 204|0x000000061a400000, 0x000000061a600000, 0x000000061a600000|100%| E|CS|TAMS 0x000000061a400000, 0x000000061a400000| Complete 
| 205|0x000000061a600000, 0x000000061a800000, 0x000000061a800000|100%| E|CS|TAMS 0x000000061a600000, 0x000000061a600000| Complete 
| 206|0x000000061a800000, 0x000000061aa00000, 0x000000061aa00000|100%| E|CS|TAMS 0x000000061a800000, 0x000000061a800000| Complete 
| 207|0x000000061aa00000, 0x000000061ac00000, 0x000000061ac00000|100%| E|CS|TAMS 0x000000061aa00000, 0x000000061aa00000| Complete 
| 208|0x000000061ac00000, 0x000000061ae00000, 0x000000061ae00000|100%| E|CS|TAMS 0x000000061ac00000, 0x000000061ac00000| Complete 
| 209|0x000000061ae00000, 0x000000061b000000, 0x000000061b000000|100%| E|CS|TAMS 0x000000061ae00000, 0x000000061ae00000| Complete 
| 210|0x000000061b000000, 0x000000061b200000, 0x000000061b200000|100%| E|CS|TAMS 0x000000061b000000, 0x000000061b000000| Complete 
| 211|0x000000061b200000, 0x000000061b400000, 0x000000061b400000|100%| E|CS|TAMS 0x000000061b200000, 0x000000061b200000| Complete 
| 212|0x000000061b400000, 0x000000061b600000, 0x000000061b600000|100%| E|CS|TAMS 0x000000061b400000, 0x000000061b400000| Complete 
| 213|0x000000061b600000, 0x000000061b800000, 0x000000061b800000|100%| E|CS|TAMS 0x000000061b600000, 0x000000061b600000| Complete 
| 214|0x000000061b800000, 0x000000061ba00000, 0x000000061ba00000|100%| E|CS|TAMS 0x000000061b800000, 0x000000061b800000| Complete 
| 215|0x000000061ba00000, 0x000000061bc00000, 0x000000061bc00000|100%| E|CS|TAMS 0x000000061ba00000, 0x000000061ba00000| Complete 
| 216|0x000000061bc00000, 0x000000061be00000, 0x000000061be00000|100%| E|CS|TAMS 0x000000061bc00000, 0x000000061bc00000| Complete 
| 217|0x000000061be00000, 0x000000061c000000, 0x000000061c000000|100%| E|CS|TAMS 0x000000061be00000, 0x000000061be00000| Complete 
| 218|0x000000061c000000, 0x000000061c200000, 0x000000061c200000|100%| E|CS|TAMS 0x000000061c000000, 0x000000061c000000| Complete 
| 219|0x000000061c200000, 0x000000061c400000, 0x000000061c400000|100%| E|CS|TAMS 0x000000061c200000, 0x000000061c200000| Complete 
| 220|0x000000061c400000, 0x000000061c600000, 0x000000061c600000|100%| E|CS|TAMS 0x000000061c400000, 0x000000061c400000| Complete 
| 221|0x000000061c600000, 0x000000061c800000, 0x000000061c800000|100%| E|CS|TAMS 0x000000061c600000, 0x000000061c600000| Complete 
| 222|0x000000061c800000, 0x000000061ca00000, 0x000000061ca00000|100%| E|CS|TAMS 0x000000061c800000, 0x000000061c800000| Complete 
| 223|0x000000061ca00000, 0x000000061cc00000, 0x000000061cc00000|100%| E|CS|TAMS 0x000000061ca00000, 0x000000061ca00000| Complete 
| 224|0x000000061cc00000, 0x000000061ce00000, 0x000000061ce00000|100%| E|CS|TAMS 0x000000061cc00000, 0x000000061cc00000| Complete 
| 225|0x000000061ce00000, 0x000000061d000000, 0x000000061d000000|100%| E|CS|TAMS 0x000000061ce00000, 0x000000061ce00000| Complete 
| 226|0x000000061d000000, 0x000000061d200000, 0x000000061d200000|100%| E|CS|TAMS 0x000000061d000000, 0x000000061d000000| Complete 
| 227|0x000000061d200000, 0x000000061d400000, 0x000000061d400000|100%| E|CS|TAMS 0x000000061d200000, 0x000000061d200000| Complete 
| 228|0x000000061d400000, 0x000000061d600000, 0x000000061d600000|100%| E|CS|TAMS 0x000000061d400000, 0x000000061d400000| Complete 
| 229|0x000000061d600000, 0x000000061d800000, 0x000000061d800000|100%| E|CS|TAMS 0x000000061d600000, 0x000000061d600000| Complete 
| 230|0x000000061d800000, 0x000000061da00000, 0x000000061da00000|100%| E|CS|TAMS 0x000000061d800000, 0x000000061d800000| Complete 
| 231|0x000000061da00000, 0x000000061dc00000, 0x000000061dc00000|100%| E|CS|TAMS 0x000000061da00000, 0x000000061da00000| Complete 
| 232|0x000000061dc00000, 0x000000061de00000, 0x000000061de00000|100%| E|CS|TAMS 0x000000061dc00000, 0x000000061dc00000| Complete 
| 233|0x000000061de00000, 0x000000061e000000, 0x000000061e000000|100%| E|CS|TAMS 0x000000061de00000, 0x000000061de00000| Complete 
| 234|0x000000061e000000, 0x000000061e200000, 0x000000061e200000|100%| E|CS|TAMS 0x000000061e000000, 0x000000061e000000| Complete 
| 235|0x000000061e200000, 0x000000061e400000, 0x000000061e400000|100%| E|CS|TAMS 0x000000061e200000, 0x000000061e200000| Complete 
| 236|0x000000061e400000, 0x000000061e600000, 0x000000061e600000|100%| E|CS|TAMS 0x000000061e400000, 0x000000061e400000| Complete 
| 237|0x000000061e600000, 0x000000061e800000, 0x000000061e800000|100%| E|CS|TAMS 0x000000061e600000, 0x000000061e600000| Complete 
| 238|0x000000061e800000, 0x000000061ea00000, 0x000000061ea00000|100%| E|CS|TAMS 0x000000061e800000, 0x000000061e800000| Complete 
| 239|0x000000061ea00000, 0x000000061ec00000, 0x000000061ec00000|100%| E|CS|TAMS 0x000000061ea00000, 0x000000061ea00000| Complete 
| 240|0x000000061ec00000, 0x000000061ee00000, 0x000000061ee00000|100%| E|CS|TAMS 0x000000061ec00000, 0x000000061ec00000| Complete 
| 241|0x000000061ee00000, 0x000000061f000000, 0x000000061f000000|100%| E|CS|TAMS 0x000000061ee00000, 0x000000061ee00000| Complete 
| 242|0x000000061f000000, 0x000000061f200000, 0x000000061f200000|100%| E|CS|TAMS 0x000000061f000000, 0x000000061f000000| Complete 
| 243|0x000000061f200000, 0x000000061f400000, 0x000000061f400000|100%| E|CS|TAMS 0x000000061f200000, 0x000000061f200000| Complete 
| 244|0x000000061f400000, 0x000000061f600000, 0x000000061f600000|100%| E|CS|TAMS 0x000000061f400000, 0x000000061f400000| Complete 
| 245|0x000000061f600000, 0x000000061f800000, 0x000000061f800000|100%| E|CS|TAMS 0x000000061f600000, 0x000000061f600000| Complete 
| 246|0x000000061f800000, 0x000000061fa00000, 0x000000061fa00000|100%| E|CS|TAMS 0x000000061f800000, 0x000000061f800000| Complete 
| 247|0x000000061fa00000, 0x000000061fc00000, 0x000000061fc00000|100%| E|CS|TAMS 0x000000061fa00000, 0x000000061fa00000| Complete 
| 248|0x000000061fc00000, 0x000000061fe00000, 0x000000061fe00000|100%| E|CS|TAMS 0x000000061fc00000, 0x000000061fc00000| Complete 
| 249|0x000000061fe00000, 0x0000000620000000, 0x0000000620000000|100%| E|CS|TAMS 0x000000061fe00000, 0x000000061fe00000| Complete 
| 250|0x0000000620000000, 0x0000000620200000, 0x0000000620200000|100%| E|CS|TAMS 0x0000000620000000, 0x0000000620000000| Complete 
| 251|0x0000000620200000, 0x0000000620400000, 0x0000000620400000|100%| E|CS|TAMS 0x0000000620200000, 0x0000000620200000| Complete 
| 252|0x0000000620400000, 0x0000000620600000, 0x0000000620600000|100%| E|CS|TAMS 0x0000000620400000, 0x0000000620400000| Complete 
| 253|0x0000000620600000, 0x0000000620800000, 0x0000000620800000|100%| E|CS|TAMS 0x0000000620600000, 0x0000000620600000| Complete 
| 254|0x0000000620800000, 0x0000000620a00000, 0x0000000620a00000|100%| E|CS|TAMS 0x0000000620800000, 0x0000000620800000| Complete 
| 255|0x0000000620a00000, 0x0000000620c00000, 0x0000000620c00000|100%| E|CS|TAMS 0x0000000620a00000, 0x0000000620a00000| Complete 
| 256|0x0000000620c00000, 0x0000000620e00000, 0x0000000620e00000|100%| E|CS|TAMS 0x0000000620c00000, 0x0000000620c00000| Complete 
| 257|0x0000000620e00000, 0x0000000621000000, 0x0000000621000000|100%| E|CS|TAMS 0x0000000620e00000, 0x0000000620e00000| Complete 
| 258|0x0000000621000000, 0x0000000621200000, 0x0000000621200000|100%| E|CS|TAMS 0x0000000621000000, 0x0000000621000000| Complete 
| 259|0x0000000621200000, 0x0000000621400000, 0x0000000621400000|100%| E|CS|TAMS 0x0000000621200000, 0x0000000621200000| Complete 
| 260|0x0000000621400000, 0x0000000621600000, 0x0000000621600000|100%| E|CS|TAMS 0x0000000621400000, 0x0000000621400000| Complete 
| 261|0x0000000621600000, 0x0000000621800000, 0x0000000621800000|100%| E|CS|TAMS 0x0000000621600000, 0x0000000621600000| Complete 
| 262|0x0000000621800000, 0x0000000621a00000, 0x0000000621a00000|100%| E|CS|TAMS 0x0000000621800000, 0x0000000621800000| Complete 
| 263|0x0000000621a00000, 0x0000000621c00000, 0x0000000621c00000|100%| E|CS|TAMS 0x0000000621a00000, 0x0000000621a00000| Complete 
| 264|0x0000000621c00000, 0x0000000621e00000, 0x0000000621e00000|100%| E|CS|TAMS 0x0000000621c00000, 0x0000000621c00000| Complete 
| 265|0x0000000621e00000, 0x0000000622000000, 0x0000000622000000|100%| E|CS|TAMS 0x0000000621e00000, 0x0000000621e00000| Complete 
| 266|0x0000000622000000, 0x0000000622200000, 0x0000000622200000|100%| E|CS|TAMS 0x0000000622000000, 0x0000000622000000| Complete 
| 267|0x0000000622200000, 0x0000000622400000, 0x0000000622400000|100%| E|CS|TAMS 0x0000000622200000, 0x0000000622200000| Complete 
| 268|0x0000000622400000, 0x0000000622600000, 0x0000000622600000|100%| E|CS|TAMS 0x0000000622400000, 0x0000000622400000| Complete 
| 269|0x0000000622600000, 0x0000000622800000, 0x0000000622800000|100%| E|CS|TAMS 0x0000000622600000, 0x0000000622600000| Complete 
| 270|0x0000000622800000, 0x0000000622a00000, 0x0000000622a00000|100%| E|CS|TAMS 0x0000000622800000, 0x0000000622800000| Complete 
| 271|0x0000000622a00000, 0x0000000622c00000, 0x0000000622c00000|100%| E|CS|TAMS 0x0000000622a00000, 0x0000000622a00000| Complete 
| 272|0x0000000622c00000, 0x0000000622e00000, 0x0000000622e00000|100%| E|CS|TAMS 0x0000000622c00000, 0x0000000622c00000| Complete 
| 273|0x0000000622e00000, 0x0000000623000000, 0x0000000623000000|100%| E|CS|TAMS 0x0000000622e00000, 0x0000000622e00000| Complete 
| 274|0x0000000623000000, 0x0000000623200000, 0x0000000623200000|100%| E|CS|TAMS 0x0000000623000000, 0x0000000623000000| Complete 
| 275|0x0000000623200000, 0x0000000623400000, 0x0000000623400000|100%| E|CS|TAMS 0x0000000623200000, 0x0000000623200000| Complete 
| 276|0x0000000623400000, 0x0000000623600000, 0x0000000623600000|100%| E|CS|TAMS 0x0000000623400000, 0x0000000623400000| Complete 
| 277|0x0000000623600000, 0x0000000623800000, 0x0000000623800000|100%| E|CS|TAMS 0x0000000623600000, 0x0000000623600000| Complete 
| 278|0x0000000623800000, 0x0000000623a00000, 0x0000000623a00000|100%| E|CS|TAMS 0x0000000623800000, 0x0000000623800000| Complete 
| 279|0x0000000623a00000, 0x0000000623c00000, 0x0000000623c00000|100%| E|CS|TAMS 0x0000000623a00000, 0x0000000623a00000| Complete 
| 280|0x0000000623c00000, 0x0000000623e00000, 0x0000000623e00000|100%| E|CS|TAMS 0x0000000623c00000, 0x0000000623c00000| Complete 
| 281|0x0000000623e00000, 0x0000000624000000, 0x0000000624000000|100%| E|CS|TAMS 0x0000000623e00000, 0x0000000623e00000| Complete 
| 282|0x0000000624000000, 0x0000000624200000, 0x0000000624200000|100%| E|CS|TAMS 0x0000000624000000, 0x0000000624000000| Complete 
| 283|0x0000000624200000, 0x0000000624400000, 0x0000000624400000|100%| E|CS|TAMS 0x0000000624200000, 0x0000000624200000| Complete 
| 284|0x0000000624400000, 0x0000000624600000, 0x0000000624600000|100%| E|CS|TAMS 0x0000000624400000, 0x0000000624400000| Complete 
| 285|0x0000000624600000, 0x0000000624800000, 0x0000000624800000|100%| E|CS|TAMS 0x0000000624600000, 0x0000000624600000| Complete 
| 286|0x0000000624800000, 0x0000000624a00000, 0x0000000624a00000|100%| E|CS|TAMS 0x0000000624800000, 0x0000000624800000| Complete 
| 287|0x0000000624a00000, 0x0000000624c00000, 0x0000000624c00000|100%| E|CS|TAMS 0x0000000624a00000, 0x0000000624a00000| Complete 
| 288|0x0000000624c00000, 0x0000000624e00000, 0x0000000624e00000|100%| E|CS|TAMS 0x0000000624c00000, 0x0000000624c00000| Complete 
| 289|0x0000000624e00000, 0x0000000625000000, 0x0000000625000000|100%| E|CS|TAMS 0x0000000624e00000, 0x0000000624e00000| Complete 
| 290|0x0000000625000000, 0x0000000625200000, 0x0000000625200000|100%| E|CS|TAMS 0x0000000625000000, 0x0000000625000000| Complete 
| 291|0x0000000625200000, 0x0000000625400000, 0x0000000625400000|100%| E|CS|TAMS 0x0000000625200000, 0x0000000625200000| Complete 
| 292|0x0000000625400000, 0x0000000625600000, 0x0000000625600000|100%| E|CS|TAMS 0x0000000625400000, 0x0000000625400000| Complete 
| 293|0x0000000625600000, 0x0000000625800000, 0x0000000625800000|100%| E|CS|TAMS 0x0000000625600000, 0x0000000625600000| Complete 
| 294|0x0000000625800000, 0x0000000625a00000, 0x0000000625a00000|100%| E|CS|TAMS 0x0000000625800000, 0x0000000625800000| Complete 
| 295|0x0000000625a00000, 0x0000000625c00000, 0x0000000625c00000|100%| E|CS|TAMS 0x0000000625a00000, 0x0000000625a00000| Complete 
| 296|0x0000000625c00000, 0x0000000625e00000, 0x0000000625e00000|100%| E|CS|TAMS 0x0000000625c00000, 0x0000000625c00000| Complete 
| 297|0x0000000625e00000, 0x0000000626000000, 0x0000000626000000|100%| E|CS|TAMS 0x0000000625e00000, 0x0000000625e00000| Complete 
| 298|0x0000000626000000, 0x0000000626200000, 0x0000000626200000|100%| E|CS|TAMS 0x0000000626000000, 0x0000000626000000| Complete 
| 299|0x0000000626200000, 0x0000000626400000, 0x0000000626400000|100%| E|CS|TAMS 0x0000000626200000, 0x0000000626200000| Complete 
| 300|0x0000000626400000, 0x0000000626600000, 0x0000000626600000|100%| E|CS|TAMS 0x0000000626400000, 0x0000000626400000| Complete 
| 301|0x0000000626600000, 0x0000000626800000, 0x0000000626800000|100%| E|CS|TAMS 0x0000000626600000, 0x0000000626600000| Complete 
| 302|0x0000000626800000, 0x0000000626a00000, 0x0000000626a00000|100%| E|CS|TAMS 0x0000000626800000, 0x0000000626800000| Complete 
| 303|0x0000000626a00000, 0x0000000626c00000, 0x0000000626c00000|100%| E|CS|TAMS 0x0000000626a00000, 0x0000000626a00000| Complete 
| 304|0x0000000626c00000, 0x0000000626e00000, 0x0000000626e00000|100%| E|CS|TAMS 0x0000000626c00000, 0x0000000626c00000| Complete 
| 305|0x0000000626e00000, 0x0000000627000000, 0x0000000627000000|100%| E|CS|TAMS 0x0000000626e00000, 0x0000000626e00000| Complete 
| 306|0x0000000627000000, 0x0000000627200000, 0x0000000627200000|100%| E|CS|TAMS 0x0000000627000000, 0x0000000627000000| Complete 
| 307|0x0000000627200000, 0x0000000627400000, 0x0000000627400000|100%| E|CS|TAMS 0x0000000627200000, 0x0000000627200000| Complete 

Card table byte_map: [0x00000158d0b10000,0x00000158d1b10000] _byte_map_base: 0x00000158cdb0a000

Marking Bits (Prev, Next): (CMBitMap*) 0x00000158b7e6b910, (CMBitMap*) 0x00000158b7e6b8d8
 Prev Bits: [0x00000158daae0000, 0x00000158e2ab0000)
 Next Bits: [0x00000158d2b10000, 0x00000158daae0000)

Polling page: 0x00000158b75c0000

Metaspace:

Usage:
  Non-class:     34.68 MB capacity,    34.32 MB ( 99%) used,   301.39 KB ( <1%) free+waste,    67.81 KB ( <1%) overhead. 
      Class:      4.08 MB capacity,     3.92 MB ( 96%) used,   134.59 KB (  3%) free+waste,    27.00 KB ( <1%) overhead. 
       Both:     38.76 MB capacity,    38.24 MB ( 99%) used,   435.98 KB (  1%) free+waste,    94.81 KB ( <1%) overhead. 

Virtual space:
  Non-class space:       36.00 MB reserved,      34.92 MB ( 97%) committed 
      Class space:        1.00 GB reserved,       4.13 MB ( <1%) committed 
             Both:        1.04 GB reserved,      39.05 MB (  4%) committed 

Chunk freelists:
   Non-Class:  7.00 KB
       Class:  1.75 KB
        Both:  8.75 KB

CodeHeap 'non-profiled nmethods': size=119168Kb used=6217Kb max_used=6730Kb free=112950Kb
 bounds [0x00000158c7e30000, 0x00000158c84d0000, 0x00000158cf290000]
CodeHeap 'profiled nmethods': size=119168Kb used=11700Kb max_used=13908Kb free=107467Kb
 bounds [0x00000158c09d0000, 0x00000158c1770000, 0x00000158c7e30000]
CodeHeap 'non-nmethods': size=7424Kb used=1479Kb max_used=3234Kb free=5944Kb
 bounds [0x00000158c0290000, 0x00000158c05d0000, 0x00000158c09d0000]
 total_blobs=6000 nmethods=5144 adapters=774
 compilation: enabled
              stopped_count=0, restarted_count=0
 full_count=0

Compilation events (10 events):
Event: 669.346 Thread 0x00000158e65ed800 5883       4       net.melonclient.client.utils.CustomTextRenderer::drawCharacter (265 bytes)
Event: 669.362 Thread 0x00000158e65ed800 nmethod 5883 0x00000158c7f62710 code [0x00000158c7f62a20, 0x00000158c7f65788]
Event: 669.362 Thread 0x00000158e65ed800 5884       4       net.melonclient.client.utils.CustomTextRenderer::getCharacterWidth (52 bytes)
Event: 669.363 Thread 0x00000158e65ed800 nmethod 5884 0x00000158c7e6fd90 code [0x00000158c7e6ff40, 0x00000158c7e700d8]
Event: 670.334 Thread 0x00000158e65ed800 5885       4       net.melonclient.client.utils.CustomTextRenderer::getStringHeight (293 bytes)
Event: 670.341 Thread 0x00000158e65ed800 nmethod 5885 0x00000158c7e96590 code [0x00000158c7e967c0, 0x00000158c7e97550]
Event: 670.345 Thread 0x00000158e65ed800 5886   !   4       net.melonclient.client.utils.CustomTextRenderer::drawInternal (771 bytes)
Event: 670.373 Thread 0x00000158e65ed800 nmethod 5886 0x00000158c7f5e410 code [0x00000158c7f5e740, 0x00000158c7f60b58]
Event: 672.493 Thread 0x00000158e65ed800 5887       4       net.melonclient.client.utils.CustomTextRenderer::draw (20 bytes)
Event: 672.494 Thread 0x00000158e65ed800 nmethod 5887 0x00000158c7e75490 code [0x00000158c7e75620, 0x00000158c7e756e8]

GC Heap History (10 events):
Event: 146.275 GC heap before
{Heap before GC invocations=20 (full 0):
 garbage-first heap   total 630784K, used 303798K [0x0000000600c00000, 0x0000000800000000)
  region size 2048K, 112 young (229376K), 2 survivors (4096K)
 Metaspace       used 38057K, capacity 38570K, committed 38704K, reserved 1083392K
  class space    used 3959K, capacity 4146K, committed 4224K, reserved 1048576K
}
Event: 146.278 GC heap after
{Heap after GC invocations=21 (full 0):
 garbage-first heap   total 630784K, used 78505K [0x0000000600c00000, 0x0000000800000000)
  region size 2048K, 2 young (4096K), 2 survivors (4096K)
 Metaspace       used 38057K, capacity 38570K, committed 38704K, reserved 1083392K
  class space    used 3959K, capacity 4146K, committed 4224K, reserved 1048576K
}
Event: 235.565 GC heap before
{Heap before GC invocations=21 (full 0):
 garbage-first heap   total 630784K, used 328361K [0x0000000600c00000, 0x0000000800000000)
  region size 2048K, 124 young (253952K), 2 survivors (4096K)
 Metaspace       used 38231K, capacity 38762K, committed 38960K, reserved 1083392K
  class space    used 3968K, capacity 4146K, committed 4224K, reserved 1048576K
}
Event: 235.568 GC heap after
{Heap after GC invocations=22 (full 0):
 garbage-first heap   total 630784K, used 78484K [0x0000000600c00000, 0x0000000800000000)
  region size 2048K, 2 young (4096K), 2 survivors (4096K)
 Metaspace       used 38231K, capacity 38762K, committed 38960K, reserved 1083392K
  class space    used 3968K, capacity 4146K, committed 4224K, reserved 1048576K
}
Event: 325.216 GC heap before
{Heap before GC invocations=22 (full 0):
 garbage-first heap   total 630784K, used 352916K [0x0000000600c00000, 0x0000000800000000)
  region size 2048K, 136 young (278528K), 2 survivors (4096K)
 Metaspace       used 38313K, capacity 38826K, committed 38960K, reserved 1083392K
  class space    used 3972K, capacity 4146K, committed 4224K, reserved 1048576K
}
Event: 325.218 GC heap after
{Heap after GC invocations=23 (full 0):
 garbage-first heap   total 630784K, used 78541K [0x0000000600c00000, 0x0000000800000000)
  region size 2048K, 2 young (4096K), 2 survivors (4096K)
 Metaspace       used 38313K, capacity 38826K, committed 38960K, reserved 1083392K
  class space    used 3972K, capacity 4146K, committed 4224K, reserved 1048576K
}
Event: 452.107 GC heap before
{Heap before GC invocations=23 (full 0):
 garbage-first heap   total 630784K, used 375501K [0x0000000600c00000, 0x0000000800000000)
  region size 2048K, 147 young (301056K), 2 survivors (4096K)
 Metaspace       used 38683K, capacity 39242K, committed 39472K, reserved 1085440K
  class space    used 3991K, capacity 4178K, committed 4224K, reserved 1048576K
}
Event: 452.109 GC heap after
{Heap after GC invocations=24 (full 0):
 garbage-first heap   total 630784K, used 79322K [0x0000000600c00000, 0x0000000800000000)
  region size 2048K, 2 young (4096K), 2 survivors (4096K)
 Metaspace       used 38683K, capacity 39242K, committed 39472K, reserved 1085440K
  class space    used 3991K, capacity 4178K, committed 4224K, reserved 1048576K
}
Event: 568.965 GC heap before
{Heap before GC invocations=24 (full 0):
 garbage-first heap   total 630784K, used 402906K [0x0000000600c00000, 0x0000000800000000)
  region size 2048K, 160 young (327680K), 2 survivors (4096K)
 Metaspace       used 39081K, capacity 39626K, committed 39728K, reserved 1085440K
  class space    used 4012K, capacity 4178K, committed 4224K, reserved 1048576K
}
Event: 568.967 GC heap after
{Heap after GC invocations=25 (full 0):
 garbage-first heap   total 630784K, used 79501K [0x0000000600c00000, 0x0000000800000000)
  region size 2048K, 2 young (4096K), 2 survivors (4096K)
 Metaspace       used 39081K, capacity 39626K, committed 39728K, reserved 1085440K
  class space    used 4012K, capacity 4178K, committed 4224K, reserved 1048576K
}

Deoptimization events (10 events):
Event: 340.526 Thread 0x00000158b7dec000 Uncommon trap: reason=unstable_if action=reinterpret pc=0x00000158c838c7f0 method=net.minecraft.util.MathHelper.ceiling_double_int(D)I @ 7 c2
Event: 340.531 Thread 0x00000158b7dec000 Uncommon trap: reason=unstable_if action=reinterpret pc=0x00000158c83b9eb8 method=net.minecraft.util.MathHelper.ceiling_double_int(D)I @ 7 c2
Event: 341.069 Thread 0x00000158b7dec000 Uncommon trap: reason=uninitialized action=reinterpret pc=0x00000158c8422a98 method=net.minecraft.client.gui.GuiScreen.handleInput()V @ 31 c2
Event: 341.072 Thread 0x00000158b7dec000 Uncommon trap: reason=unstable_if action=reinterpret pc=0x00000158c83aa24c method=net.melonclient.client.api.menu.framework.Window.renderWindow()V @ 4 c2
Event: 341.286 Thread 0x00000158b7dec000 Uncommon trap: reason=unstable_if action=reinterpret pc=0x00000158c8437dbc method=net.minecraft.client.gui.GuiButtonLanguage.drawButton(Lnet/minecraft/client/Minecraft;II)V @ 50 c2
Event: 342.098 Thread 0x00000158b7dec000 Uncommon trap: reason=unstable_if action=reinterpret pc=0x00000158c83eb648 method=org.lwjgl.opengl.WindowsKeyboard.flushRetained()V @ 4 c2
Event: 342.633 Thread 0x00000158b7dec000 Uncommon trap: reason=unstable_if action=reinterpret pc=0x00000158c839f578 method=org.lwjgl.opengl.WindowsKeyboard.flushRetained()V @ 4 c2
Event: 349.081 Thread 0x00000158b7dec000 Uncommon trap: reason=unstable_if action=reinterpret pc=0x00000158c843d100 method=org.lwjgl.input.Mouse.next()Z @ 46 c2
Event: 408.819 Thread 0x00000158b7dec000 Uncommon trap: reason=unstable_if action=reinterpret pc=0x00000158c7eaac30 method=melon.impl.menu.Menu.render()V @ 13 c2
Event: 408.826 Thread 0x00000158b7dec000 Uncommon trap: reason=unstable_if action=reinterpret pc=0x00000158c7eab650 method=melon.impl.menu.Menu.render()V @ 13 c2

Classes redefined (10 events):
Event: 517.929 Thread 0x00000158e656d000 redefined class name=net.melonclient.client.utils.CustomTextRenderer, count=13
Event: 517.949 Thread 0x00000158e656d000 redefined class name=net.melonclient.client.utils.CharacterInfoMapper, count=13
Event: 668.633 Thread 0x00000158e656d000 redefined class name=net.melonclient.client.utils.CharacterDataGenerator, count=14
Event: 668.654 Thread 0x00000158e656d000 redefined class name=net.melonclient.client.utils.CharacterDataMerger, count=14
Event: 668.676 Thread 0x00000158e656d000 redefined class name=net.melonclient.client.utils.CharacterDataMerger$Companion, count=14
Event: 668.697 Thread 0x00000158e656d000 redefined class name=net.melonclient.client.utils.FontData, count=14
Event: 668.718 Thread 0x00000158e656d000 redefined class name=net.melonclient.client.utils.CustomFontManager, count=14
Event: 668.739 Thread 0x00000158e656d000 redefined class name=net.melonclient.client.utils.TextRenderer, count=14
Event: 668.760 Thread 0x00000158e656d000 redefined class name=net.melonclient.client.utils.CustomTextRenderer, count=14
Event: 668.780 Thread 0x00000158e656d000 redefined class name=net.melonclient.client.utils.CharacterInfoMapper, count=14

Internal exceptions (10 events):
Event: 3.087 Thread 0x00000158f1e9b000 Exception <a 'java/lang/InterruptedException'{0x000000061d700b50}: sleep interrupted> (0x000000061d700b50) thrown at [./open/src/hotspot/share/prims/jvm.cpp, line 3124]
Event: 4.136 Thread 0x00000158b7dec000 Implicit null exception at 0x00000158c8111b7d to 0x00000158c8117be8
Event: 4.572 Thread 0x00000158b7dec000 Implicit null exception at 0x00000158c81dada8 to 0x00000158c81daf6c
Event: 4.792 Thread 0x00000158fbaf8000 Exception <a 'java/lang/NoSuchMethodError'{0x000000061ff8bca8}: java.lang.invoke.DirectMethodHandle$Holder.invokeSpecial(Ljava/lang/Object;Ljava/lang/Object;)V> (0x000000061ff8bca8) thrown at [./open/src/hotspot/share/interpreter/linkResolver.cpp, line 77
Event: 4.794 Thread 0x00000158b7dec000 Exception <a 'java/lang/NoSuchMethodError'{0x000000061fed69c8}: java.lang.invoke.DirectMethodHandle$Holder.invokeStatic(Ljava/lang/Object;Ljava/lang/Object;Ljava/lang/Object;Ljava/lang/Object;Ljava/lang/Object;Ljava/lang/Object;Ljava/lang/Object;Ljava/lan
Event: 4.795 Thread 0x00000158b7dec000 Exception <a 'java/lang/NoSuchMethodError'{0x000000061fef2878}: java.lang.invoke.DirectMethodHandle$Holder.invokeStatic(Ljava/lang/Object;Ljava/lang/Object;Ljava/lang/Object;Ljava/lang/Object;Ljava/lang/Object;Ljava/lang/Object;Ljava/lang/Object;Ljava/lan
Event: 4.918 Thread 0x00000158b7dec000 Implicit null exception at 0x00000158c81a16b2 to 0x00000158c81a2290
Event: 5.029 Thread 0x00000158b7dec000 Exception <a 'java/lang/NoSuchMethodError'{0x00000006268db8e8}: java.lang.invoke.DirectMethodHandle$Holder.invokeVirtual(Ljava/lang/Object;Ljava/lang/Object;)V> (0x00000006268db8e8) thrown at [./open/src/hotspot/share/interpreter/linkResolver.cpp, line 77
Event: 5.629 Thread 0x00000158b7dec000 Exception <a 'java/lang/NoSuchMethodError'{0x0000000626c46ad0}: java.lang.invoke.DirectMethodHandle$Holder.invokeInterface(Ljava/lang/Object;Ljava/lang/Object;Ljava/lang/Object;)Ljava/lang/Object;> (0x0000000626c46ad0) thrown at [./open/src/hotspot/share/
Event: 8.050 Thread 0x00000158e678e800 Exception <a 'java/net/ConnectException'{0x0000000625373550}: Connection refused: connect> (0x0000000625373550) thrown at [./open/src/hotspot/share/prims/jni.cpp, line 632]

Events (10 events):
Event: 681.565 Executing VM operation: ThreadsSuspendJVMTI done
Event: 681.566 Executing VM operation: GetFrameCount
Event: 681.566 Executing VM operation: GetFrameCount done
Event: 681.566 Executing VM operation: GetFrameCount
Event: 681.566 Executing VM operation: GetFrameCount done
Event: 681.566 Executing VM operation: GetStackTrace
Event: 681.566 Executing VM operation: GetStackTrace done
Event: 681.588 Executing VM operation: GetFrameLocation
Event: 681.588 Executing VM operation: GetFrameLocation done
Event: 681.588 Executing VM operation: GetOrSetLocal


Dynamic libraries:
0x00007ff753af0000 - 0x00007ff753aff000 	C:\Program Files\Java\jdk-11.0.11\bin\java.exe
0x00007ffd79670000 - 0x00007ffd79865000 	C:\Windows\SYSTEM32\ntdll.dll
0x00007ffd77ea0000 - 0x00007ffd77f5d000 	C:\Windows\System32\KERNEL32.DLL
0x00007ffd77300000 - 0x00007ffd775c9000 	C:\Windows\System32\KERNELBASE.dll
0x00007ffd76f20000 - 0x00007ffd77020000 	C:\Windows\System32\ucrtbase.dll
0x00007ffd728d0000 - 0x00007ffd728e5000 	C:\Program Files\Java\jdk-11.0.11\bin\VCRUNTIME140.dll
0x00007ffd721a0000 - 0x00007ffd721b8000 	C:\Program Files\Java\jdk-11.0.11\bin\jli.dll
0x00007ffd78ee0000 - 0x00007ffd78f8c000 	C:\Windows\System32\ADVAPI32.dll
0x00007ffd78f90000 - 0x00007ffd7902e000 	C:\Windows\System32\msvcrt.dll
0x00007ffd78030000 - 0x00007ffd780cb000 	C:\Windows\System32\sechost.dll
0x00007ffd78570000 - 0x00007ffd7869a000 	C:\Windows\System32\RPCRT4.dll
0x00007ffd79360000 - 0x00007ffd79500000 	C:\Windows\System32\USER32.dll
0x00007ffd525a0000 - 0x00007ffd5283a000 	C:\Windows\WinSxS\amd64_microsoft.windows.common-controls_6595b64144ccf1df_6.0.19041.1110_none_60b5254171f9507e\COMCTL32.dll
0x00007ffd76de0000 - 0x00007ffd76e02000 	C:\Windows\System32\win32u.dll
0x00007ffd78540000 - 0x00007ffd7856a000 	C:\Windows\System32\GDI32.dll
0x00007ffd775d0000 - 0x00007ffd776db000 	C:\Windows\System32\gdi32full.dll
0x00007ffd77180000 - 0x00007ffd7721d000 	C:\Windows\System32\msvcp_win.dll
0x00007ffd6e510000 - 0x00007ffd6e51a000 	C:\Windows\SYSTEM32\VERSION.dll
0x00007ffd784f0000 - 0x00007ffd78520000 	C:\Windows\System32\IMM32.DLL
0x00007ffd54d50000 - 0x00007ffd54deb000 	C:\Program Files\Java\jdk-11.0.11\bin\msvcp140.dll
0x00007ffced620000 - 0x00007ffcee11e000 	C:\Program Files\Java\jdk-11.0.11\bin\server\jvm.dll
0x00007ffd78db0000 - 0x00007ffd78db8000 	C:\Windows\System32\PSAPI.DLL
0x00007ffd664c0000 - 0x00007ffd664c9000 	C:\Windows\SYSTEM32\WSOCK32.dll
0x00007ffd6c640000 - 0x00007ffd6c667000 	C:\Windows\SYSTEM32\WINMM.dll
0x00007ffd78c60000 - 0x00007ffd78ccb000 	C:\Windows\System32\WS2_32.dll
0x00007ffd74d00000 - 0x00007ffd74d12000 	C:\Windows\SYSTEM32\kernel.appcore.dll
0x00007ffd728b0000 - 0x00007ffd728c0000 	C:\Program Files\Java\jdk-11.0.11\bin\verify.dll
0x00007ffd6f960000 - 0x00007ffd6fb44000 	C:\Windows\SYSTEM32\DBGHELP.DLL
0x00007ffd5ccc0000 - 0x00007ffd5ccec000 	C:\Windows\SYSTEM32\dbgcore.DLL
0x00007ffd77220000 - 0x00007ffd772a3000 	C:\Windows\System32\bcryptPrimitives.dll
0x00007ffd71c00000 - 0x00007ffd71c28000 	C:\Program Files\Java\jdk-11.0.11\bin\java.dll
0x00007ffd71fc0000 - 0x00007ffd71fca000 	C:\Program Files\Java\jdk-11.0.11\bin\jimage.dll
0x00007ffd60400000 - 0x00007ffd60438000 	C:\Program Files\Java\jdk-11.0.11\bin\jdwp.dll
0x00007ffd74550000 - 0x00007ffd7455e000 	C:\Program Files\Java\jdk-11.0.11\bin\instrument.dll
0x00007ffd673d0000 - 0x00007ffd673e6000 	C:\Program Files\Java\jdk-11.0.11\bin\zip.dll
0x00007ffd776e0000 - 0x00007ffd77e1f000 	C:\Windows\System32\SHELL32.dll
0x00007ffd74f00000 - 0x00007ffd75691000 	C:\Windows\SYSTEM32\windows.storage.dll
0x00007ffd78130000 - 0x00007ffd78485000 	C:\Windows\System32\combase.dll
0x00007ffd76820000 - 0x00007ffd7684c000 	C:\Windows\SYSTEM32\Wldp.dll
0x00007ffd78ba0000 - 0x00007ffd78c4e000 	C:\Windows\System32\SHCORE.dll
0x00007ffd79300000 - 0x00007ffd79355000 	C:\Windows\System32\shlwapi.dll
0x00007ffd76cf0000 - 0x00007ffd76d0f000 	C:\Windows\SYSTEM32\profapi.dll
0x00007ffd729a0000 - 0x00007ffd729aa000 	C:\Program Files\Java\jdk-11.0.11\bin\dt_socket.dll
0x00007ffd76530000 - 0x00007ffd7659a000 	C:\Windows\system32\mswsock.dll
0x00007ffd67130000 - 0x00007ffd67149000 	C:\Program Files\Java\jdk-11.0.11\bin\net.dll
0x00007ffd70a10000 - 0x00007ffd70b1a000 	C:\Windows\SYSTEM32\WINHTTP.dll
0x00007ffd5a160000 - 0x00007ffd5a172000 	C:\Program Files\Java\jdk-11.0.11\bin\nio.dll
0x00007ffd71fb0000 - 0x00007ffd71fb9000 	C:\Program Files\Java\jdk-11.0.11\bin\management.dll
0x00007ffd71cf0000 - 0x00007ffd71cfb000 	C:\Program Files\Java\jdk-11.0.11\bin\management_ext.dll
0x00007ffd55a30000 - 0x00007ffd55a47000 	C:\Windows\system32\napinsp.dll
0x00007ffd55a10000 - 0x00007ffd55a2b000 	C:\Windows\system32\pnrpnsp.dll
0x00007ffd559f0000 - 0x00007ffd55a05000 	C:\Windows\system32\wshbth.dll
0x00007ffd72740000 - 0x00007ffd7275d000 	C:\Windows\system32\NLAapi.dll
0x00007ffd761f0000 - 0x00007ffd7622b000 	C:\Windows\SYSTEM32\IPHLPAPI.DLL
0x00007ffd76240000 - 0x00007ffd7630c000 	C:\Windows\SYSTEM32\DNSAPI.dll
0x00007ffd78dc0000 - 0x00007ffd78dc8000 	C:\Windows\System32\NSI.dll
0x00007ffd559d0000 - 0x00007ffd559e2000 	C:\Windows\System32\winrnr.dll
0x00000000521f0000 - 0x0000000052216000 	C:\Program Files\Bonjour\mdnsNSP.dll
0x00007ffd67ef0000 - 0x00007ffd67efa000 	C:\Windows\System32\rasadhlp.dll
0x00007ffd67850000 - 0x00007ffd678cf000 	C:\Windows\System32\fwpuclnt.dll
0x00007ffd76db0000 - 0x00007ffd76dd7000 	C:\Windows\System32\bcrypt.dll
0x0000000180000000 - 0x0000000180053000 	C:\Users\big daddy aj\Desktop\Melon (anthonyj edition)\.minecraft\versions\1.8.8\1.8.8-natives\lwjgl64.dll
0x00007ffd3cc10000 - 0x00007ffd3cd35000 	C:\Windows\SYSTEM32\OPENGL32.dll
0x00007ffd3cbe0000 - 0x00007ffd3cc0c000 	C:\Windows\SYSTEM32\GLU32.dll
0x00007ffd76760000 - 0x00007ffd76778000 	C:\Windows\SYSTEM32\CRYPTSP.dll
0x00007ffd75e40000 - 0x00007ffd75e74000 	C:\Windows\system32\rsaenh.dll
0x00007ffd76c70000 - 0x00007ffd76c9e000 	C:\Windows\SYSTEM32\USERENV.dll
0x00007ffd76780000 - 0x00007ffd7678c000 	C:\Windows\SYSTEM32\CRYPTBASE.dll
0x00007ffd6ed70000 - 0x00007ffd6ed87000 	C:\Windows\SYSTEM32\dhcpcsvc6.DLL
0x00007ffd6ed50000 - 0x00007ffd6ed6d000 	C:\Windows\SYSTEM32\dhcpcsvc.DLL
0x00007ffd216a0000 - 0x00007ffd2183a000 	C:\Program Files\Java\jdk-11.0.11\bin\awt.dll
0x00007ffd77f60000 - 0x00007ffd7802d000 	C:\Windows\System32\OLEAUT32.dll
0x00007ffd74680000 - 0x00007ffd74710000 	C:\Windows\SYSTEM32\apphelp.dll
0x00007ffd6e9f0000 - 0x00007ffd6ea9e000 	C:\Windows\SYSTEM32\mscms.dll
0x00007ffd6e9d0000 - 0x00007ffd6e9e1000 	C:\Windows\SYSTEM32\ColorAdapterClient.dll
0x00007ffd74840000 - 0x00007ffd748de000 	C:\Windows\system32\uxtheme.dll
0x00007ffd791e0000 - 0x00007ffd792f5000 	C:\Windows\System32\MSCTF.dll
0x00007ffd69fc0000 - 0x00007ffd6a0b9000 	C:\Windows\SYSTEM32\textinputframework.dll
0x00007ffd74350000 - 0x00007ffd74442000 	C:\Windows\System32\CoreMessaging.dll
0x00007ffd73ff0000 - 0x00007ffd7434e000 	C:\Windows\System32\CoreUIComponents.dll
0x00007ffd75ae0000 - 0x00007ffd75b13000 	C:\Windows\SYSTEM32\ntmarta.dll
0x00007ffd73360000 - 0x00007ffd734b4000 	C:\Windows\SYSTEM32\wintypes.dll
0x00007ffd79500000 - 0x00007ffd7962a000 	C:\Windows\System32\ole32.dll
0x00007ffd78e30000 - 0x00007ffd78ed9000 	C:\Windows\System32\clbcatq.dll
0x00007ffd3c380000 - 0x00007ffd3c3aa000 	C:\Windows\System32\DriverStore\FileRepository\u0365275.inf_amd64_136741f59e43f995\B364966\atig6pxx.dll
0x00007ffd39590000 - 0x00007ffd3c379000 	C:\Windows\System32\DriverStore\FileRepository\u0365275.inf_amd64_136741f59e43f995\B364966\atio6axx.dll
0x00007ffd786a0000 - 0x00007ffd78b09000 	C:\Windows\System32\SETUPAPI.dll
0x00007ffd772b0000 - 0x00007ffd772fe000 	C:\Windows\System32\cfgmgr32.dll
0x00007ffd48b00000 - 0x00007ffd48b24000 	C:\Windows\SYSTEM32\dxva2.dll
0x00007ffd74a10000 - 0x00007ffd74a3f000 	C:\Windows\SYSTEM32\dwmapi.dll
0x00007ffd39550000 - 0x00007ffd3958c000 	C:\Windows\System32\DriverStore\FileRepository\u0365275.inf_amd64_136741f59e43f995\B364966\atig6txx.dll
0x00007ffd3ca20000 - 0x00007ffd3cbd8000 	C:\Windows\SYSTEM32\atiadlxx.dll
0x00007ffd4ce90000 - 0x00007ffd4cee4000 	C:\Windows\SYSTEM32\pdh.dll
0x00007ffd729d0000 - 0x00007ffd72ac6000 	C:\Windows\SYSTEM32\PROPSYS.dll
0x00007ffd76b60000 - 0x00007ffd76b8c000 	C:\Windows\SYSTEM32\DEVOBJ.dll
0x00007ffd76ec0000 - 0x00007ffd76f20000 	C:\Windows\System32\WINTRUST.dll
0x00007ffd77020000 - 0x00007ffd7717f000 	C:\Windows\System32\CRYPT32.dll
0x00007ffd769a0000 - 0x00007ffd769b2000 	C:\Windows\SYSTEM32\MSASN1.dll
0x00007ffd72360000 - 0x00007ffd7239b000 	C:\Windows\SYSTEM32\dxcore.dll
0x00007ffd60470000 - 0x00007ffd604b3000 	C:\Windows\SYSTEM32\icm32.dll
0x00000158eb830000 - 0x00000158eb868000 	C:\Users\big daddy aj\AppData\Local\Temp\jna\jna12319553249526860956.dll
0x0000000070a40000 - 0x0000000070adc000 	C:\Users\big daddy aj\Desktop\Melon (anthonyj edition)\.minecraft\versions\1.8.8\1.8.8-natives\avutil-ttv-51.dll
0x0000000065980000 - 0x00000000659d6000 	C:\Users\big daddy aj\Desktop\Melon (anthonyj edition)\.minecraft\versions\1.8.8\1.8.8-natives\swresample-ttv-0.dll
0x000000006eb80000 - 0x000000006ec50000 	C:\Users\big daddy aj\Desktop\Melon (anthonyj edition)\.minecraft\versions\1.8.8\1.8.8-natives\libmp3lame-ttv.dll
0x00007ffcea240000 - 0x00007ffceb5e4000 	C:\Users\big daddy aj\Desktop\Melon (anthonyj edition)\.minecraft\versions\1.8.8\1.8.8-natives\libmfxsw64.dll
0x00007ffd21530000 - 0x00007ffd2169d000 	C:\Users\big daddy aj\Desktop\Melon (anthonyj edition)\.minecraft\versions\1.8.8\1.8.8-natives\twitchsdk.dll
0x00007ffd62a90000 - 0x00007ffd62f6d000 	C:\Windows\SYSTEM32\WININET.dll
0x00000158ebcf0000 - 0x00000158ebd54000 	C:\Users\big daddy aj\Desktop\Melon (anthonyj edition)\.minecraft\versions\1.8.8\1.8.8-natives\OpenAL64.dll
0x00007ffd51620000 - 0x00007ffd516bc000 	C:\Windows\SYSTEM32\dsound.dll
0x00007ffd765a0000 - 0x00007ffd765eb000 	C:\Windows\SYSTEM32\powrprof.dll
0x00007ffd63410000 - 0x00007ffd63436000 	C:\Windows\SYSTEM32\winmmbase.dll
0x00007ffd76510000 - 0x00007ffd76522000 	C:\Windows\SYSTEM32\UMPDC.dll
0x00007ffd6c320000 - 0x00007ffd6c3a5000 	C:\Windows\System32\MMDevApi.dll
0x00007ffd5e4b0000 - 0x00007ffd5e631000 	C:\Windows\SYSTEM32\AUDIOSES.DLL
0x00007ffd74920000 - 0x00007ffd74934000 	C:\Windows\SYSTEM32\resourcepolicyclient.dll
0x00007ffd375d0000 - 0x00007ffd37655000 	C:\Program Files\Java\jdk-11.0.11\bin\freetype.dll
0x00007ffd21430000 - 0x00007ffd21522000 	C:\Program Files\Java\jdk-11.0.11\bin\harfbuzz.dll
0x00007ffd721f0000 - 0x00007ffd72202000 	C:\Program Files\Java\jdk-11.0.11\bin\fontmanager.dll
0x00007ffd3cd40000 - 0x00007ffd3cf0e000 	C:\Windows\system32\d3d9.dll
0x00007ffd6c670000 - 0x00007ffd6c84b000 	C:\Windows\System32\DriverStore\FileRepository\u0365275.inf_amd64_136741f59e43f995\B364966\aticfx64.dll
0x00007ffd2ac70000 - 0x00007ffd2cad9000 	C:\Windows\System32\DriverStore\FileRepository\u0365275.inf_amd64_136741f59e43f995\B364966\amdxn64.dll
0x00007ffd756e0000 - 0x00007ffd757d4000 	C:\Windows\SYSTEM32\dxgi.dll
0x00007ffd69dd0000 - 0x00007ffd69e00000 	C:\Windows\SYSTEM32\amdihk64.dll

dbghelp: loaded successfully - version: 4.0.5 - missing functions: none
symbol engine: initialized successfully - sym options: 0x614 - pdb path: .;C:\Program Files\Java\jdk-11.0.11\bin;C:\Windows\SYSTEM32;C:\Windows\WinSxS\amd64_microsoft.windows.common-controls_6595b64144ccf1df_6.0.19041.1110_none_60b5254171f9507e;C:\Program Files\Java\jdk-11.0.11\bin\server;C:\Program Files\Bonjour;C:\Users\big daddy aj\Desktop\Melon (anthonyj edition)\.minecraft\versions\1.8.8\1.8.8-natives;C:\Windows\System32\DriverStore\FileRepository\u0365275.inf_amd64_136741f59e43f995\B364966;C:\Users\big daddy aj\AppData\Local\Temp\jna

VM Arguments:
jvm_args: -agentlib:jdwp=transport=dt_socket,address=127.0.0.1:61625,suspend=y,server=n -Djava.library.path=versions/1.8.8/1.8.8-natives -javaagent:C:\Users\BIGDAD~1\AppData\Local\Temp\groovyHotSwap11813jars\gragent.jar -javaagent:C:\Users\BIGDAD~1\AppData\Local\Temp\captureAgent10245jars\debugger-agent.jar -Dfile.encoding=UTF-8 
java_command: Start
java_class_path (initial): C:\Users\big daddy aj\Desktop\Melon (anthonyj edition)\out\production\classes;C:\Users\big daddy aj\Desktop\Melon (anthonyj edition)\out\production\resources;C:\Users\big daddy aj\.gradle\caches\modules-2\files-2.1\oshi-project\oshi-core\1.1\9ddf7b048a8d701be231c0f4f95fd986198fd2d8\oshi-core-1.1.jar;C:\Users\big daddy aj\.gradle\caches\modules-2\files-2.1\net.java.dev.jna\jna\3.4.0\803ff252fedbd395baffd43b37341dc4a150a554\jna-3.4.0.jar;C:\Users\big daddy aj\.gradle\caches\modules-2\files-2.1\net.java.dev.jna\platform\3.4.0\e3f70017be8100d3d6923f50b3d2ee17714e9c13\platform-3.4.0.jar;C:\Users\big daddy aj\.gradle\caches\modules-2\files-2.1\com.ibm.icu\icu4j\62.1\7a4d00d5ec5febd252a6182e8b6e87a0a9821f81\icu4j-62.1.jar;C:\Users\big daddy aj\.gradle\caches\modules-2\files-2.1\net.sf.jopt-simple\jopt-simple\4.9\ee9e9eaa0a35360dcfeac129ff4923215fd65904\jopt-simple-4.9.jar;C:\Users\big daddy aj\.gradle\caches\modules-2\files-2.1\com.paulscode\codecjorbis\20101023\c73b5636faf089d9f00e8732a829577de25237ee\codecjorbis-20101023.jar;C:\Users\big daddy aj\.gradle\caches\modules-2\files-2.1\com.paulscode\codecwav\20101023\12f031cfe88fef5c1dd36c563c0a3a69bd7261da\codecwav-20101023.jar;C:\Users\big daddy aj\.gradle\caches\modules-2\files-2.1\com.paulscode\libraryjavasound\20101123\5c5e304366f75f9eaa2e8cca546a1fb6109348b3\libraryjavasound-20101123.jar;C:\Users\big daddy aj\.gradle\caches\modules-2\files-2.1\com.paulscode\librarylwjglopenal\20100824\73e80d0794c39665aec3f62eee88ca91676674ef\librarylwjglopenal-20100824.jar;C:\Users\big daddy aj\.gradle\caches\modules-2\files-2.1\com.paulscode\soundsystem\20120107\419c05fe9be71f792b2d76cfc9b67f1ed0fec7f6\soundsystem-20120107.jar;C:\Users\big daddy aj\.gradle\caches\modules-2\files-2.1\io.netty\netty-all\4.0.23.Final\294104aaf1781d6a56a07d561e792c5d0c95f45\netty-all-4.0.23.Final.jar;C:\Users\big daddy aj\.gradle\caches\modules-2\files-2.1\com.mojang\authlib\1.5.21\aefba0d5b53fbcb70860bc8046ab95d5854c07a5\authl
Launcher Type: SUN_STANDARD

[Global flags]
     intx CICompilerCount                          = 12                                        {product} {ergonomic}
     uint ConcGCThreads                            = 3                                         {product} {ergonomic}
     uint G1ConcRefinementThreads                  = 13                                        {product} {ergonomic}
   size_t G1HeapRegionSize                         = 2097152                                   {product} {ergonomic}
    uintx GCDrainStackTargetSize                   = 64                                        {product} {ergonomic}
   size_t InitialHeapSize                          = 536870912                                 {product} {ergonomic}
   size_t MarkStackSize                            = 4194304                                   {product} {ergonomic}
   size_t MaxHeapSize                              = 8577351680                                {product} {ergonomic}
   size_t MaxNewSize                               = 5146411008                                {product} {ergonomic}
   size_t MinHeapDeltaBytes                        = 2097152                                   {product} {ergonomic}
    uintx NonNMethodCodeHeapSize                   = 7594288                                {pd product} {ergonomic}
    uintx NonProfiledCodeHeapSize                  = 122031976                              {pd product} {ergonomic}
    uintx ProfiledCodeHeapSize                     = 122031976                              {pd product} {ergonomic}
    uintx ReservedCodeCacheSize                    = 251658240                              {pd product} {ergonomic}
     bool SegmentedCodeCache                       = true                                      {product} {ergonomic}
     bool UseCompressedClassPointers               = true                                 {lp64_product} {ergonomic}
     bool UseCompressedOops                        = true                                 {lp64_product} {ergonomic}
     bool UseG1GC                                  = true                                      {product} {ergonomic}
     bool UseLargePagesIndividualAllocation        = false                                  {pd product} {ergonomic}

Logging:
Log output configuration:
 #0: stdout all=warning uptime,level,tags
 #1: stderr all=off uptime,level,tags

Environment Variables:
PATH=C:\Program Files (x86)\NVIDIA Corporation\PhysX\Common;C:\Program Files\Common Files\Oracle\Java\javapath;C:\Program Files (x86)\Common Files\Intel\Shared Libraries\redist\intel64\compiler;C:\Program Files (x86)\Razer Chroma SDK\bin;C:\Program Files\Razer Chroma SDK\bin;C:\Program Files (x86)\Razer\ChromaBroadcast\bin;C:\Program Files\Razer\ChromaBroadcast\bin;C:\Python39\Scripts\;C:\Python39\;C:\Program Files (x86)\Common Files\Oracle\Java\javapath;C:\Windows\system32;C:\Windows;C:\Windows\System32\Wbem;C:\Windows\System32\WindowsPowerShell\v1.0\;C:\Windows\System32\OpenSSH\;C:\Program Files\dotnet\;C:\Program Files (x86)\Gpg4win\..\GnuPG\bin;C:\Program Files\nodejs\;C:\ProgramData\chocolatey\bin;C:\Program Files (x86)\Windows Kits\10\Windows Performance Toolkit\;C:\Program Files\Git\cmd;C:\Program Files\luarocks;C:\Program Files\PuTTY\;C:\Windows\system32\config\systemprofile\AppData\Local\Microsoft\WindowsApps;C:\Go\bin;C:\Program Files (x86)\Brackets\command;C:\Users\big daddy aj\AppData\Local\Microsoft\WindowsApps;C:\Users\big daddy aj\.dotnet\tools;C:\Users\big daddy aj\AppData\Roaming\npm;C:\Program Files\JetBrains\IntelliJ IDEA Community Edition 2020.2.4\bin;C:\Users\big daddy aj\AppData\Local\Programs\Microsoft VS Code\bin;C:\Users\big daddy aj\go\bin;C:\Users\big daddy aj\AppData\Local\GitHubDesktop\bin;C:\Users\big daddy aj\AppData\Local\Microsoft\WindowsApps;C:\Users\big daddy aj\.dotnet\tools;C:\Users\big daddy aj\AppData\Roaming\npm;C:\Program Files\JetBrains\IntelliJ IDEA Community Edition 2020.2.4\bin;;C:\Users\big daddy aj\AppData\Local\Programs\Microsoft VS Code\bin;C:\Users\big daddy aj\go\bin;C:\Users\big daddy aj\AppData\Local\GitHubDesktop\bin;C:\Users\big daddy aj\spicetify-cli
USERNAME=big daddy aj
OS=Windows_NT
PROCESSOR_IDENTIFIER=AMD64 Family 23 Model 113 Stepping 0, AuthenticAMD



---------------  S Y S T E M  ---------------

OS: Windows 10 , 64 bit Build 19041 (10.0.19041.1023)

CPU:total 16 (initial active 16) (16 cores per cpu, 2 threads per core) family 23 model 113 stepping 0 microcode 0x0, cmov, cx8, fxsr, mmx, sse, sse2, sse3, ssse3, sse4.1, sse4.2, popcnt, avx, avx2, aes, clmul, mmxext, 3dnowpref, lzcnt, sse4a, ht, tsc, tscinvbit, tscinv, bmi1, bmi2, adx,

Memory: 4k page, system-wide physical 32718M (9480M free)
TotalPageFile size 41019M (AvailPageFile size 5887M)
current process WorkingSet (physical memory assigned to process): 945M, peak: 966M
current process commit charge ("private bytes"): 1101M, peak: 2196M

vm_info: Java HotSpot(TM) 64-Bit Server VM (11.0.11+9-LTS-194) for windows-amd64 JRE (11.0.11+9-LTS-194), built on Mar 18 2021 18:46:53 by "mach5one" with MS VC++ 15.9 (VS2017)

END.
